Microchip MPLAB XC8 Compiler V1.34 ()

Linker command line:

-W-3 --edf=C:\Program Files (x86)\Microchip\xc8\v1.34\dat\en_msgs.txt -cs \
  -h+dist/default/debug\fast-buggy17.debug.sym \
  --cmf=dist/default/debug\fast-buggy17.debug.cmf -z -Q18F8722 \
  -oC:\Users\Jack\AppData\Local\Temp\s9t0.6 \
  -Mdist/default/debug/fast-buggy17.debug.map -E1 -ver=XC8 \
  -ASTACK=012Ch-0eeeh -pstack=STACK -ACODE=00h-01FCFFh -ACONST=00h-01FCFFh \
  -ASMALLCONST=01000h-010FFhx493 \
  -AMEDIUMCONST=01000h-0FFFFh,011000h-01FCFFh -ACOMRAM=01h-05Fh \
  -AABS1=00h-0EEEh,0F00h-0F5Fh -ABIGRAM=01h-0EEEh,0F00h-0F5Fh \
  -ARAM=060h-0FFh,0100h-01FFhx13,0E00h-0EEEh,0F00h-0F5Fh -ABANK0=060h-0FFh \
  -ABANK1=0100h-01FFh -ABANK2=0200h-02FFh -ABANK3=0300h-03FFh \
  -ABANK4=0400h-04FFh -ABANK5=0500h-05FFh -ABANK6=0600h-06FFh \
  -ABANK7=0700h-07FFh -ABANK8=0800h-08FFh -ABANK9=0900h-09FFh \
  -ABANK10=0A00h-0AFFh -ABANK11=0B00h-0BFFh -ABANK12=0C00h-0CFFh \
  -ABANK13=0D00h-0DFFh -ABANK14=0E00h-0EEEh -ABANK15=0F00h-0F5Fh \
  -ASFR=0F60h-0F9Bh,0F9Dh-0FD3h,0FD5h-0FDAh,0FE0h-0FE2h,0FE8h-0FEAh,0FF0h-0FFBh \
  -preset_vec=00h,intcode=08h,intcodelo=018h,powerup,init,end_init \
  -pramtop=01000h -psmallconst=SMALLCONST -pmediumconst=MEDIUMCONST \
  -pconst=CONST -AFARRAM=00h-00h -ACONFIG=0300000h-030000Dh -pconfig=CONFIG \
  -AIDLOC=0200000h-0200007h -pidloc=IDLOC -AEEDATA=0F00000h-0F003FFh \
  -peeprom_data=EEDATA \
  -prdata=COMRAM,nvrram=COMRAM,nvbit=COMRAM,rbss=COMRAM,rbit=COMRAM \
  -pfarbss=FARRAM,fardata=FARRAM,nvFARRAM=FARRAM \
  -pintsave_regs=BIGRAM,bigbss=BIGRAM,bigdata=BIGRAM -pbss=RAM \
  -pidata=CODE,irdata=CODE,ibigdata=CODE,ifardata=CODE -prparam=COMRAM \
  C:\Users\Jack\AppData\Local\Temp\s9t0.obj \
  dist/default/debug\fast-buggy17.debug.obj 

Object code version is 3.11

Machine type is 18F8722

Call graph: (short form)




                Name                               Link     Load   Length Selector   Space Scale
C:\Users\Jack\AppData\Local\Temp\s9t0.obj
                end_init                             EC       EC        4        C       0
                reset_vec                             0        0        6        0       0
                idloc                            200000   200000        8   200000       0
                config                           300000   300000        E   300000       0
dist/default/debug\fast-buggy17.debug.obj
                intcodelo                            18       18       D4        C       0
                intcode                               8        8       10        4       0
                text113                            22B6     22B6       12        C       0
                text112                            218C     218C       1E        C       0
                text111                            22A4     22A4       12        C       0
                text110                            2292     2292       12        C       0
                text109                            1EB8     1EB8       32        C       0
                intcode_body                       13F8     13F8       80        C       0
                text107                            2318     2318       10        C       0
                text106                            1376     1376       82        C       0
                text105                            1DAE     1DAE       38        C       0
                text104                            221E     221E       16        C       0
                text103                            20AE     20AE       26        C       0
                text102                            23EE     23EE        4        C       0
                text101                            2208     2208       16        C       0
                text100                             D54      D54       EA        C       0
                text98                             2308     2308       10        C       0
                text97                             1C16     1C16       40        C       0
                text96                              7F2      7F2      144        C       0
                text95                             14F6     14F6       7C        C       0
                text94                             2248     2248       14        C       0
                text93                             21AA     21AA       1A        C       0
                text92                             1FEE     1FEE       28        C       0
                text91                             2088     2088       26        C       0
                text90                             2062     2062       26        C       0
                text89                             2352     2352        E        C       0
                text88                             203C     203C       26        C       0
                text87                             2280     2280       12        C       0
                text86                             21F2     21F2       16        C       0
                text85                             1E52     1E52       34        C       0
                text84                             226E     226E       12        C       0
                text83                             21C4     21C4       18        C       0
                text82                             20D4     20D4       22        C       0
                text81                             23C0     23C0        8        C       0
                text80                             1FC6     1FC6       28        C       0
                text79                             1E1C     1E1C       36        C       0
                text78                             1DE6     1DE6       36        C       0
                text77                             12F0     12F0       86        C       0
                text76                             216E     216E       1E        C       0
                text75                             23EA     23EA        4        C       0
                text74                             1A34     1A34       50        C       0
                text73                             23E6     23E6        4        C       0
                text72                             23D4     23D4        6        C       0
                text71                             22F8     22F8       10        C       0
                text70                             2234     2234       14        C       0
                text69                             22E8     22E8       10        C       0
                text68                             1D76     1D76       38        C       0
                text67                              A78      A78       F8        C       0
                text66                             23E2     23E2        4        C       0
                text65                             2150     2150       1E        C       0
                text64                              C66      C66       EE        C       0
                text63                             21DC     21DC       16        C       0
                text62                             1478     1478       7E        C       0
                text61                             2344     2344        E        C       0
                text60                             2016     2016       26        C       0
                text59                             23B8     23B8        8        C       0
                text58                             23A6     23A6        A        C       0
                text57                             239C     239C        A        C       0
                text56                             197A     197A       5E        C       0
                text55                             22D8     22D8       10        C       0
                text54                              F0E      F0E       B4        C       0
                text53                             1B94     1B94       42        C       0
                text52                             23B0     23B0        8        C       0
                text51                             1CCC     1CCC       3A        C       0
                text50                             19D8     19D8       5C        C       0
                text49                             1264     1264       8C        C       0
                text48                             185A     185A       64        C       0
                text47                             2132     2132       1E        C       0
                text46                             1F9E     1F9E       28        C       0
                text45                             1BD6     1BD6       40        C       0
                text44                             225C     225C       12        C       0
                text43                             1E86     1E86       32        C       0
                text42                              FC2      FC2       B0        C       0
                text41                             1F72     1F72       2C        C       0
                text40                             22C8     22C8       10        C       0
                text39                             191C     191C       5E        C       0
                text38                             111A     111A       A8        C       0
                text37                             18BE     18BE       5E        C       0
                text36                             1A84     1A84       46        C       0
                text35                             1B52     1B52       42        C       0
                text34                              936      936      142        C       0
                text33                              B70      B70       F6        C       0
                text32                             2392     2392        A        C       0
                text31                             2388     2388        A        C       0
                text30                             237E     237E        A        C       0
                text29                             1EEA     1EEA       30        C       0
                text28                             1D3E     1D3E       38        C       0
                text27                             1D06     1D06       38        C       0
                text26                             1C92     1C92       3A        C       0
                text25                             1F46     1F46       2C        C       0
                text24                             1788     1788       6A        C       0
                text23                             1F1A     1F1A       2C        C       0
                text22                             2374     2374        A        C       0
                text21                             236A     236A        A        C       0
                text20                             2360     2360        A        C       0
                text19                             17F2     17F2       68        C       0
                text18                             171E     171E       6A        C       0
                text17                             16B4     16B4       6A        C       0
                text16                             1C56     1C56       3C        C       0
                text15                             11C2     11C2       A2        C       0
                text14                             15DE     15DE       6C        C       0
                text13                             1572     1572       6C        C       0
                text12                             164A     164A       6A        C       0
                text11                             1B0E     1B0E       44        C       0
                text10                             2336     2336        E        C       0
                text9                              1ACA     1ACA       44        C       0
                text8                              2328     2328        E        C       0
                text7                              1072     1072       A8        C       0
                text6                              23CE     23CE        6        C       0
                text5                              23DE     23DE        4        C       0
                text4                              23DA     23DA        4        C       0
                text3                              23C8     23C8        6        C       0
                text2                              2114     2114       1E        C       0
                text1                               E3E      E3E       D0        C       0
                text0                                F0       F0      702        C       0
                cstackCOMRAM                         2B       2B       1B        1       1
                cstackBANK0                          C0       C0       26       60       1
                cstackBANK1                         100      100       2C      100       1
                bssBANK0                             60       60       60       60       1
                bssCOMRAM                             1        1       2A        1       1
                cinit                              20F6     20F6       1E        C       0
                nvBANK0                              E6       E6        6       60       1

TOTAL           Name                               Link     Load   Length     Space
        CLASS   STACK          

        CLASS   CODE           
                end_init                             EC       EC        4         0
                intcodelo                            18       18       D4         0
                intcode                               8        8       10         0
                reset_vec                             0        0        6         0
                text113                            22B6     22B6       12         0
                text112                            218C     218C       1E         0
                text111                            22A4     22A4       12         0
                text110                            2292     2292       12         0
                text109                            1EB8     1EB8       32         0
                intcode_body                       13F8     13F8       80         0
                text107                            2318     2318       10         0
                text106                            1376     1376       82         0
                text105                            1DAE     1DAE       38         0
                text104                            221E     221E       16         0
                text103                            20AE     20AE       26         0
                text102                            23EE     23EE        4         0
                text101                            2208     2208       16         0
                text100                             D54      D54       EA         0
                text98                             2308     2308       10         0
                text97                             1C16     1C16       40         0
                text96                              7F2      7F2      144         0
                text95                             14F6     14F6       7C         0
                text94                             2248     2248       14         0
                text93                             21AA     21AA       1A         0
                text92                             1FEE     1FEE       28         0
                text91                             2088     2088       26         0
                text90                             2062     2062       26         0
                text89                             2352     2352        E         0
                text88                             203C     203C       26         0
                text87                             2280     2280       12         0
                text86                             21F2     21F2       16         0
                text85                             1E52     1E52       34         0
                text84                             226E     226E       12         0
                text83                             21C4     21C4       18         0
                text82                             20D4     20D4       22         0
                text81                             23C0     23C0        8         0
                text80                             1FC6     1FC6       28         0
                text79                             1E1C     1E1C       36         0
                text78                             1DE6     1DE6       36         0
                text77                             12F0     12F0       86         0
                text76                             216E     216E       1E         0
                text75                             23EA     23EA        4         0
                text74                             1A34     1A34       50         0
                text73                             23E6     23E6        4         0
                text72                             23D4     23D4        6         0
                text71                             22F8     22F8       10         0
                text70                             2234     2234       14         0
                text69                             22E8     22E8       10         0
                text68                             1D76     1D76       38         0
                text67                              A78      A78       F8         0
                text66                             23E2     23E2        4         0
                text65                             2150     2150       1E         0
                text64                              C66      C66       EE         0
                text63                             21DC     21DC       16         0
                text62                             1478     1478       7E         0
                text61                             2344     2344        E         0
                text60                             2016     2016       26         0
                text59                             23B8     23B8        8         0
                text58                             23A6     23A6        A         0
                text57                             239C     239C        A         0
                text56                             197A     197A       5E         0
                text55                             22D8     22D8       10         0
                text54                              F0E      F0E       B4         0
                text53                             1B94     1B94       42         0
                text52                             23B0     23B0        8         0
                text51                             1CCC     1CCC       3A         0
                text50                             19D8     19D8       5C         0
                text49                             1264     1264       8C         0
                text48                             185A     185A       64         0
                text47                             2132     2132       1E         0
                text46                             1F9E     1F9E       28         0
                text45                             1BD6     1BD6       40         0
                text44                             225C     225C       12         0
                text43                             1E86     1E86       32         0
                text42                              FC2      FC2       B0         0
                text41                             1F72     1F72       2C         0
                text40                             22C8     22C8       10         0
                text39                             191C     191C       5E         0
                text38                             111A     111A       A8         0
                text37                             18BE     18BE       5E         0
                text36                             1A84     1A84       46         0
                text35                             1B52     1B52       42         0
                text34                              936      936      142         0
                text33                              B70      B70       F6         0
                text32                             2392     2392        A         0
                text31                             2388     2388        A         0
                text30                             237E     237E        A         0
                text29                             1EEA     1EEA       30         0
                text28                             1D3E     1D3E       38         0
                text27                             1D06     1D06       38         0
                text26                             1C92     1C92       3A         0
                text25                             1F46     1F46       2C         0
                text24                             1788     1788       6A         0
                text23                             1F1A     1F1A       2C         0
                text22                             2374     2374        A         0
                text21                             236A     236A        A         0
                text20                             2360     2360        A         0
                text19                             17F2     17F2       68         0
                text18                             171E     171E       6A         0
                text17                             16B4     16B4       6A         0
                text16                             1C56     1C56       3C         0
                text15                             11C2     11C2       A2         0
                text14                             15DE     15DE       6C         0
                text13                             1572     1572       6C         0
                text12                             164A     164A       6A         0
                text11                             1B0E     1B0E       44         0
                text10                             2336     2336        E         0
                text9                              1ACA     1ACA       44         0
                text8                              2328     2328        E         0
                text7                              1072     1072       A8         0
                text6                              23CE     23CE        6         0
                text5                              23DE     23DE        4         0
                text4                              23DA     23DA        4         0
                text3                              23C8     23C8        6         0
                text2                              2114     2114       1E         0
                text1                               E3E      E3E       D0         0
                text0                                F0       F0      702         0
                cinit                              20F6     20F6       1E         0

        CLASS   CONST          

        CLASS   SMALLCONST     

        CLASS   MEDIUMCONST    

        CLASS   COMRAM         
                cstackCOMRAM                         2B       2B       1B         1
                bssCOMRAM                             1        1       2A         1

        CLASS   ABS1           

        CLASS   BIGRAM         

        CLASS   RAM            

        CLASS   BANK0          
                cstackBANK0                          C0       C0       26         1
                bssBANK0                             60       60       60         1
                nvBANK0                              E6       E6        6         1

        CLASS   BANK1          
                cstackBANK1                         100      100       2C         1

        CLASS   BANK2          

        CLASS   BANK3          

        CLASS   BANK4          

        CLASS   BANK5          

        CLASS   BANK6          

        CLASS   BANK7          

        CLASS   BANK8          

        CLASS   BANK9          

        CLASS   BANK10         

        CLASS   BANK11         

        CLASS   BANK12         

        CLASS   BANK13         

        CLASS   BANK14         

        CLASS   BANK15         

        CLASS   SFR            

        CLASS   FARRAM         

        CLASS   CONFIG         
                config                           300000   300000        E         0

        CLASS   IDLOC          
                idloc                            200000   200000        8         0

        CLASS   EEDATA         



SEGMENTS        Name                           Load    Length   Top    Selector   Space  Class

                reset_vec                      000000  000006  000006         0       0  CODE    
                bssCOMRAM                      000001  000045  000046         1       1  COMRAM  
                intcode                        000008  000010  000018         4       0  CODE    
                intcodelo                      000018  0023DA  0023F2         C       0  CODE    
                bssBANK0                       000060  00008C  0000EC        60       1  BANK0   
                cstackBANK1                    000100  00002C  00012C       100       1  BANK1   
                idloc                          200000  000008  200008    200000       0  IDLOC   
                config                         300000  00000E  30000E    300000       0  CONFIG  


UNUSED ADDRESS RANGES

        Name                Unused          Largest block    Delta
        BANK0            0000EC-0000FF               14
        BANK1            00012C-0001FF               D4
        BANK10           000A00-000AFF              100
        BANK11           000B00-000BFF              100
        BANK12           000C00-000CFF              100
        BANK13           000D00-000DFF              100
        BANK14           000E00-000EEE               EF
        BANK15           000F00-000F5F               60
        BANK2            000200-0002FF              100
        BANK3            000300-0003FF              100
        BANK4            000400-0004FF              100
        BANK5            000500-0005FF              100
        BANK6            000600-0006FF              100
        BANK7            000700-0007FF              100
        BANK8            000800-0008FF              100
        BANK9            000900-0009FF              100
        BIGRAM           000046-00005F               1A
                         0000EC-0000FF               14
                         00012C-000EEE              DC3
                         000F00-000F5F               60
        CODE             000006-000007                2
                         0023F2-01FCFF            1D90E
        COMRAM           000046-00005F               1A
        CONST            000006-000007                2
                         0023F2-01FCFF            1D90E
        EEDATA           F00000-F003FF              400
        MEDIUMCONST      0023F2-00FFFF             DC0E
                         011000-01FCFF             ED00
        RAM              0000EC-0000FF               14
                         00012C-000EEE              100
                         000F00-000F5F               60
        SFR              000F60-000F9B               3C
                         000F9D-000FD3               37
                         000FD5-000FDA                6
                         000FE0-000FE2                3
                         000FE8-000FEA                3
                         000FF0-000FFB                C
        SMALLCONST       0023F2-01FCFF              100
        STACK            00012C-000EEE              DC3

                                  Symbol Table

?_CalculateSensorSum                               cstackBANK0  0000D6
?_ReadADC                                          cstackCOMRAM 00002B
?_ReadEchoLength                                   cstackBANK0  0000D0
?_ReadIntEEPROM                                    cstackBANK0  0000D2
?_ReadMillis0                                      cstackBANK0  0000D0
?_ReadMillis1                                      cstackBANK0  0000D0
?_ReadMillis2                                      cstackBANK0  0000D0
?_ReadTimer1                                       cstackCOMRAM 000044
?_ReadVoltage                                      cstackBANK0  0000D3
?___awdiv                                          cstackBANK0  0000D0
?___awmod                                          cstackBANK0  0000D0
?___wmul                                           cstackBANK0  0000D0
?i1___awmod                                        cstackCOMRAM 00002B
CalculateDiscreteSensorSum@index                   cstackBANK0  0000D3
CalculateDiscreteSensorSum@sensor_statuses         cstackBANK0  0000D0
CalculateDiscreteSensorSum@sum                     cstackBANK0  0000D2
CalculateSensorStatuses@index                      cstackBANK0  0000DB
CalculateSensorStatuses@sensor_readings_normalised cstackBANK0  0000D0
CalculateSensorStatuses@sensor_threshold           cstackBANK0  0000D2
CalculateSensorSum@sensor_readings_normalised      cstackBANK0  0000D6
CalculateSensorSum@sum                             cstackBANK0  0000DA
CalibrateOffsets@index                             cstackBANK0  0000DB
ConfigureUltrasound@echo_to_cm                     cstackBANK0  0000D4
ConfigureUltrasound@echo_to_in                     cstackBANK0  0000D7
Delay10KTCYx@unit                                  cstackBANK0  0000D1
Delay1TCYx@unit                                    cstackBANK0  0000D0
DisplaySensorStatuses@index                        cstackBANK0  0000D4
DisplaySensorStatuses@sensor_statuses              cstackBANK0  0000D0
FlushRxBuf@index                                   cstackBANK0  0000D0
FlushTxBuf@index                                   cstackBANK0  0000D0
GenerateCalibration@index                          cstackBANK0  0000DE
GetCharRxBuf@ch                                    cstackBANK0  0000D7
GetCharTxBuf@ch                                    cstackCOMRAM 000032
LoadCalibration@index                              cstackBANK0  0000E1
NormaliseSensorReadings@index                      cstackBANK0  0000D8
NormaliseSensorReadings@sensor_offsets             cstackBANK0  0000D2
NormaliseSensorReadings@sensor_readings_raw        cstackBANK0  0000D0
OWReadBit@result                                   cstackBANK0  0000D0
OWReadByte@i                                       cstackBANK0  0000D2
OWReadByte@result                                  cstackBANK0  0000D1
OWReset@result                                     cstackBANK0  0000D0
OWWriteBit@b                                       cstackBANK0  0000D0
OWWriteByte@byte                                   cstackBANK0  0000D1
OWWriteByte@i                                      cstackBANK0  0000D2
Open1USART@config                                  cstackBANK0  0000D2
Open1USART@spbrg                                   cstackBANK0  0000D0
OpenADC@config                                     cstackBANK0  0000D4
OpenADC@config2                                    cstackBANK0  0000D0
OpenADC@portconfig                                 cstackBANK0  0000D1
OpenPWM4@period                                    cstackBANK0  0000D0
OpenPWM5@period                                    cstackBANK0  0000D0
OpenTimer0@config                                  cstackBANK0  0000D0
OpenTimer1@config                                  cstackBANK0  0000D0
OpenTimer2@config                                  cstackBANK0  0000D0
PutCharRxBuf@ch                                    cstackBANK0  0000D7
PutCharTxBuf@ch                                    cstackBANK0  0000D7
Read1USART@data                                    cstackBANK0  0000D0
ReadCharEEPROM@address                             cstackBANK0  0000D2
ReadEEPROM@address                                 cstackBANK0  0000D0
ReadIntEEPROM@address                              cstackBANK0  0000D2
ReadIntEEPROM@data                                 cstackBANK0  0000D7
ReadTimer1@timer                                   cstackBANK0  0000C0
ReadVoltage@result                                 cstackBANK0  0000D8
SendBattVoltageInitial@reading                     cstackBANK0  0000D8
SendCurrentPIDValues@Kd                            cstackBANK0  0000DA
SendCurrentPIDValues@Ki                            cstackBANK0  0000DC
SendCurrentPIDValues@Kp                            cstackBANK0  0000D8
SendDefaultPIDValues@Kd                            cstackBANK0  0000DA
SendDefaultPIDValues@Ki                            cstackBANK0  0000DC
SendDefaultPIDValues@Kp                            cstackBANK0  0000D8
SendLineMode@line_mode                             cstackBANK0  0000D8
SendOffsets@index                                  cstackBANK0  0000DC
SendOffsets@offsets_array                          cstackBANK0  0000D8
SendPIDSetPointOffLine@set_point                   cstackBANK0  0000D8
SendPIDSetPointOnLine@set_point                    cstackBANK0  0000D8
SendStatus@status_code                             cstackBANK0  0000D8
SendStoredPIDValues@Kd                             cstackBANK0  0000DA
SendStoredPIDValues@Ki                             cstackBANK0  0000DC
SendStoredPIDValues@Kp                             cstackBANK0  0000D8
SetADCChannel@channel                              cstackBANK0  0000D2
SetChanADC@channel                                 cstackBANK0  0000D1
SetDCMotorL@duty_cycle                             cstackBANK0  0000D6
SetDCMotorPID@PIDoutput                            cstackBANK0  0000D8
SetDCMotorR@duty_cycle                             cstackBANK0  0000D6
SetDCPWM4@DCycle                                   cstackBANK0  0000D4
SetDCPWM4@dutycycle                                cstackBANK0  0000D0
SetDCPWM5@DCycle                                   cstackBANK0  0000D4
SetDCPWM5@dutycycle                                cstackBANK0  0000D0
SetPIDValues@char_index                            cstackBANK0  0000DC
Write1USART@data                                   cstackCOMRAM 00002B
WriteCharEEPROM@address                            cstackBANK0  0000D3
WriteCharEEPROM@data                               cstackBANK0  0000D5
WriteEEPROM@address                                cstackBANK0  0000D0
WriteEEPROM@data                                   cstackBANK0  0000D2
WriteIntEEPROM@address                             cstackBANK0  0000D3
WriteIntEEPROM@data                                cstackBANK0  0000D5
WriteTimer0@timer                                  cstackBANK0  0000D2
WriteTimer0@timer0                                 cstackBANK0  0000D0
WriteTimer1@timer                                  cstackBANK0  0000D2
WriteTimer1@timer1                                 cstackBANK0  0000D0
_ADCON0                                            (abs)        000FC2
_ADCON0bits                                        (abs)        000FC2
_ADCON1                                            (abs)        000FC1
_ADCON2                                            (abs)        000FC0
_ADRESH                                            (abs)        000FC4
_ADRESL                                            (abs)        000FC3
_BusyDistanceAcq                                   text98       002308
_BusySensorAcq                                     text69       0022E8
_BusyTx                                            text55       0022D8
_CCP4CON                                           (abs)        000F73
_CCP5CON                                           (abs)        000F70
_CCPR4L                                            (abs)        000F74
_CCPR5L                                            (abs)        000F71
_CalculateDiscreteSensorSum                        text97       001C16
_CalculateSensorStatuses                           text96       0007F2
_CalculateSensorSum                                text67       000A78
_CalibrateOffLine                                  text50       0019D8
_CalibrateOffsets                                  text49       001264
_CalibrateOnLine                                   text48       00185A
_CommandAvailable                                  text61       002344
_ConfigureADC                                      text94       002248
_ConfigureBuggyIO                                  text93       0021AA
_ConfigureInterrupts                               text92       001FEE
_ConfigurePWM                                      text89       002352
_ConfigureTimer0                                   text86       0021F2
_ConfigureTimer1                                   text83       0021C4
_ConfigureTimer2                                   text81       0023C0
_ConfigureUltrasound                               text80       001FC6
_ConfigureWireless                                 text76       00216E
_ConvertADC                                        text66       0023E2
_DCmotorL                                          bssCOMRAM    000007
_DCmotorR                                          bssCOMRAM    000009
_Delay10KTCYx                                      text47       002132
_Delay1TCYx                                        text71       0022F8
_DisableMotors                                     text75       0023EA
_DisplaySensorStatuses                             text74       001A34
_EEADR                                             (abs)        000FA9
_EEADRH                                            (abs)        000FAA
_EECON1bits                                        (abs)        000FA6
_EECON2                                            (abs)        000FA7
_EEDATA                                            (abs)        000FA8
_EnableMotors                                      text73       0023E6
_EnableSensorLEDS                                  text72       0023D4
_FlashLEDS                                         text46       001F9E
_FlushRxBuf                                        text79       001E1C
_FlushTxBuf                                        text78       001DE6
_GenerateCalibration                               text42       000FC2
_GetCharRxBuf                                      text36       001A84
_GetCharTxBuf                                      text105      001DAE
_GetCommand                                        text59       0023B8
_GetDistance                                       text70       002234
_GetSensorReadings                                 text63       0021DC
_INTCON2bits                                       (abs)        000FF1
_INTCON3bits                                       (abs)        000FF0
_INTCONbits                                        (abs)        000FF2
_IPR1bits                                          (abs)        000F9F
_LATDbits                                          (abs)        000F8C
_LATE                                              (abs)        000F8D
_LATEbits                                          (abs)        000F8D
_LATHbits                                          (abs)        000F90
_LATJ                                              (abs)        000F91
_LoadCalibration                                   text38       00111A
_LoadPIDValues                                     text33       000B70
_MillisecondTimerISR                               text112      00218C
_NormaliseSensorReadings                           text62       001478
_OWReadBit                                         text29       001EEA
_OWReadByte                                        text28       001D3E
_OWReset                                           text27       001D06
_OWWriteBit                                        text26       001C92
_OWWriteByte                                       text25       001F46
_Open1USART                                        text77       0012F0
_OpenADC                                           text95       0014F6
_OpenPWM4                                          text91       002088
_OpenPWM5                                          text90       002062
_OpenTimer0                                        text88       00203C
_OpenTimer1                                        text85       001E52
_OpenTimer2                                        text82       0020D4
_PB1pressed                                        text56       00197A
_PB2pressed                                        text37       0018BE
_PID_Kd                                            bssBANK0     000092
_PID_Ki                                            bssBANK0     000094
_PID_Kp                                            bssBANK0     000096
_PID_error                                         bssBANK0     0000B8
_PID_output                                        bssBANK0     000098
_PID_set_point                                     bssBANK0     0000BA
_PIE1bits                                          (abs)        000F9D
_PIR1bits                                          (abs)        000F9E
_PORTBbits                                         (abs)        000F81
_PORTHbits                                         (abs)        000F87
_PR2                                               (abs)        000FCB
_PR4                                               (abs)        000F77
_PutCharRxBuf                                      text35       001B52
_PutCharTxBuf                                      text53       001B94
_RCONbits                                          (abs)        000FD0
_RCREG1                                            (abs)        000FAE
_RCSTA1                                            (abs)        000FAB
_RCSTA1bits                                        (abs)        000FAB
_Read1USART                                        text60       002016
_ReadADC                                           text107      002318
_ReadCharEEPROM                                    text40       0022C8
_ReadEEPROM                                        text41       001F72
_ReadEchoLength                                    text32       002392
_ReadIntEEPROM                                     text39       00191C
_ReadMillis0                                       text31       002388
_ReadMillis1                                       text30       00237E
_ReadMillis2                                       text58       0023A6
_ReadTimer1                                        text111      0022A4
_ReadVoltage                                       text24       001788
_ResetAccumulatedCurrent                           text23       001F1A
_ResetMillis0                                      text22       002374
_ResetMillis1                                      text21       00236A
_ResetMillis2                                      text57       00239C
_ResetMillis3                                      text20       002360
_RxCharacter                                       bssCOMRAM    000015
_Rx_buffer                                         bssBANK0     000060
_Rx_chars_received                                 bssCOMRAM    000016
_Rx_complete                                       bssCOMRAM    000017
_Rx_msg_length                                     bssCOMRAM    000018
_SPBRG1                                            (abs)        000FAF
_SPBRGH1                                           (abs)        000F7F
_SendBattVoltageInitial                            text19       0017F2
_SendCurrentPIDValues                              text18       00171E
_SendDefaultPIDValues                              text17       0016B4
_SendLineMode                                      text16       001C56
_SendOffsets                                       text15       0011C2
_SendPIDSetPointOffLine                            text14       0015DE
_SendPIDSetPointOnLine                             text13       001572
_SendStatus                                        text51       001CCC
_SendStoredPIDValues                               text12       00164A
_SetADCChannel                                     text64       000C66
_SetChanADC                                        text65       002150
_SetDCMotorL                                       text10       002336
_SetDCMotorPID                                     text7        001072
_SetDCMotorR                                       text8        002328
_SetDCPWM4                                         text9        001ACA
_SetDCPWM5                                         text11       001B0E
_SetDirectionForward                               text6        0023CE
_SetForwardsMotorR                                 text5        0023DE
_SetPIDValues                                      text34       000936
_SetReverseMotorL                                  text4        0023DA
_SetUnipolar                                       text3        0023C8
_StartTx                                           text52       0023B0
_StopMotors                                        text2        002114
_SystemClock                                       bssCOMRAM    000001
_T0CON                                             (abs)        000FD5
_T0CONbits                                         (abs)        000FD5
_T1CON                                             (abs)        000FCD
_T1CONbits                                         (abs)        000FCD
_T2CON                                             (abs)        000FCA
_T2CONbits                                         (abs)        000FCA
_T3CONbits                                         (abs)        000FB1
_T4CONbits                                         (abs)        000F76
_TMR0H                                             (abs)        000FD7
_TMR0L                                             (abs)        000FD6
_TMR1H                                             (abs)        000FCF
_TMR1L                                             (abs)        000FCE
_TMR2                                              (abs)        000FCC
_TRISA                                             (abs)        000F92
_TRISB                                             (abs)        000F93
_TRISC                                             (abs)        000F94
_TRISCbits                                         (abs)        000F94
_TRISD                                             (abs)        000F95
_TRISE                                             (abs)        000F96
_TRISG                                             (abs)        000F98
_TRISGbits                                         (abs)        000F98
_TRISHbits                                         (abs)        000F99
_TRISJ                                             (abs)        000F9A
_TXREG1                                            (abs)        000FAD
_TXSTA1                                            (abs)        000FAC
_TXSTA1bits                                        (abs)        000FAC
_TxCharacter                                       bssCOMRAM    000019
_Tx_buffer                                         bssBANK0     000079
_Tx_complete                                       bssCOMRAM    00001A
_USART1_Status                                     bssCOMRAM    00001B
_UltrasoundISR                                     text109      001EB8
_WirelessTx_ISR                                    text103      0020AE
_Write1USART                                       text104      00221E
_WriteCharEEPROM                                   text44       00225C
_WriteEEPROM                                       text45       001BD6
_WriteIntEEPROM                                    text43       001E86
_WriteTimer0                                       text87       002280
_WriteTimer1                                       text84       00226E
__CFG_ADDRBW$ADDR20BIT                             (abs)        000000
__CFG_BBSIZ$BB2K                                   (abs)        000000
__CFG_BOREN$OFF                                    (abs)        000000
__CFG_BORV$0                                       (abs)        000000
__CFG_CCP2MX$PORTC                                 (abs)        000000
__CFG_CP0$OFF                                      (abs)        000000
__CFG_CP1$OFF                                      (abs)        000000
__CFG_CP2$OFF                                      (abs)        000000
__CFG_CP3$OFF                                      (abs)        000000
__CFG_CP4$OFF                                      (abs)        000000
__CFG_CP5$OFF                                      (abs)        000000
__CFG_CP6$OFF                                      (abs)        000000
__CFG_CP7$OFF                                      (abs)        000000
__CFG_CPB$OFF                                      (abs)        000000
__CFG_CPD$OFF                                      (abs)        000000
__CFG_DATABW$DATA16BIT                             (abs)        000000
__CFG_EBTR0$OFF                                    (abs)        000000
__CFG_EBTR1$OFF                                    (abs)        000000
__CFG_EBTR2$OFF                                    (abs)        000000
__CFG_EBTR3$OFF                                    (abs)        000000
__CFG_EBTR4$OFF                                    (abs)        000000
__CFG_EBTR5$OFF                                    (abs)        000000
__CFG_EBTR6$OFF                                    (abs)        000000
__CFG_EBTR7$OFF                                    (abs)        000000
__CFG_EBTRB$OFF                                    (abs)        000000
__CFG_ECCPMX$PORTH                                 (abs)        000000
__CFG_FCMEN$OFF                                    (abs)        000000
__CFG_IESO$OFF                                     (abs)        000000
__CFG_LPT1OSC$OFF                                  (abs)        000000
__CFG_LVP$OFF                                      (abs)        000000
__CFG_MCLRE$ON                                     (abs)        000000
__CFG_MODE$MC                                      (abs)        000000
__CFG_OSC$HS                                       (abs)        000000
__CFG_PWRT$OFF                                     (abs)        000000
__CFG_STVREN$OFF                                   (abs)        000000
__CFG_WAIT$OFF                                     (abs)        000000
__CFG_WDT$OFF                                      (abs)        000000
__CFG_WDTPS$32768                                  (abs)        000000
__CFG_WRT0$OFF                                     (abs)        000000
__CFG_WRT1$OFF                                     (abs)        000000
__CFG_WRT2$OFF                                     (abs)        000000
__CFG_WRT3$OFF                                     (abs)        000000
__CFG_WRT4$OFF                                     (abs)        000000
__CFG_WRT5$OFF                                     (abs)        000000
__CFG_WRT6$OFF                                     (abs)        000000
__CFG_WRT7$OFF                                     (abs)        000000
__CFG_WRTB$OFF                                     (abs)        000000
__CFG_WRTC$OFF                                     (abs)        000000
__CFG_WRTD$OFF                                     (abs)        000000
__CFG_XINST$OFF                                    (abs)        000000
__HRAM                                             (abs)        000000
__Habs1                                            abs1         000000
__Hbank0                                           bank0        000000
__Hbank1                                           bank1        000000
__Hbank10                                          bank10       000000
__Hbank11                                          bank11       000000
__Hbank12                                          bank12       000000
__Hbank13                                          bank13       000000
__Hbank14                                          bank14       000000
__Hbank15                                          bank15       000000
__Hbank2                                           bank2        000000
__Hbank3                                           bank3        000000
__Hbank4                                           bank4        000000
__Hbank5                                           bank5        000000
__Hbank6                                           bank6        000000
__Hbank7                                           bank7        000000
__Hbank8                                           bank8        000000
__Hbank9                                           bank9        000000
__Hbigbss                                          bigbss       000000
__Hbigdata                                         bigdata      000000
__Hbigram                                          bigram       000000
__Hbss                                             bss          000000
__HbssBANK0                                        bssBANK0     000000
__HbssCOMRAM                                       bssCOMRAM    000000
__Hcinit                                           cinit        000000
__Hclrtext                                         clrtext      000000
__Hcomram                                          comram       000000
__Hconfig                                          config       30000E
__Hconst                                           const        000000
__HcstackBANK0                                     cstackBANK0  000000
__HcstackBANK1                                     cstackBANK1  000000
__HcstackCOMRAM                                    cstackCOMRAM 000000
__Hdata                                            data         000000
__Heeprom_data                                     eeprom_data  000000
__Hend_init                                        end_init     0000F0
__Hfarbss                                          farbss       000000
__Hfardata                                         fardata      000000
__Hibigdata                                        ibigdata     000000
__Hidata                                           idata        000000
__Hidloc                                           idloc        200008
__Hifardata                                        ifardata     000000
__Hinit                                            init         0000EC
__Hintcode                                         intcode      000018
__Hintcode_body                                    intcode_body 000000
__Hintcodelo                                       intcodelo    0000EC
__Hintentry                                        intentry     000000
__Hintret                                          intret       000000
__Hintsave_regs                                    intsave_regs 000000
__Hirdata                                          irdata       000000
__Hmediumconst                                     mediumconst  000000
__HnvBANK0                                         nvBANK0      000000
__HnvFARRAM                                        nvFARRAM     000000
__Hnvbit                                           nvbit        000000
__Hnvrram                                          nvrram       000000
__Hparam                                           rparam       000000
__Hpowerup                                         powerup      0000EC
__Hram                                             ram          000000
__Hramtop                                          ramtop       001000
__Hrbit                                            rbit         000000
__Hrbss                                            rbss         000000
__Hrdata                                           rdata        000000
__Hreset_vec                                       reset_vec    000006
__Hrparam                                          rparam       000000
__Hsfr                                             sfr          000000
__Hsmallconst                                      smallconst   000000
__Hspace_0                                         (abs)        30000E
__Hspace_1                                         (abs)        00012C
__Hspace_2                                         (abs)        000000
__Hstack                                           stack        000000
__Hstruct                                          struct       000000
__Htemp                                            temp         000000
__Htext                                            text         000000
__Htext0                                           text0        000000
__Htext1                                           text1        000000
__Htext10                                          text10       000000
__Htext100                                         text100      000000
__Htext101                                         text101      000000
__Htext102                                         text102      000000
__Htext103                                         text103      000000
__Htext104                                         text104      000000
__Htext105                                         text105      000000
__Htext106                                         text106      000000
__Htext107                                         text107      000000
__Htext109                                         text109      000000
__Htext11                                          text11       000000
__Htext110                                         text110      000000
__Htext111                                         text111      000000
__Htext112                                         text112      000000
__Htext113                                         text113      000000
__Htext12                                          text12       000000
__Htext13                                          text13       000000
__Htext14                                          text14       000000
__Htext15                                          text15       000000
__Htext16                                          text16       000000
__Htext17                                          text17       000000
__Htext18                                          text18       000000
__Htext19                                          text19       000000
__Htext2                                           text2        000000
__Htext20                                          text20       000000
__Htext21                                          text21       000000
__Htext22                                          text22       000000
__Htext23                                          text23       000000
__Htext24                                          text24       000000
__Htext25                                          text25       000000
__Htext26                                          text26       000000
__Htext27                                          text27       000000
__Htext28                                          text28       000000
__Htext29                                          text29       000000
__Htext3                                           text3        000000
__Htext30                                          text30       000000
__Htext31                                          text31       000000
__Htext32                                          text32       000000
__Htext33                                          text33       000000
__Htext34                                          text34       000000
__Htext35                                          text35       000000
__Htext36                                          text36       000000
__Htext37                                          text37       000000
__Htext38                                          text38       000000
__Htext39                                          text39       000000
__Htext4                                           text4        000000
__Htext40                                          text40       000000
__Htext41                                          text41       000000
__Htext42                                          text42       000000
__Htext43                                          text43       000000
__Htext44                                          text44       000000
__Htext45                                          text45       000000
__Htext46                                          text46       000000
__Htext47                                          text47       000000
__Htext48                                          text48       000000
__Htext49                                          text49       000000
__Htext5                                           text5        000000
__Htext50                                          text50       000000
__Htext51                                          text51       000000
__Htext52                                          text52       000000
__Htext53                                          text53       000000
__Htext54                                          text54       000000
__Htext55                                          text55       000000
__Htext56                                          text56       000000
__Htext57                                          text57       000000
__Htext58                                          text58       000000
__Htext59                                          text59       000000
__Htext6                                           text6        000000
__Htext60                                          text60       000000
__Htext61                                          text61       000000
__Htext62                                          text62       000000
__Htext63                                          text63       000000
__Htext64                                          text64       000000
__Htext65                                          text65       000000
__Htext66                                          text66       000000
__Htext67                                          text67       000000
__Htext68                                          text68       000000
__Htext69                                          text69       000000
__Htext7                                           text7        000000
__Htext70                                          text70       000000
__Htext71                                          text71       000000
__Htext72                                          text72       000000
__Htext73                                          text73       000000
__Htext74                                          text74       000000
__Htext75                                          text75       000000
__Htext76                                          text76       000000
__Htext77                                          text77       000000
__Htext78                                          text78       000000
__Htext79                                          text79       000000
__Htext8                                           text8        000000
__Htext80                                          text80       000000
__Htext81                                          text81       000000
__Htext82                                          text82       000000
__Htext83                                          text83       000000
__Htext84                                          text84       000000
__Htext85                                          text85       000000
__Htext86                                          text86       000000
__Htext87                                          text87       000000
__Htext88                                          text88       000000
__Htext89                                          text89       000000
__Htext9                                           text9        000000
__Htext90                                          text90       000000
__Htext91                                          text91       000000
__Htext92                                          text92       000000
__Htext93                                          text93       000000
__Htext94                                          text94       000000
__Htext95                                          text95       000000
__Htext96                                          text96       000000
__Htext97                                          text97       000000
__Htext98                                          text98       000000
__LRAM                                             (abs)        000001
__Labs1                                            abs1         000000
__Lbank0                                           bank0        000000
__Lbank1                                           bank1        000000
__Lbank10                                          bank10       000000
__Lbank11                                          bank11       000000
__Lbank12                                          bank12       000000
__Lbank13                                          bank13       000000
__Lbank14                                          bank14       000000
__Lbank15                                          bank15       000000
__Lbank2                                           bank2        000000
__Lbank3                                           bank3        000000
__Lbank4                                           bank4        000000
__Lbank5                                           bank5        000000
__Lbank6                                           bank6        000000
__Lbank7                                           bank7        000000
__Lbank8                                           bank8        000000
__Lbank9                                           bank9        000000
__Lbigbss                                          bigbss       000000
__Lbigdata                                         bigdata      000000
__Lbigram                                          bigram       000000
__Lbss                                             bss          000000
__LbssBANK0                                        bssBANK0     000000
__LbssCOMRAM                                       bssCOMRAM    000000
__Lcinit                                           cinit        000000
__Lclrtext                                         clrtext      000000
__Lcomram                                          comram       000000
__Lconfig                                          config       300000
__Lconst                                           const        000000
__LcstackBANK0                                     cstackBANK0  000000
__LcstackBANK1                                     cstackBANK1  000000
__LcstackCOMRAM                                    cstackCOMRAM 000000
__Ldata                                            data         000000
__Leeprom_data                                     eeprom_data  000000
__Lend_init                                        end_init     0000EC
__Lfarbss                                          farbss       000000
__Lfardata                                         fardata      000000
__Libigdata                                        ibigdata     000000
__Lidata                                           idata        000000
__Lidloc                                           idloc        200000
__Lifardata                                        ifardata     000000
__Linit                                            init         0000EC
__Lintcode                                         intcode      000008
__Lintcode_body                                    intcode_body 000000
__Lintcodelo                                       intcodelo    000018
__Lintentry                                        intentry     000000
__Lintret                                          intret       000000
__Lintsave_regs                                    intsave_regs 000000
__Lirdata                                          irdata       000000
__Lmediumconst                                     mediumconst  000000
__LnvBANK0                                         nvBANK0      000000
__LnvFARRAM                                        nvFARRAM     000000
__Lnvbit                                           nvbit        000000
__Lnvrram                                          nvrram       000000
__Lparam                                           rparam       000000
__Lpowerup                                         powerup      0000EC
__Lram                                             ram          000000
__Lramtop                                          ramtop       001000
__Lrbit                                            rbit         000000
__Lrbss                                            rbss         000000
__Lrdata                                           rdata        000000
__Lreset_vec                                       reset_vec    000000
__Lrparam                                          rparam       000000
__Lsfr                                             sfr          000000
__Lsmallconst                                      smallconst   000000
__Lspace_0                                         (abs)        000000
__Lspace_1                                         (abs)        000000
__Lspace_2                                         (abs)        000000
__Lstack                                           stack        000000
__Lstruct                                          struct       000000
__Ltemp                                            temp         000000
__Ltext                                            text         000000
__Ltext0                                           text0        000000
__Ltext1                                           text1        000000
__Ltext10                                          text10       000000
__Ltext100                                         text100      000000
__Ltext101                                         text101      000000
__Ltext102                                         text102      000000
__Ltext103                                         text103      000000
__Ltext104                                         text104      000000
__Ltext105                                         text105      000000
__Ltext106                                         text106      000000
__Ltext107                                         text107      000000
__Ltext109                                         text109      000000
__Ltext11                                          text11       000000
__Ltext110                                         text110      000000
__Ltext111                                         text111      000000
__Ltext112                                         text112      000000
__Ltext113                                         text113      000000
__Ltext12                                          text12       000000
__Ltext13                                          text13       000000
__Ltext14                                          text14       000000
__Ltext15                                          text15       000000
__Ltext16                                          text16       000000
__Ltext17                                          text17       000000
__Ltext18                                          text18       000000
__Ltext19                                          text19       000000
__Ltext2                                           text2        000000
__Ltext20                                          text20       000000
__Ltext21                                          text21       000000
__Ltext22                                          text22       000000
__Ltext23                                          text23       000000
__Ltext24                                          text24       000000
__Ltext25                                          text25       000000
__Ltext26                                          text26       000000
__Ltext27                                          text27       000000
__Ltext28                                          text28       000000
__Ltext29                                          text29       000000
__Ltext3                                           text3        000000
__Ltext30                                          text30       000000
__Ltext31                                          text31       000000
__Ltext32                                          text32       000000
__Ltext33                                          text33       000000
__Ltext34                                          text34       000000
__Ltext35                                          text35       000000
__Ltext36                                          text36       000000
__Ltext37                                          text37       000000
__Ltext38                                          text38       000000
__Ltext39                                          text39       000000
__Ltext4                                           text4        000000
__Ltext40                                          text40       000000
__Ltext41                                          text41       000000
__Ltext42                                          text42       000000
__Ltext43                                          text43       000000
__Ltext44                                          text44       000000
__Ltext45                                          text45       000000
__Ltext46                                          text46       000000
__Ltext47                                          text47       000000
__Ltext48                                          text48       000000
__Ltext49                                          text49       000000
__Ltext5                                           text5        000000
__Ltext50                                          text50       000000
__Ltext51                                          text51       000000
__Ltext52                                          text52       000000
__Ltext53                                          text53       000000
__Ltext54                                          text54       000000
__Ltext55                                          text55       000000
__Ltext56                                          text56       000000
__Ltext57                                          text57       000000
__Ltext58                                          text58       000000
__Ltext59                                          text59       000000
__Ltext6                                           text6        000000
__Ltext60                                          text60       000000
__Ltext61                                          text61       000000
__Ltext62                                          text62       000000
__Ltext63                                          text63       000000
__Ltext64                                          text64       000000
__Ltext65                                          text65       000000
__Ltext66                                          text66       000000
__Ltext67                                          text67       000000
__Ltext68                                          text68       000000
__Ltext69                                          text69       000000
__Ltext7                                           text7        000000
__Ltext70                                          text70       000000
__Ltext71                                          text71       000000
__Ltext72                                          text72       000000
__Ltext73                                          text73       000000
__Ltext74                                          text74       000000
__Ltext75                                          text75       000000
__Ltext76                                          text76       000000
__Ltext77                                          text77       000000
__Ltext78                                          text78       000000
__Ltext79                                          text79       000000
__Ltext8                                           text8        000000
__Ltext80                                          text80       000000
__Ltext81                                          text81       000000
__Ltext82                                          text82       000000
__Ltext83                                          text83       000000
__Ltext84                                          text84       000000
__Ltext85                                          text85       000000
__Ltext86                                          text86       000000
__Ltext87                                          text87       000000
__Ltext88                                          text88       000000
__Ltext89                                          text89       000000
__Ltext9                                           text9        000000
__Ltext90                                          text90       000000
__Ltext91                                          text91       000000
__Ltext92                                          text92       000000
__Ltext93                                          text93       000000
__Ltext94                                          text94       000000
__Ltext95                                          text95       000000
__Ltext96                                          text96       000000
__Ltext97                                          text97       000000
__Ltext98                                          text98       000000
__S0                                               (abs)        30000E
__S1                                               (abs)        00012C
__S2                                               (abs)        000000
___awdiv                                           text1        000E3E
___awdiv@counter                                   cstackBANK0  0000D4
___awdiv@dividend                                  cstackBANK0  0000D0
___awdiv@divisor                                   cstackBANK0  0000D2
___awdiv@quotient                                  cstackBANK0  0000D6
___awdiv@sign                                      cstackBANK0  0000D5
___awmod                                           text54       000F0E
___awmod@counter                                   cstackBANK0  0000D4
[...]
		None
 Auto vars:     Size  Location     Type
		None
 Return value:  Size  Location     Type
                  2    0[COMRAM] int 
 Registers used:
		wreg, status,2
 Tracked objects:
		On entry : 
		On exit  : 
		Unchanged: 
 Data sizes:     COMRAM   BANK0   BANK1   BANK2   BANK3   BANK4   BANK5   BANK6   BANK7   BANK8   BANK9  BANK10  BANK11  BANK12  BANK13  BANK14  BANK15
      Params:         2       0       0       0       0       0       0       0       0       0       0       0       0       0       0       0       0
      Locals:         0       0       0       0       0       0       0       0       0       0       0       0       0       0       0       0       0
      Temps:          2       0       0       0       0       0       0       0       0       0       0       0       0       0       0       0       0
      Totals:         4       0       0       0       0       0       0       0       0       0       0       0       0       0       0       0       0
Total ram usage:        4 bytes
 Hardware stack levels used:    1
 Hardware stack levels required when called:    3
 This function calls:
		Nothing
 This function is called by:
		_isrLP
 This function uses a non-reentrant model


 *************** function _isrHP *****************
 Defined at:
		line 619 in file "FastBuggy17_Main_Code_TUNING.c"
 Parameters:    Size  Location     Type
		None
 Auto vars:     Size  Location     Type
		None
 Return value:  Size  Location     Type
		None               void
 Registers used:
		wreg, status,2, status,0, cstack
 Tracked objects:
		On entry : 
		On exit  : 
		Unchanged: 
 Data sizes:     COMRAM   BANK0   BANK1   BANK2   BANK3   BANK4   BANK5   BANK6   BANK7   BANK8   BANK9  BANK10  BANK11  BANK12  BANK13  BANK14  BANK15
      Params:         0       0       0       0       0       0       0       0       0       0       0       0       0       0       0       0       0
      Locals:         0       0       0       0       0       0       0       0       0       0       0       0       0       0       0       0       0
      Temps:          0      14       0       0       0       0       0       0       0       0       0       0       0       0       0       0       0
      Totals:         0      14       0       0       0       0       0       0       0       0       0       0       0       0       0       0       0
Total ram usage:       14 bytes
 Hardware stack levels used:    1
 Hardware stack levels required when called:    2
 This function calls:
		_MillisecondTimerISR
		_UltrasoundISR
 This function is called by:
		Interrupt level 2
 This function uses a non-reentrant model


 *************** function _UltrasoundISR *****************
 Defined at:
		line 17 in file "Ultrasound.c"
 Parameters:    Size  Location     Type
		None
 Auto vars:     Size  Location     Type
		None
 Return value:  Size  Location     Type
		None               void
 Registers used:
		wreg, status,2, cstack
 Tracked objects:
		On entry : 
		On exit  : 
		Unchanged: 
 Data sizes:     COMRAM   BANK0   BANK1   BANK2   BANK3   BANK4   BANK5   BANK6   BANK7   BANK8   BANK9  BANK10  BANK11  BANK12  BANK13  BANK14  BANK15
      Params:         0       0       0       0       0       0       0       0       0       0       0       0       0       0       0       0       0
      Locals:         0       0       0       0       0       0       0       0       0       0       0       0       0       0       0       0       0
      Temps:          0       0       0       0       0       0       0       0       0       0       0       0       0       0       0       0       0
      Totals:         0       0       0       0       0       0       0       0       0       0       0       0       0       0       0       0       0
Total ram usage:        0 bytes
 Hardware stack levels used:    1
 Hardware stack levels required when called:    1
 This function calls:
		_ReadTimer1
		i2_WriteTimer1
 This function is called by:
		_isrHP
 This function uses a non-reentrant model


 *************** function i2_WriteTimer1 *****************
 Defined at:
		line 14 in file "C:\Program Files (x86)\Microchip\xc8\v1.34\sources\pic18\plib\Timers\t1write.c"
 Parameters:    Size  Location     Type
  timer1          2   25[COMRAM] unsigned int 
 Auto vars:     Size  Location     Type
  WriteTimer1     2    0[BANK0 ] struct Timers
 Return value:  Size  Location     Type
		None               void
 Registers used:
		None
 Tracked objects:
		On entry : 
		On exit  : 
		Unchanged: 
 Data sizes:     COMRAM   BANK0   BANK1   BANK2   BANK3   BANK4   BANK5   BANK6   BANK7   BANK8   BANK9  BANK10  BANK11  BANK12  BANK13  BANK14  BANK15
      Params:         2       0       0       0       0       0       0       0       0       0       0       0       0       0       0       0       0
      Locals:         0       2       0       0       0       0       0       0       0       0       0       0       0       0       0       0       0
      Temps:          0       0       0       0       0       0       0       0       0       0       0       0       0       0       0       0       0
      Totals:         2       2       0       0       0       0       0       0       0       0       0       0       0       0       0       0       0
Total ram usage:        4 bytes
 Hardware stack levels used:    1
 This function calls:
		Nothing
 This function is called by:
		_UltrasoundISR
 This function uses a non-reentrant model


 *************** function _ReadTimer1 *****************
 Defined at:
		line 15 in file "C:\Program Files (x86)\Microchip\xc8\v1.34\sources\pic18\plib\Timers\t1read.c"
 Parameters:    Size  Location     Type
		None
 Auto vars:     Size  Location     Type
  timer           2    0[BANK0 ] struct Timers
 Return value:  Size  Location     Type
                  2   25[COMRAM] unsigned int 
 Registers used:
		None
 Tracked objects:
		On entry : 
		On exit  : 
		Unchanged: 
 Data sizes:     COMRAM   BANK0   BANK1   BANK2   BANK3   BANK4   BANK5   BANK6   BANK7   BANK8   BANK9  BANK10  BANK11  BANK12  BANK13  BANK14  BANK15
      Params:         2       0       0       0       0       0       0       0       0       0       0       0       0       0       0       0       0
      Locals:         0       2       0       0       0       0       0       0       0       0       0       0       0       0       0       0       0
      Temps:          0       0       0       0       0       0       0       0       0       0       0       0       0       0       0       0       0
      Totals:         2       2       0       0       0       0       0       0       0       0       0       0       0       0       0       0       0
Total ram usage:        4 bytes
 Hardware stack levels used:    1
 This function calls:
		Nothing
 This function is called by:
		_UltrasoundISR
 This function uses a non-reentrant model


 *************** function _MillisecondTimerISR *****************
 Defined at:
		line 55 in file "MillisecondTimer.c"
 Parameters:    Size  Location     Type
		None
 Auto vars:     Size  Location     Type
		None
 Return value:  Size  Location     Type
		None               void
 Registers used:
		wreg, status,2, status,0, cstack
 Tracked objects:
		On entry : 
		On exit  : 
		Unchanged: 
 Data sizes:     COMRAM   BANK0   BANK1   BANK2   BANK3   BANK4   BANK5   BANK6   BANK7   BANK8   BANK9  BANK10  BANK11  BANK12  BANK13  BANK14  BANK15
      Params:         0       0       0       0       0       0       0       0       0       0       0       0       0       0       0       0       0
      Locals:         0       0       0       0       0       0       0       0       0       0       0       0       0       0       0       0       0
      Temps:          0       0       0       0       0       0       0       0       0       0       0       0       0       0       0       0       0
      Totals:         0       0       0       0       0       0       0       0       0       0       0       0       0       0       0       0       0
Total ram usage:        0 bytes
 Hardware stack levels used:    1
 Hardware stack levels required when called:    1
 This function calls:
		i2_WriteTimer0
 This function is called by:
		_isrHP
 This function uses a non-reentrant model


 *************** function i2_WriteTimer0 *****************
 Defined at:
		line 16 in file "C:\Program Files (x86)\Microchip\xc8\v1.34\sources\pic18\plib\Timers\t0write.c"
 Parameters:    Size  Location     Type
  timer0          2   25[COMRAM] unsigned int 
 Auto vars:     Size  Location     Type
  WriteTimer0     2    0[BANK0 ] struct Timers
 Return value:  Size  Location     Type
		None               void
 Registers used:
		None
 Tracked objects:
		On entry : 
		On exit  : 
		Unchanged: 
 Data sizes:     COMRAM   BANK0   BANK1   BANK2   BANK3   BANK4   BANK5   BANK6   BANK7   BANK8   BANK9  BANK10  BANK11  BANK12  BANK13  BANK14  BANK15
      Params:         2       0       0       0       0       0       0       0       0       0       0       0       0       0       0       0       0
      Locals:         0       2       0       0       0       0       0       0       0       0       0       0       0       0       0       0       0
      Temps:          0       0       0       0       0       0       0       0       0       0       0       0       0       0       0       0       0
      Totals:         2       2       0       0       0       0       0       0       0       0       0       0       0       0       0       0       0
Total ram usage:        4 bytes
 Hardware stack levels used:    1
 This function calls:
		Nothing
 This function is called by:
		_MillisecondTimerISR
 This function uses a non-reentrant model



MODULE INFORMATION

Module		Function		Class		Link	Load	Size
C:\Program Files (x86)\Microchip\xc8\v1.34\sources\pic18\plib\PWM\pw4open.c
		_OpenPWM4      		CODE           	2088	0000	39

C:\Program Files (x86)\Microchip\xc8\v1.34\sources\pic18\plib\PWM\pw4open.c estimated size: 39

BatteryLib/ds2781.c
		_ReadVoltage   		CODE           	1788	0000	107
		_ResetAccumulat		CODE           	1F1A	0000	45

BatteryLib/ds2781.c estimated size: 152

C:\Program Files (x86)\Microchip\xc8\v1.34\sources\pic18\plib\ADC\adcsetch.c
		_SetChanADC    		CODE           	2150	0000	31

C:\Program Files (x86)\Microchip\xc8\v1.34\sources\pic18\plib\ADC\adcsetch.c estimated size: 31

C:\Program Files (x86)\Microchip\xc8\v1.34\sources\pic18\plib\PWM\pw4setdc.c
		_SetDCPWM4     		CODE           	1ACA	0000	69

C:\Program Files (x86)\Microchip\xc8\v1.34\sources\pic18\plib\PWM\pw4setdc.c estimated size: 69

C:\Program Files (x86)\Microchip\xc8\v1.34\sources\pic18\plib\Timers\t1open.c
		_OpenTimer1    		CODE           	1E52	0000	53

C:\Program Files (x86)\Microchip\xc8\v1.34\sources\pic18\plib\Timers\t1open.c estimated size: 53

C:\Program Files (x86)\Microchip\xc8\v1.34\sources\pic18\d10ktcyx.c
		_Delay10KTCYx  		CODE           	2132	0000	31

C:\Program Files (x86)\Microchip\xc8\v1.34\sources\pic18\d10ktcyx.c estimated size: 31

C:\Program Files (x86)\Microchip\xc8\v1.34\sources\pic18\plib\ADC\adcopen.c
		_OpenADC       		CODE           	14F6	0000	125

C:\Program Files (x86)\Microchip\xc8\v1.34\sources\pic18\plib\ADC\adcopen.c estimated size: 125

MillisecondTimer.c
		_MillisecondTim		CODE           	218C	0000	31
		_ResetMillis0  		CODE           	2374	0000	11
		_ResetMillis1  		CODE           	236A	0000	11
		_ResetMillis2  		CODE           	239C	0000	11
		_ResetMillis3  		CODE           	2360	0000	11
		_ReadMillis0   		CODE           	2388	0000	11
		_ReadMillis1   		CODE           	237E	0000	11
		_ReadMillis2   		CODE           	23A6	0000	11

MillisecondTimer.c estimated size: 108

Motors.c
		_StopMotors    		CODE           	2114	0000	31
		_EnableMotors  		CODE           	23E6	0000	5
		_SetDCMotorL   		CODE           	2336	0000	15
		_SetDCMotorR   		CODE           	2328	0000	15
		_SetForwardsMot		CODE           	23DE	0000	5
		_SetDCMotorPID 		CODE           	1072	0000	169
		_SetUnipolar   		CODE           	23C8	0000	7
		_SetReverseMoto		CODE           	23DA	0000	5
		_SetDirectionFo		CODE           	23CE	0000	7
		_DisableMotors 		CODE           	23EA	0000	5

Motors.c estimated size: 264

Ultrasound.c
		_BusyDistanceAc		CODE           	2308	0000	17
		_GetDistance   		CODE           	2234	0000	21
		_ReadEchoLength		CODE           	2392	0000	11
		_ConfigureUltra		CODE           	1FC6	0000	41
		_UltrasoundISR 		CODE           	1EB8	0000	51

Ultrasound.c estimated size: 141

C:\Program Files (x86)\Microchip\xc8\v1.34\sources\pic18\plib\Timers\t0open.c
		_OpenTimer0    		CODE           	203C	0000	39

C:\Program Files (x86)\Microchip\xc8\v1.34\sources\pic18\plib\Timers\t0open.c estimated size: 39

C:\Program Files (x86)\Microchip\xc8\v1.34\sources\common\awmod.c
		___awmod       		CODE           	0F0E	0000	181

C:\Program Files (x86)\Microchip\xc8\v1.34\sources\common\awmod.c estimated size: 181

BatteryLib/OneWire.c
		_OWReset       		CODE           	1D06	0000	57
		_OWReadBit     		CODE           	1EEA	0000	49
		_OWReadByte    		CODE           	1D3E	0000	57
		_OWWriteBit    		CODE           	1C92	0000	59
		_OWWriteByte   		CODE           	1F46	0000	45

BatteryLib/OneWire.c estimated size: 267

C:\Program Files (x86)\Microchip\xc8\v1.34\sources\pic18\d1tcyx.c
		_Delay1TCYx    		CODE           	22F8	0000	17

C:\Program Files (x86)\Microchip\xc8\v1.34\sources\pic18\d1tcyx.c estimated size: 17

C:\Program Files (x86)\Microchip\xc8\v1.34\sources\pic18\plib\Timers\t1write.c
		_WriteTimer1   		CODE           	226E	0000	19

C:\Program Files (x86)\Microchip\xc8\v1.34\sources\pic18\plib\Timers\t1write.c estimated size: 19

C:\Program Files (x86)\Microchip\xc8\v1.34\sources\pic18\plib\Timers\t1read.c
		_ReadTimer1    		CODE           	22A4	0000	19

C:\Program Files (x86)\Microchip\xc8\v1.34\sources\pic18\plib\Timers\t1read.c estimated size: 19

eeprom.c
		_ReadCharEEPROM		CODE           	22C8	0000	17
		_ReadIntEEPROM 		CODE           	191C	0000	95
		_WriteIntEEPROM		CODE           	1E86	0000	51
		_WriteCharEEPRO		CODE           	225C	0000	19
		_ReadEEPROM    		CODE           	1F72	0000	45
		_WriteEEPROM   		CODE           	1BD6	0000	65

eeprom.c estimated size: 292

C:\Program Files (x86)\Microchip\xc8\v1.34\sources\pic18\plib\ADC\adcread.c
		_ReadADC       		CODE           	2318	0000	17

C:\Program Files (x86)\Microchip\xc8\v1.34\sources\pic18\plib\ADC\adcread.c estimated size: 17

C:\Program Files (x86)\Microchip\xc8\v1.34\sources\pic18\plib\USART\u1open.c
		_Open1USART    		CODE           	12F0	0000	135

C:\Program Files (x86)\Microchip\xc8\v1.34\sources\pic18\plib\USART\u1open.c estimated size: 135

shared
		i1_ConvertADC  		CODE           	23EE	0000	5
		__initializatio		CODE           	20F6	0000	25
		i1_SetChanADC  		CODE           	2208	0000	23
		i1___awmod     		CODE           	1376	0000	131
		i1_SetADCChanne		CODE           	0D54	0000	235
		i2_WriteTimer0 		CODE           	22B6	0000	19
		i2_WriteTimer1 		CODE           	2292	0000	19

shared estimated size: 457

C:\Program Files (x86)\Microchip\xc8\v1.34\sources\pic18\plib\ADC\adcconv.c
		_ConvertADC    		CODE           	23E2	0000	5

C:\Program Files (x86)\Microchip\xc8\v1.34\sources\pic18\plib\ADC\adcconv.c estimated size: 5

C:\Program Files (x86)\Microchip\xc8\v1.34\sources\pic18\plib\Timers\t0write.c
		_WriteTimer0   		CODE           	2280	0000	19

C:\Program Files (x86)\Microchip\xc8\v1.34\sources\pic18\plib\Timers\t0write.c estimated size: 19

C:\Program Files (x86)\Microchip\xc8\v1.34\sources\common\awdiv.c
		___awdiv       		CODE           	0E3E	0000	209

C:\Program Files (x86)\Microchip\xc8\v1.34\sources\common\awdiv.c estimated size: 209

C:\Program Files (x86)\Microchip\xc8\v1.34\sources\pic18\plib\PWM\pw5open.c
		_OpenPWM5      		CODE           	2062	0000	39

C:\Program Files (x86)\Microchip\xc8\v1.34\sources\pic18\plib\PWM\pw5open.c estimated size: 39

C:\Program Files (x86)\Microchip\xc8\v1.34\sources\pic18\plib\PWM\pw5setdc.c
		_SetDCPWM5     		CODE           	1B0E	0000	69

C:\Program Files (x86)\Microchip\xc8\v1.34\sources\pic18\plib\PWM\pw5setdc.c estimated size: 69

C:\Program Files (x86)\Microchip\xc8\v1.34\sources\pic18\plib\USART\u1read.c
		_Read1USART    		CODE           	2016	0000	39

C:\Program Files (x86)\Microchip\xc8\v1.34\sources\pic18\plib\USART\u1read.c estimated size: 39

FastBuggy17_Main_Code_TUNING.c
		_EnableSensorLE		CODE           	23D4	0000	7
		_ConfigureTimer		CODE           	21F2	0000	23
		_ConfigureTimer		CODE           	21C4	0000	25
		_ConfigureTimer		CODE           	23C0	0000	9
		_DisplaySensorS		CODE           	1A34	0000	81
		_CalculateSenso		CODE           	07F2	0000	325
		_SetPIDValues  		CODE           	0936	0000	323
		_main          		CODE           	00F0	0000	1795
		_CalculateDiscr		CODE           	1C16	0000	65
		_CalibrateOffLi		CODE           	19D8	0000	93
		_BusySensorAcq 		CODE           	22E8	0000	17
		_isrHP         		CODE           	0008	0000	145
		_ConfigureInter		CODE           	1FEE	0000	41
		_CalibrateOffse		CODE           	1264	0000	141
		_PB1pressed    		CODE           	197A	0000	95
		_ConfigureBuggy		CODE           	21AA	0000	27
		_PB2pressed    		CODE           	18BE	0000	95
		_GenerateCalibr		CODE           	0FC2	0000	177
		_NormaliseSenso		CODE           	1478	0000	127
		_SetADCChannel 		CODE           	0C66	0000	239
		_CalculateSenso		CODE           	0A78	0000	249
		_ConfigureADC  		CODE           	2248	0000	21
		_FlashLEDS     		CODE           	1F9E	0000	41
		_ConfigurePWM  		CODE           	2352	0000	15
		_GetSensorReadi		CODE           	21DC	0000	23
		_LoadCalibratio		CODE           	111A	0000	169
		_LoadPIDValues 		CODE           	0B70	0000	247
		_isrLP         		CODE           	0018	0000	213
		_CalibrateOnLin		CODE           	185A	0000	101

FastBuggy17_Main_Code_TUNING.c estimated size: 4929

Wireless.c
		_ConfigureWirel		CODE           	216E	0000	31
		_SendBattVoltag		CODE           	17F2	0000	105
		_SendPIDSetPoin		CODE           	1572	0000	109
		_GetCommand    		CODE           	23B8	0000	9
		_SendOffsets   		CODE           	11C2	0000	163
		_BusyTx        		CODE           	22D8	0000	17
		_SendPIDSetPoin		CODE           	15DE	0000	109
		_SendStatus    		CODE           	1CCC	0000	59
		_SendLineMode  		CODE           	1C56	0000	61
		_FlushTxBuf    		CODE           	1DE6	0000	55
		_SendStoredPIDV		CODE           	164A	0000	107
		_GetCharRxBuf  		CODE           	1A84	0000	71
		_GetCharTxBuf  		CODE           	1DAE	0000	57
		_WirelessTx_ISR		CODE           	20AE	0000	39
		_SendCurrentPID		CODE           	171E	0000	107
		_CommandAvailab		CODE           	2344	0000	15
		_FlushRxBuf    		CODE           	1E1C	0000	55
		_StartTx       		CODE           	23B0	0000	9
		_SendDefaultPID		CODE           	16B4	0000	107
		_PutCharRxBuf  		CODE           	1B52	0000	67
		_PutCharTxBuf  		CODE           	1B94	0000	67

Wireless.c estimated size: 1419

C:\Program Files (x86)\Microchip\xc8\v1.34\sources\pic18\plib\Timers\t2open.c
		_OpenTimer2    		CODE           	20D4	0000	35

C:\Program Files (x86)\Microchip\xc8\v1.34\sources\pic18\plib\Timers\t2open.c estimated size: 35

C:\Program Files (x86)\Microchip\xc8\v1.34\sources\pic18\plib\USART\u1write.c
		_Write1USART   		CODE           	221E	0000	23

C:\Program Files (x86)\Microchip\xc8\v1.34\sources\pic18\plib\USART\u1write.c estimated size: 23

C:\Program Files (x86)\Microchip\xc8\v1.34\sources\common\Umul16.c
		___wmul        		CODE           	1D76	0000	57

C:\Program Files (x86)\Microchip\xc8\v1.34\sources\common\Umul16.c estimated size: 57

