Microchip MPLAB XC8 Compiler V1.34 ()

Linker command line:

-W-3 --edf=C:\Program Files (x86)\Microchip\xc8\v1.34\dat\en_msgs.txt -cs \
  -h+dist/default/production\fast-buggy17.production.sym \
  --cmf=dist/default/production\fast-buggy17.production.cmf -z -Q18F8722 \
  -oC:\Users\Jack\AppData\Local\Temp\s768.6 \
  -Mdist/default/production/fast-buggy17.production.map -E1 -ver=XC8 \
  -ASTACK=016Eh-0f5fh -pstack=STACK -ACODE=00h-01FFFFh -ACONST=00h-01FFFFh \
  -ASMALLCONST=01000h-010FFhx496 \
  -AMEDIUMCONST=01000h-0FFFFh,011000h-01FFFFh -ACOMRAM=01h-05Fh \
  -AABS1=00h-0F5Fh -ABIGRAM=01h-0F5Fh \
  -ARAM=060h-0FFh,0100h-01FFhx14,0F00h-0F5Fh -ABANK0=060h-0FFh \
  -ABANK1=0100h-01FFh -ABANK2=0200h-02FFh -ABANK3=0300h-03FFh \
  -ABANK4=0400h-04FFh -ABANK5=0500h-05FFh -ABANK6=0600h-06FFh \
  -ABANK7=0700h-07FFh -ABANK8=0800h-08FFh -ABANK9=0900h-09FFh \
  -ABANK10=0A00h-0AFFh -ABANK11=0B00h-0BFFh -ABANK12=0C00h-0CFFh \
  -ABANK13=0D00h-0DFFh -ABANK14=0E00h-0EFFh -ABANK15=0F00h-0F5Fh \
  -ASFR=0F60h-0FFFh \
  -preset_vec=00h,intcode=08h,intcodelo=018h,powerup,init,end_init \
  -pramtop=01000h -psmallconst=SMALLCONST -pmediumconst=MEDIUMCONST \
  -pconst=CONST -AFARRAM=00h-00h -ACONFIG=0300000h-030000Dh -pconfig=CONFIG \
  -AIDLOC=0200000h-0200007h -pidloc=IDLOC -AEEDATA=0F00000h-0F003FFh \
  -peeprom_data=EEDATA \
  -prdata=COMRAM,nvrram=COMRAM,nvbit=COMRAM,rbss=COMRAM,rbit=COMRAM \
  -pfarbss=FARRAM,fardata=FARRAM,nvFARRAM=FARRAM \
  -pintsave_regs=BIGRAM,bigbss=BIGRAM,bigdata=BIGRAM -pbss=RAM \
  -pidata=CODE,irdata=CODE,ibigdata=CODE,ifardata=CODE -prparam=COMRAM \
  C:\Users\Jack\AppData\Local\Temp\s768.obj \
  dist/default/production\fast-buggy17.production.obj 

Object code version is 3.11

Machine type is 18F8722

Call graph: (short form)




                Name                               Link     Load   Length Selector   Space Scale
C:\Users\Jack\AppData\Local\Temp\s768.obj
                end_init                             EC       EC        4        C       0
                reset_vec                             0        0        4        0       0
                idloc                            200000   200000        8   200000       0
                config                           300000   300000        E   300000       0
dist/default/production\fast-buggy17.production.obj
                intcodelo                            18       18       D4        C       0
                intcode                               8        8       10        4       0
                smallconst                         1000     1000       3C      800       0
                text130                            44E2     44E2       12      81E       0
                text129                            43C2     43C2       1A      81E       0
                text128                            44D0     44D0       12      81E       0
                text127                            44BE     44BE       12      81E       0
                text126                            4068     4068       32      81E       0
                intcode_body                       35BE     35BE       80      81E       0
                text124                            34BC     34BC       82      81E       0
                text123                            3F5E     3F5E       38      81E       0
                text122                            4436     4436       16      81E       0
                text121                            42E8     42E8       26      81E       0
                text120                            461E     461E        4      81E       0
                text119                            4544     4544       10      81E       0
                text118                            4420     4420       16      81E       0
                text117                            2DC4     2DC4       EA      81E       0
                text115                            4534     4534       10      81E       0
                text114                            2F7C     2F7C       B8      81E       0
                text113                            26CA     26CA      120      81E       0
                text112                            40FA     40FA       30      81E       0
                text111                            353E     353E       80      81E       0
                text110                            3C2C     3C2C       48      81E       0
                text109                            21F6     21F6      142      81E       0
                text108                            40CA     40CA       30      81E       0
                text107                            1792     1792      27E      81E       0
                text106                            3BDC     3BDC       50      81E       0
                text105                            1F58     1F58      15C      81E       0
                text104                            3F26     3F26       38      81E       0
                text103                            2AF2     2AF2       F6      81E       0
                text102                            3394     3394       A2      81E       0
                text101                            2EAE     2EAE       CE      81E       0
                text100                            2478     2478      132      81E       0
                text99                             319E     319E       AE      81E       0
                text98                             2900     2900       FC      81E       0
                text97                             27EA     27EA      116      81E       0
                text96                             1A10     1A10      228      81E       0
                text95                             2338     2338      140      81E       0
                text94                             1C38     1C38      19A      81E       0
                text93                             324C     324C       A6      81E       0
                text92                             363E     363E       7C      81E       0
                text91                             4474     4474       14      81E       0
                text90                             43A8     43A8       1A      81E       0
                text89                             4228     4228       28      81E       0
                text88                             42C2     42C2       26      81E       0
                text87                             429C     429C       26      81E       0
                text86                             458C     458C        E      81E       0
                text85                             4276     4276       26      81E       0
                text84                             44AC     44AC       12      81E       0
                text83                             440A     440A       16      81E       0
                text82                             4002     4002       34      81E       0
                text81                             449A     449A       12      81E       0
                text80                             43DC     43DC       18      81E       0
                text79                             430E     430E       22      81E       0
                text78                             45F0     45F0        8      81E       0
                text77                             4200     4200       28      81E       0
                text76                             3FCC     3FCC       36      81E       0
                text75                             3F96     3F96       36      81E       0
                text74                             3436     3436       86      81E       0
                text73                             438A     438A       1E      81E       0
                text72                             461A     461A        4      81E       0
                text71                             4616     4616        4      81E       0
                text70                             4604     4604        6      81E       0
                text69                             4524     4524       10      81E       0
                text68                             4460     4460       14      81E       0
                text67                             4514     4514       10      81E       0
                text66                             4612     4612        4      81E       0
                text65                             436C     436C       1E      81E       0
                text64                             2CD6     2CD6       EE      81E       0
                text63                             43F4     43F4       16      81E       0
                text62                             3730     3730       76      81E       0
                text61                             457E     457E        E      81E       0
                text60                             2BE8     2BE8       EE      81E       0
                text59                             3B8C     3B8C       50      81E       0
                text58                             36BA     36BA       76      81E       0
                text57                             444C     444C       14      81E       0
                text56                             3B3C     3B3C       50      81E       0
                text55                             434E     434E       1E      81E       0
                text54                             41D8     41D8       28      81E       0
                text53                             4570     4570        E      81E       0
                text52                             4250     4250       26      81E       0
                text51                             45E8     45E8        8      81E       0
                text50                             45D6     45D6        A      81E       0
                text49                             45CC     45CC        A      81E       0
                text48                             3ADE     3ADE       5E      81E       0
                text47                             4504     4504       10      81E       0
                text46                             30EA     30EA       B4      81E       0
                text45                             3D84     3D84       42      81E       0
                text44                             45E0     45E0        8      81E       0
                text43                             32F2     32F2       A2      81E       0
                text42                             3E7C     3E7C       3A      81E       0
                text41                             37A6     37A6       6C      81E       0
                text40                             3DC6     3DC6       40      81E       0
                text39                             4488     4488       12      81E       0
                text38                             4036     4036       32      81E       0
                text37                             25AA     25AA      120      81E       0
                text36                             4182     4182       2C      81E       0
                text35                             44F4     44F4       10      81E       0
                text34                             3A80     3A80       5E      81E       0
                text33                             1DD2     1DD2      186      81E       0
                text32                             3A22     3A22       5E      81E       0
                text31                             3C74     3C74       46      81E       0
                text30                             3D42     3D42       42      81E       0
                text29                             20B4     20B4      142      81E       0
                text28                             29FC     29FC       F6      81E       0
                text27                             45C2     45C2        A      81E       0
                text26                             45B8     45B8        A      81E       0
                text25                             45AE     45AE        A      81E       0
                text24                             409A     409A       30      81E       0
                text23                             3EEE     3EEE       38      81E       0
                text22                             3EB6     3EB6       38      81E       0
                text21                             3E42     3E42       3A      81E       0
                text20                             4156     4156       2C      81E       0
                text19                             3950     3950       6A      81E       0
                text18                             412A     412A       2C      81E       0
                text17                             45A4     45A4        A      81E       0
                text16                             459A     459A        A      81E       0
                text15                             39BA     39BA       68      81E       0
                text14                             38E6     38E6       6A      81E       0
                text13                             387C     387C       6A      81E       0
                text12                             3E06     3E06       3C      81E       0
                text11                             3812     3812       6A      81E       0
                text10                             3CFE     3CFE       44      81E       0
                text9                              4562     4562        E      81E       0
                text8                              3CBA     3CBA       44      81E       0
                text7                              4554     4554        E      81E       0
                text6                              3034     3034       B6      81E       0
                text5                              45FE     45FE        6      81E       0
                text4                              460E     460E        4      81E       0
                text3                              460A     460A        4      81E       0
                text2                              45F8     45F8        6      81E       0
                text1                              4330     4330       1E      81E       0
                text0                              103C     103C      756      81E       0
                cstackCOMRAM                         2B       2B       1B        1       1
                cstackBANK0                          60       60       6B       60       1
                cstackBANK1                         13C      13C       2C      100       1
                bssBANK1                            100      100       3C      100       1
                bssBANK0                             CB       CB       20       60       1
                bssCOMRAM                             1        1       2A        1       1
                cinit                              41AE     41AE       2A      81E       0
                nvBANK1                             168      168        6      100       1
                nvBANK0                              EB       EB        2       60       1

TOTAL           Name                               Link     Load   Length     Space
        CLASS   STACK          

        CLASS   CODE           
                end_init                             EC       EC        4         0
                intcodelo                            18       18       D4         0
                intcode                               8        8       10         0
                reset_vec                             0        0        4         0
                text130                            44E2     44E2       12         0
                text129                            43C2     43C2       1A         0
                text128                            44D0     44D0       12         0
                text127                            44BE     44BE       12         0
                text126                            4068     4068       32         0
                intcode_body                       35BE     35BE       80         0
                text124                            34BC     34BC       82         0
                text123                            3F5E     3F5E       38         0
                text122                            4436     4436       16         0
                text121                            42E8     42E8       26         0
                text120                            461E     461E        4         0
                text119                            4544     4544       10         0
                text118                            4420     4420       16         0
                text117                            2DC4     2DC4       EA         0
                text115                            4534     4534       10         0
                text114                            2F7C     2F7C       B8         0
                text113                            26CA     26CA      120         0
                text112                            40FA     40FA       30         0
                text111                            353E     353E       80         0
                text110                            3C2C     3C2C       48         0
                text109                            21F6     21F6      142         0
                text108                            40CA     40CA       30         0
                text107                            1792     1792      27E         0
                text106                            3BDC     3BDC       50         0
                text105                            1F58     1F58      15C         0
                text104                            3F26     3F26       38         0
                text103                            2AF2     2AF2       F6         0
                text102                            3394     3394       A2         0
                text101                            2EAE     2EAE       CE         0
                text100                            2478     2478      132         0
                text99                             319E     319E       AE         0
                text98                             2900     2900       FC         0
                text97                             27EA     27EA      116         0
                text96                             1A10     1A10      228         0
                text95                             2338     2338      140         0
                text94                             1C38     1C38      19A         0
                text93                             324C     324C       A6         0
                text92                             363E     363E       7C         0
                text91                             4474     4474       14         0
                text90                             43A8     43A8       1A         0
                text89                             4228     4228       28         0
                text88                             42C2     42C2       26         0
                text87                             429C     429C       26         0
                text86                             458C     458C        E         0
                text85                             4276     4276       26         0
                text84                             44AC     44AC       12         0
                text83                             440A     440A       16         0
                text82                             4002     4002       34         0
                text81                             449A     449A       12         0
                text80                             43DC     43DC       18         0
                text79                             430E     430E       22         0
                text78                             45F0     45F0        8         0
                text77                             4200     4200       28         0
                text76                             3FCC     3FCC       36         0
                text75                             3F96     3F96       36         0
                text74                             3436     3436       86         0
                text73                             438A     438A       1E         0
                text72                             461A     461A        4         0
                text71                             4616     4616        4         0
                text70                             4604     4604        6         0
                text69                             4524     4524       10         0
                text68                             4460     4460       14         0
                text67                             4514     4514       10         0
                text66                             4612     4612        4         0
                text65                             436C     436C       1E         0
                text64                             2CD6     2CD6       EE         0
                text63                             43F4     43F4       16         0
                text62                             3730     3730       76         0
                text61                             457E     457E        E         0
                text60                             2BE8     2BE8       EE         0
                text59                             3B8C     3B8C       50         0
                text58                             36BA     36BA       76         0
                text57                             444C     444C       14         0
                text56                             3B3C     3B3C       50         0
                text55                             434E     434E       1E         0
                text54                             41D8     41D8       28         0
                text53                             4570     4570        E         0
                text52                             4250     4250       26         0
                text51                             45E8     45E8        8         0
                text50                             45D6     45D6        A         0
                text49                             45CC     45CC        A         0
                text48                             3ADE     3ADE       5E         0
                text47                             4504     4504       10         0
                text46                             30EA     30EA       B4         0
                text45                             3D84     3D84       42         0
                text44                             45E0     45E0        8         0
                text43                             32F2     32F2       A2         0
                text42                             3E7C     3E7C       3A         0
                text41                             37A6     37A6       6C         0
                text40                             3DC6     3DC6       40         0
                text39                             4488     4488       12         0
                text38                             4036     4036       32         0
                text37                             25AA     25AA      120         0
                text36                             4182     4182       2C         0
                text35                             44F4     44F4       10         0
                text34                             3A80     3A80       5E         0
                text33                             1DD2     1DD2      186         0
                text32                             3A22     3A22       5E         0
                text31                             3C74     3C74       46         0
                text30                             3D42     3D42       42         0
                text29                             20B4     20B4      142         0
                text28                             29FC     29FC       F6         0
                text27                             45C2     45C2        A         0
                text26                             45B8     45B8        A         0
                text25                             45AE     45AE        A         0
                text24                             409A     409A       30         0
                text23                             3EEE     3EEE       38         0
                text22                             3EB6     3EB6       38         0
                text21                             3E42     3E42       3A         0
                text20                             4156     4156       2C         0
                text19                             3950     3950       6A         0
                text18                             412A     412A       2C         0
                text17                             45A4     45A4        A         0
                text16                             459A     459A        A         0
                text15                             39BA     39BA       68         0
                text14                             38E6     38E6       6A         0
                text13                             387C     387C       6A         0
                text12                             3E06     3E06       3C         0
                text11                             3812     3812       6A         0
                text10                             3CFE     3CFE       44         0
                text9                              4562     4562        E         0
                text8                              3CBA     3CBA       44         0
                text7                              4554     4554        E         0
                text6                              3034     3034       B6         0
                text5                              45FE     45FE        6         0
                text4                              460E     460E        4         0
                text3                              460A     460A        4         0
                text2                              45F8     45F8        6         0
                text1                              4330     4330       1E         0
                text0                              103C     103C      756         0
                cinit                              41AE     41AE       2A         0

        CLASS   CONST          

        CLASS   SMALLCONST     
                smallconst                         1000     1000       3C         0

        CLASS   MEDIUMCONST    

        CLASS   COMRAM         
                cstackCOMRAM                         2B       2B       1B         1
                bssCOMRAM                             1        1       2A         1

        CLASS   ABS1           

        CLASS   BIGRAM         

        CLASS   RAM            

        CLASS   BANK0          
                cstackBANK0                          60       60       6B         1
                bssBANK0                             CB       CB       20         1
                nvBANK0                              EB       EB        2         1

        CLASS   BANK1          
                cstackBANK1                         13C      13C       2C         1
                bssBANK1                            100      100       3C         1
                nvBANK1                             168      168        6         1

        CLASS   BANK2          

        CLASS   BANK3          

        CLASS   BANK4          

        CLASS   BANK5          

        CLASS   BANK6          

        CLASS   BANK7          

        CLASS   BANK8          

        CLASS   BANK9          

        CLASS   BANK10         

        CLASS   BANK11         

        CLASS   BANK12         

        CLASS   BANK13         

        CLASS   BANK14         

        CLASS   BANK15         

        CLASS   SFR            

        CLASS   FARRAM         

        CLASS   CONFIG         
                config                           300000   300000        E         0

        CLASS   IDLOC          
                idloc                            200000   200000        8         0

        CLASS   EEDATA         



SEGMENTS        Name                           Load    Length   Top    Selector   Space  Class

                reset_vec                      000000  000004  000004         0       0  CODE    
                bssCOMRAM                      000001  000045  000046         1       1  COMRAM  
                intcode                        000008  000010  000018         4       0  CODE    
                intcodelo                      000018  0000D8  0000F0         C       0  CODE    
                cstackBANK0                    000060  00008D  0000ED        60       1  BANK0   
                bssBANK1                       000100  00006E  00016E       100       1  BANK1   
                smallconst                     001000  00003C  00103C       800       0  SMALLCON
                text0                          00103C  0035E6  004622       81E       0  CODE    
                idloc                          200000  000008  200008    200000       0  IDLOC   
                config                         300000  00000E  30000E    300000       0  CONFIG  


UNUSED ADDRESS RANGES

        Name                Unused          Largest block    Delta
        BANK0            0000ED-0000FF               13
        BANK1            00016E-0001FF               92
        BANK10           000A00-000AFF              100
        BANK11           000B00-000BFF              100
        BANK12           000C00-000CFF              100
        BANK13           000D00-000DFF              100
        BANK14           000E00-000EFF              100
        BANK15           000F00-000F5F               60
        BANK2            000200-0002FF              100
        BANK3            000300-0003FF              100
        BANK4            000400-0004FF              100
        BANK5            000500-0005FF              100
        BANK6            000600-0006FF              100
        BANK7            000700-0007FF              100
        BANK8            000800-0008FF              100
        BANK9            000900-0009FF              100
        BIGRAM           000046-00005F               1A
                         0000ED-0000FF               13
                         00016E-000F5F              DF2
        CODE             000004-000007                4
                         0000F0-000FFF              F10
                         004622-01FFFF            1B9DE
        COMRAM           000046-00005F               1A
        CONST            000004-000007                4
                         0000F0-000FFF              F10
                         004622-01FFFF            1B9DE
        EEDATA           F00000-F003FF              400
        MEDIUMCONST      004622-00FFFF             B9DE
                         011000-01FFFF             F000
        RAM              0000ED-0000FF               13
                         00016E-000F5F              100
        SFR              000F60-000FFF               A0
        SMALLCONST       004622-01FFFF              100
        STACK            00016E-000F5F              DF2

                                  Symbol Table

?_CalculateSensorError             cstackBANK0  000070
?_ReadADC                          cstackBANK0  000070
?_ReadEchoLength                   cstackBANK0  000070
?_ReadIntEEPROM                    cstackBANK0  000072
?_ReadMillis0                      cstackBANK0  000070
?_ReadMillis1                      cstackBANK0  000070
?_ReadMillis2                      cstackBANK0  000070
?_ReadTimer1                       cstackCOMRAM 000044
?_ReadVoltage                      cstackBANK0  000073
?___altoft                         cstackBANK0  00009A
?___awmod                          cstackBANK0  000070
?___awtoft                         cstackBANK0  000078
?___ftadd                          cstackBANK0  00008B
?___ftdiv                          cstackBANK0  000078
?___ftmul                          cstackBANK0  00007C
?___ftneg                          cstackBANK0  000070
?___ftpack                         cstackBANK0  000070
?___ftsub                          cstackBANK0  000097
?___fttol                          cstackBANK0  00008B
?___lbtoft                         cstackBANK0  000078
?___lltoft                         cstackBANK0  000078
?___wmul                           cstackBANK0  000070
?_eval_poly                        cstackBANK0  000097
?_exp                              cstackBANK0  0000AC
?_floor                            cstackBANK0  0000A4
?_frexp                            cstackBANK0  000070
?_ldexp                            cstackBANK0  0000A3
?_log                              cstackBANK0  0000A3
?_pow                              cstackBANK0  0000B5
?i1_ReadADC                        cstackCOMRAM 00002B
?i1___awmod                        cstackCOMRAM 00002B
CalculateSensorError@sum           cstackBANK0  000070
CalculateSensorStatuses@index      cstackBANK0  000073
CalculateSensorSums@index          cstackBANK0  0000CA
CalculateSensorSums@sum            cstackBANK0  0000C9
CalibrateOffsets@index             cstackBANK0  000075
ConfigureUltrasound@echo_to_cm     cstackBANK0  000074
ConfigureUltrasound@echo_to_in     cstackBANK0  000077
Delay10KTCYx@unit                  cstackBANK0  000071
Delay1TCYx@unit                    cstackBANK0  000070
DisplaySensorStatuses@index        cstackBANK0  000074
DisplaySensorStatuses@status_array cstackBANK0  000070
FlushRxBuf@index                   cstackBANK0  000070
FlushTxBuf@index                   cstackBANK0  000070
GenerateCalibration@index          cstackBANK0  00007F
GetCharRxBuf@ch                    cstackBANK0  000077
GetCharTxBuf@ch                    cstackCOMRAM 000032
LoadCalibration@index              cstackBANK0  000082
NormaliseSensorReadings@index      cstackBANK0  000074
OWReadBit@result                   cstackBANK0  000070
OWReadByte@i                       cstackBANK0  000072
OWReadByte@result                  cstackBANK0  000071
OWReset@result                     cstackBANK0  000070
OWWriteBit@b                       cstackBANK0  000070
OWWriteByte@byte                   cstackBANK0  000071
OWWriteByte@i                      cstackBANK0  000072
Open1USART@config                  cstackBANK0  000072
Open1USART@spbrg                   cstackBANK0  000070
OpenADC@config                     cstackBANK0  000074
OpenADC@config2                    cstackBANK0  000070
OpenADC@portconfig                 cstackBANK0  000071
OpenPWM4@period                    cstackBANK0  000070
OpenPWM5@period                    cstackBANK0  000070
OpenTimer0@config                  cstackBANK0  000070
OpenTimer1@config                  cstackBANK0  000070
OpenTimer2@config                  cstackBANK0  000070
PutCharRxBuf@ch                    cstackBANK0  000077
PutCharTxBuf@ch                    cstackBANK0  000077
Read1USART@data                    cstackBANK0  000070
ReadCharEEPROM@address             cstackBANK0  000072
ReadEEPROM@address                 cstackBANK0  000070
ReadIntEEPROM@address              cstackBANK0  000072
ReadIntEEPROM@data                 cstackBANK0  000077
ReadTimer1@timer                   cstackBANK0  000060
ReadVoltage@result                 cstackBANK0  000078
SendBattVoltageInitial@reading     cstackBANK0  000078
SendCurrentPIDValues@Kd            cstackBANK0  00007A
SendCurrentPIDValues@Ki            cstackBANK0  00007C
SendCurrentPIDValues@Kp            cstackBANK0  000078
SendDefaultPIDValues@Kd            cstackBANK0  00007A
SendDefaultPIDValues@Ki            cstackBANK0  00007C
SendDefaultPIDValues@Kp            cstackBANK0  000078
SendLineMode@line_mode             cstackBANK0  000078
SendOffsets@index                  cstackBANK0  00007C
SendOffsets@offsets_array          cstackBANK0  000078
SendStatus@status_code             cstackBANK0  000078
SendStoredPIDValues@Kd             cstackBANK0  00007A
SendStoredPIDValues@Ki             cstackBANK0  00007C
SendStoredPIDValues@Kp             cstackBANK0  000078
SendThreshold@sensor_threshold     cstackBANK0  000078
SetADCChannel@channel              cstackBANK0  000072
SetChanADC@channel                 cstackBANK0  000071
SetDCMotorL@duty_cycle             cstackBANK0  000076
SetDCMotorPID@PIDoutput            cstackBANK0  000078
SetDCMotorR@duty_cycle             cstackBANK0  000076
SetDCPWM4@DCycle                   cstackBANK0  000074
SetDCPWM4@dutycycle                cstackBANK0  000070
SetDCPWM5@DCycle                   cstackBANK0  000074
SetDCPWM5@dutycycle                cstackBANK0  000070
SetPIDValues@char_index            cstackBANK0  00007C
Write1USART@data                   cstackCOMRAM 00002B
WriteCharEEPROM@address            cstackBANK0  000073
WriteCharEEPROM@data               cstackBANK0  000075
WriteEEPROM@address                cstackBANK0  000070
WriteEEPROM@data                   cstackBANK0  000072
WriteIntEEPROM@address             cstackBANK0  000073
WriteIntEEPROM@data                cstackBANK0  000075
WriteTimer0@timer                  cstackBANK0  000072
WriteTimer0@timer0                 cstackBANK0  000070
WriteTimer1@timer                  cstackBANK0  000072
WriteTimer1@timer1                 cstackBANK0  000070
_ADCON0                            (abs)        000FC2
_ADCON0bits                        (abs)        000FC2
_ADCON1                            (abs)        000FC1
_ADCON2                            (abs)        000FC0
_ADRESH                            (abs)        000FC4
_ADRESL                            (abs)        000FC3
_BusyADC                           text61       00457E
_BusyDistanceAcq                   text115      004534
_BusySensorAcq                     text67       004514
_BusyTx                            text47       004504
_CCP4CON                           (abs)        000F73
_CCP5CON                           (abs)        000F70
_CCPR4L                            (abs)        000F74
_CCPR5L                            (abs)        000F71
_CalculateSensorError              text114      002F7C
_CalculateSensorStatuses           text60       002BE8
_CalculateSensorSums               text93       00324C
_CalculateSensorSums$3769          cstackBANK0  0000C6
_CalibrateOffsets                  text62       003730
_CalibrateThreshold                text56       003B3C
_CommandAvailable                  text53       004570
_ConfigureADC                      text91       004474
_ConfigureBuggyIO                  text90       0043A8
_ConfigureInterrupts               text89       004228
_ConfigurePWM                      text86       00458C
_ConfigureTimer0                   text83       00440A
_ConfigureTimer1                   text80       0043DC
_ConfigureTimer2                   text78       0045F0
_ConfigureUltrasound               text77       004200
_ConfigureWireless                 text73       00438A
_ConvertADC                        text66       004612
_DCmotorL                          bssCOMRAM    000007
_DCmotorR                          bssCOMRAM    000009
_Delay10KTCYx                      text55       00434E
_Delay1TCYx                        text69       004524
_DisableMotors                     text72       00461A
_DisplaySensorStatuses             text59       003B8C
_EEADR                             (abs)        000FA9
_EEADRH                            (abs)        000FAA
_EECON1bits                        (abs)        000FA6
_EECON2                            (abs)        000FA7
_EEDATA                            (abs)        000FA8
_EnableMotors                      text71       004616
_EnableSensorLEDS                  text70       004604
_FlashLEDS                         text54       0041D8
_FlushRxBuf                        text76       003FCC
_FlushTxBuf                        text75       003F96
_GenerateCalibration               text37       0025AA
_GetCharRxBuf                      text31       003C74
_GetCharTxBuf                      text123      003F5E
_GetCommand                        text51       0045E8
_GetDistance                       text68       004460
_GetSensorReadings                 text63       0043F4
_INTCON2bits                       (abs)        000FF1
_INTCON3bits                       (abs)        000FF0
_INTCONbits                        (abs)        000FF2
_IPR1bits                          (abs)        000F9F
_LATDbits                          (abs)        000F8C
_LATE                              (abs)        000F8D
_LATEbits                          (abs)        000F8D
_LATHbits                          (abs)        000F90
_LATJ                              (abs)        000F91
_LoadCalibration                   text33       001DD2
_LoadPIDValues                     text28       0029FC
_MillisecondTimerISR               text129      0043C2
_NormaliseSensorReadings           text58       0036BA
_OWReadBit                         text24       00409A
_OWReadByte                        text23       003EEE
_OWReset                           text22       003EB6
_OWWriteBit                        text21       003E42
_OWWriteByte                       text20       004156
_Open1USART                        text74       003436
_OpenADC                           text92       00363E
_OpenPWM4                          text88       0042C2
_OpenPWM5                          text87       00429C
_OpenTimer0                        text85       004276
_OpenTimer1                        text82       004002
_OpenTimer2                        text79       00430E
_PB1pressed                        text48       003ADE
_PB2pressed                        text32       003A22
_PID_Kd                            bssBANK0     0000D5
_PID_Ki                            bssBANK0     0000D7
_PID_Kp                            bssBANK0     0000E9
_PID_error                         bssBANK0     0000D9
_PID_output                        bssBANK0     0000DB
_PIE1bits                          (abs)        000F9D
_PIR1bits                          (abs)        000F9E
_PORTBbits                         (abs)        000F81
_PORTHbits                         (abs)        000F87
_PR2                               (abs)        000FCB
_PR4                               (abs)        000F77
_PutCharRxBuf                      text30       003D42
_PutCharTxBuf                      text45       003D84
_RCONbits                          (abs)        000FD0
_RCREG1                            (abs)        000FAE
_RCSTA1                            (abs)        000FAB
_RCSTA1bits                        (abs)        000FAB
_Read1USART                        text52       004250
_ReadADC                           text57       00444C
_ReadCharEEPROM                    text35       0044F4
_ReadEEPROM                        text36       004182
_ReadEchoLength                    text27       0045C2
_ReadIntEEPROM                     text34       003A80
_ReadMillis0                       text26       0045B8
_ReadMillis1                       text25       0045AE
_ReadMillis2                       text50       0045D6
_ReadTimer1                        text128      0044D0
_ReadVoltage                       text19       003950
_ResetAccumulatedCurrent           text18       00412A
_ResetMillis0                      text17       0045A4
_ResetMillis1                      text16       00459A
_ResetMillis2                      text49       0045CC
_RxCharacter                       bssCOMRAM    000013
_Rx_buffer                         bssBANK1     000100
_Rx_chars_received                 bssCOMRAM    000014
_Rx_complete                       bssCOMRAM    000015
_Rx_msg_length                     bssCOMRAM    000016
_SPBRG1                            (abs)        000FAF
_SPBRGH1                           (abs)        000F7F
_SendBattVoltageInitial            text15       0039BA
_SendCurrentPIDValues              text14       0038E6
_SendDefaultPIDValues              text13       00387C
_SendLineMode                      text12       003E06
_SendOffsets                       text43       0032F2
_SendStatus                        text42       003E7C
_SendStoredPIDValues               text11       003812
_SendThreshold                     text41       0037A6
_SetADCChannel                     text64       002CD6
_SetChanADC                        text65       00436C
_SetDCMotorL                       text9        004562
_SetDCMotorPID                     text6        003034
_SetDCMotorR                       text7        004554
_SetDCPWM4                         text8        003CBA
_SetDCPWM5                         text10       003CFE
_SetDirectionForward               text5        0045FE
_SetForwardsMotorR                 text4        00460E
_SetPIDValues                      text29       0020B4
_SetReverseMotorL                  text3        00460A
_SetUnipolar                       text2        0045F8
_StartTx                           text44       0045E0
_StopMotors                        text1        004330
_SystemClock                       bssCOMRAM    000001
_T0CON                             (abs)        000FD5
_T0CONbits                         (abs)        000FD5
_T1CON                             (abs)        000FCD
_T1CONbits                         (abs)        000FCD
_T2CON                             (abs)        000FCA
_T2CONbits                         (abs)        000FCA
_T3CONbits                         (abs)        000FB1
_T4CONbits                         (abs)        000F76
_TMR0H                             (abs)        000FD7
_TMR0L                             (abs)        000FD6
_TMR1H                             (abs)        000FCF
_TMR1L                             (abs)        000FCE
_TMR2                              (abs)        000FCC
_TRISA                             (abs)        000F92
_TRISB                             (abs)        000F93
_TRISC                             (abs)        000F94
_TRISCbits                         (abs)        000F94
_TRISD                             (abs)        000F95
_TRISE                             (abs)        000F96
_TRISG                             (abs)        000F98
_TRISGbits                         (abs)        000F98
_TRISHbits                         (abs)        000F99
_TRISJ                             (abs)        000F9A
_TXREG1                            (abs)        000FAD
_TXSTA1                            (abs)        000FAC
_TXSTA1bits                        (abs)        000FAC
_TxCharacter                       bssCOMRAM    000017
_Tx_buffer                         bssBANK1     000119
_Tx_complete                       bssCOMRAM    000018
_USART1_Status                     bssCOMRAM    000019
_UltrasoundISR                     text126      004068
_WirelessTx_ISR                    text121      0042E8
_Write1USART                       text122      004436
_WriteCharEEPROM                   text39       004488
_WriteEEPROM                       text40       003DC6
_WriteIntEEPROM                    text38       004036
_WriteTimer0                       text84       0044AC
_WriteTimer1                       text81       00449A
__CFG_ADDRBW$ADDR20BIT             (abs)        000000
__CFG_BBSIZ$BB2K                   (abs)        000000
__CFG_BOREN$OFF                    (abs)        000000
__CFG_BORV$0                       (abs)        000000
__CFG_CCP2MX$PORTC                 (abs)        000000
__CFG_CP0$OFF                      (abs)        000000
__CFG_CP1$OFF                      (abs)        000000
__CFG_CP2$OFF                      (abs)        000000
__CFG_CP3$OFF                      (abs)        000000
__CFG_CP4$OFF                      (abs)        000000
__CFG_CP5$OFF                      (abs)        000000
__CFG_CP6$OFF                      (abs)        000000
__CFG_CP7$OFF                      (abs)        000000
__CFG_CPB$OFF                      (abs)        000000
__CFG_CPD$OFF                      (abs)        000000
__CFG_DATABW$DATA16BIT             (abs)        000000
__CFG_EBTR0$OFF                    (abs)        000000
__CFG_EBTR1$OFF                    (abs)        000000
__CFG_EBTR2$OFF                    (abs)        000000
__CFG_EBTR3$OFF                    (abs)        000000
__CFG_EBTR4$OFF                    (abs)        000000
__CFG_EBTR5$OFF                    (abs)        000000
__CFG_EBTR6$OFF                    (abs)        000000
__CFG_EBTR7$OFF                    (abs)        000000
__CFG_EBTRB$OFF                    (abs)        000000
__CFG_ECCPMX$PORTH                 (abs)        000000
__CFG_FCMEN$OFF                    (abs)        000000
__CFG_IESO$OFF                     (abs)        000000
__CFG_LPT1OSC$OFF                  (abs)        000000
__CFG_LVP$OFF                      (abs)        000000
__CFG_MCLRE$ON                     (abs)        000000
__CFG_MODE$MC                      (abs)        000000
__CFG_OSC$HS                       (abs)        000000
__CFG_PWRT$OFF                     (abs)        000000
__CFG_STVREN$OFF                   (abs)        000000
__CFG_WAIT$OFF                     (abs)        000000
__CFG_WDT$OFF                      (abs)        000000
__CFG_WDTPS$32768                  (abs)        000000
__CFG_WRT0$OFF                     (abs)        000000
__CFG_WRT1$OFF                     (abs)        000000
__CFG_WRT2$OFF                     (abs)        000000
__CFG_WRT3$OFF                     (abs)        000000
__CFG_WRT4$OFF                     (abs)        000000
__CFG_WRT5$OFF                     (abs)        000000
__CFG_WRT6$OFF                     (abs)        000000
__CFG_WRT7$OFF                     (abs)        000000
__CFG_WRTB$OFF                     (abs)        000000
__CFG_WRTC$OFF                     (abs)        000000
__CFG_WRTD$OFF                     (abs)        000000
__CFG_XINST$OFF                    (abs)        000000
__HRAM                             (abs)        000000
__Habs1                            abs1         000000
__Hbank0                           bank0        000000
__Hbank1                           bank1        000000
__Hbank10                          bank10       000000
__Hbank11                          bank11       000000
__Hbank12                          bank12       000000
__Hbank13                          bank13       000000
__Hbank14                          bank14       000000
__Hbank15                          bank15       000000
__Hbank2                           bank2        000000
__Hbank3                           bank3        000000
__Hbank4                           bank4        000000
__Hbank5                           bank5        000000
__Hbank6                           bank6        000000
__Hbank7                           bank7        000000
__Hbank8                           bank8        000000
__Hbank9                           bank9        000000
__Hbigbss                          bigbss       000000
__Hbigdata                         bigdata      000000
__Hbigram                          bigram       000000
__Hbss                             bss          000000
__HbssBANK0                        bssBANK0     000000
__HbssBANK1                        bssBANK1     000000
__HbssCOMRAM                       bssCOMRAM    000000
__Hcinit                           cinit        000000
__Hclrtext                         clrtext      000000
__Hcomram                          comram       000000
__Hconfig                          config       30000E
__Hconst                           const        000000
__HcstackBANK0                     cstackBANK0  000000
__HcstackBANK1                     cstackBANK1  000000
__HcstackCOMRAM                    cstackCOMRAM 000000
__Hdata                            data         000000
__Heeprom_data                     eeprom_data  000000
__Hend_init                        end_init     0000F0
__Hfarbss                          farbss       000000
__Hfardata                         fardata      000000
__Hibigdata                        ibigdata     000000
__Hidata                           idata        000000
__Hidloc                           idloc        200008
__Hifardata                        ifardata     000000
__Hinit                            init         0000EC
__Hintcode                         intcode      000018
__Hintcode_body                    intcode_body 000000
__Hintcodelo                       intcodelo    0000EC
__Hintentry                        intentry     000000
__Hintret                          intret       000000
__Hintsave_regs                    intsave_regs 000000
__Hirdata                          irdata       000000
__Hmediumconst                     mediumconst  000000
__HnvBANK0                         nvBANK0      000000
__HnvBANK1                         nvBANK1      000000
__HnvFARRAM                        nvFARRAM     000000
__Hnvbit                           nvbit        000000
__Hnvrram                          nvrram       000000
__Hparam                           rparam       000000
__Hpowerup                         powerup      0000EC
__Hram                             ram          000000
__Hramtop                          ramtop       001000
__Hrbit                            rbit         000000
__Hrbss                            rbss         000000
__Hrdata                           rdata        000000
__Hreset_vec                       reset_vec    000004
__Hrparam                          rparam       000000
__Hsfr                             sfr          000000
__Hsmallconst                      smallconst   00103C
__Hspace_0                         (abs)        30000E
__Hspace_1                         (abs)        00016E
__Hspace_2                         (abs)        000000
__Hstack                           stack        000000
__Hstruct                          struct       000000
__Htemp                            temp         000000
__Htext                            text         000000
__Htext0                           text0        000000
__Htext1                           text1        000000
__Htext10                          text10       000000
__Htext100                         text100      000000
__Htext101                         text101      000000
__Htext102                         text102      000000
__Htext103                         text103      000000
__Htext104                         text104      000000
__Htext105                         text105      000000
__Htext106                         text106      000000
__Htext107                         text107      000000
__Htext108                         text108      000000
__Htext109                         text109      000000
__Htext11                          text11       000000
__Htext110                         text110      000000
__Htext111                         text111      000000
__Htext112                         text112      000000
__Htext113                         text113      000000
__Htext114                         text114      000000
__Htext115                         text115      000000
__Htext117                         text117      000000
__Htext118                         text118      000000
__Htext119                         text119      000000
__Htext12                          text12       000000
__Htext120                         text120      000000
__Htext121                         text121      000000
__Htext122                         text122      000000
__Htext123                         text123      000000
__Htext124                         text124      000000
__Htext126                         text126      000000
__Htext127                         text127      000000
__Htext128                         text128      000000
__Htext129                         text129      000000
__Htext13                          text13       000000
__Htext130                         text130      000000
__Htext14                          text14       000000
__Htext15                          text15       000000
__Htext16                          text16       000000
__Htext17                          text17       000000
__Htext18                          text18       000000
__Htext19                          text19       000000
__Htext2                           text2        000000
__Htext20                          text20       000000
__Htext21                          text21       000000
__Htext22                          text22       000000
__Htext23                          text23       000000
__Htext24                          text24       000000
__Htext25                          text25       000000
__Htext26                          text26       000000
__Htext27                          text27       000000
__Htext28                          text28       000000
__Htext29                          text29       000000
__Htext3                           text3        000000
__Htext30                          text30       000000
__Htext31                          text31       000000
__Htext32                          text32       000000
__Htext33                          text33       000000
__Htext34                          text34       000000
__Htext35                          text35       000000
__Htext36                          text36       000000
__Htext37                          text37       000000
__Htext38                          text38       000000
__Htext39                          text39       000000
__Htext4                           text4        000000
__Htext40                          text40       000000
__Htext41                          text41       000000
__Htext42                          text42       000000
__Htext43                          text43       000000
__Htext44                          text44       000000
__Htext45                          text45       000000
__Htext46                          text46       000000
__Htext47                          text47       000000
__Htext48                          text48       000000
__Htext49                          text49       000000
__Htext5                           text5        000000
__Htext50                          text50       000000
__Htext51                          text51       000000
__Htext52                          text52       000000
__Htext53                          text53       000000
__Htext54                          text54       000000
__Htext55                          text55       000000
__Htext56                          text56       000000
__Htext57                          text57       000000
__Htext58                          text58       000000
__Htext59                          text59       000000
__Htext6                           text6        000000
__Htext60                          text60       000000
__Htext61                          text61       000000
__Htext62                          text62       000000
__Htext63                          text63       000000
__Htext64                          text64       000000
__Htext65                          text65       000000
__Htext66                          text66       000000
__Htext67                          text67       000000
__Htext68                          text68       000000
__Htext69                          text69       000000
__Htext7                           text7        000000
__Htext70                          text70       000000
__Htext71                          text71       000000
__Htext72                          text72       000000
__Htext73                          text73       000000
__Htext74                          text74       000000
__Htext75                          text75       000000
__Htext76                          text76       000000
__Htext77                          text77       000000
__Htext78                          text78       000000
__Htext79                          text79       000000
__Htext8                           text8        000000
__Htext80                          text80       000000
__Htext81                          text81       000000
__Htext82                          text82       000000
__Htext83                          text83       000000
__Htext84                          text84       000000
__Htext85                          text85       000000
__Htext86                          text86       000000
__Htext87                          text87       000000
__Htext88                          text88       000000
__Htext89                          text89       000000
__Htext9                           text9        000000
__Htext90                          text90       000000
__Htext91                          text91       000000
__Htext92                          text92       000000
__Htext93                          text93       000000
__Htext94                          text94       000000
__Htext95                          text95       000000
__Htext96                          text96       000000
__Htext97                          text97       000000
__Htext98                          text98       000000
__Htext99                          text99       000000
__LRAM                             (abs)        000001
__Labs1                            abs1         000000
__Lbank0                           bank0        000000
__Lbank1                           bank1        000000
__Lbank10                          bank10       000000
__Lbank11                          bank11       000000
__Lbank12                          bank12       000000
__Lbank13                          bank13       000000
__Lbank14                          bank14       000000
__Lbank15                          bank15       000000
__Lbank2                           bank2        000000
__Lbank3                           bank3        000000
__Lbank4                           bank4        000000
__Lbank5                           bank5        000000
__Lbank6                           bank6        000000
__Lbank7                           bank7        000000
__Lbank8                           bank8        000000
__Lbank9                           bank9        000000
__Lbigbss                          bigbss       000000
__Lbigdata                         bigdata      000000
__Lbigram                          bigram       000000
__Lbss                             bss          000000
__LbssBANK0                        bssBANK0     000000
__LbssBANK1                        bssBANK1     000000
__LbssCOMRAM                       bssCOMRAM    000000
__Lcinit                           cinit        000000
__Lclrtext                         clrtext      000000
__Lcomram                          comram       000000
__Lconfig                          config       300000
__Lconst                           const        000000
__LcstackBANK0                     cstackBANK0  000000
__LcstackBANK1                     cstackBANK1  000000
__LcstackCOMRAM                    cstackCOMRAM 000000
__Ldata                            data         000000
__Leeprom_data                     eeprom_data  000000
__Lend_init                        end_init     0000EC
__Lfarbss                          farbss       000000
__Lfardata                         fardata      000000
__Libigdata                        ibigdata     000000
__Lidata                           idata        000000
__Lidloc                           idloc        200000
__Lifardata                        ifardata     000000
__Linit                            init         0000EC
__Lintcode                         intcode      000008
__Lintcode_body                    intcode_body 000000
__Lintcodelo                       intcodelo    000018
__Lintentry                        intentry     000000
__Lintret                          intret       000000
__Lintsave_regs                    intsave_regs 000000
__Lirdata                          irdata       000000
__Lmediumconst                     mediumconst  000000
__LnvBANK0                         nvBANK0      000000
__LnvBANK1                         nvBANK1      000000
__LnvFARRAM                        nvFARRAM     000000
__Lnvbit                           nvbit        000000
__Lnvrram                          nvrram       000000
__Lparam                           rparam       000000
__Lpowerup                         powerup      0000EC
__Lram                             ram          000000
__Lramtop                          ramtop       001000
__Lrbit                            rbit         000000
__Lrbss                            rbss         000000
__Lrdata                           rdata        000000
__Lreset_vec                       reset_vec    000000
__Lrparam                          rparam       000000
__Lsfr                             sfr          000000
__Lsmallconst                      smallconst   001000
__Lspace_0                         (abs)        000000
__Lspace_1                         (abs)        000000
__Lspace_2                         (abs)        000000
__Lstack                           stack        000000
__Lstruct                          struct       000000
__Ltemp                            temp         000000
__Ltext                            text         000000
__Ltext0                           text0        000000
__Ltext1                           text1        000000
__Ltext10                          text10       000000
__Ltext100                         text100      000000
__Ltext101                         text101      000000
__Ltext102                         text102      000000
__Ltext103                         text103      000000
__Ltext104                         text104      000000
__Ltext105                         text105      000000
__Ltext106                         text106      000000
__Ltext107                         text107      000000
__Ltext108                         text108      000000
__Ltext109                         text109      000000
__Ltext11                          text11       000000
__Ltext110                         text110      000000
__Ltext111                         text111      000000
__Ltext112                         text112      000000
__Ltext113                         text113      000000
__Ltext114                         text114      000000
__Ltext115                         text115      000000
__Ltext117                         text117      000000
__Ltext118                         text118      000000
__Ltext119                         text119      000000
__Ltext12                          text12       000000
__Ltext120                         text120      000000
__Ltext121                         text121      000000
__Ltext122                         text122      000000
__Ltext123                         text123      000000
__Ltext124                         text124      000000
__Ltext126                         text126      000000
__Ltext127                         text127      000000
__Ltext128                         text128      000000
__Ltext129                         text129      000000
__Ltext13                          text13       000000
__Ltext130                         text130      000000
__Ltext14                          text14       000000
__Ltext15                          text15       000000
__Ltext16                          text16       000000
__Ltext17                          text17       000000
__Ltext18                          text18       000000
__Ltext19                          text19       000000
__Ltext2                           text2        000000
__Ltext20                          text20       000000
__Ltext21                          text21       000000
__Ltext22                          text22       000000
__Ltext23                          text23       000000
__Ltext24                          text24       000000
__Ltext25                          text25       000000
__Ltext26                          text26       000000
__Ltext27                          text27       000000
__Ltext28                          text28       000000
__Ltext29                          text29       000000
__Ltext3                           text3        000000
__Ltext30                          text30       000000
__Ltext31                          text31       000000
__Ltext32                          text32       000000
__Ltext33                          text33       000000
__Ltext34                          text34       000000
__Ltext35                          text35       000000
__Ltext36                          text36       000000
__Ltext37                          text37       000000
__Ltext38                          text38       000000
__Ltext39                          text39       000000
__Ltext4                           text4        000000
__Ltext40                          text40       000000
__Ltext41                          text41       000000
__Ltext42                          text42       000000
__Ltext43                          text43       000000
__Ltext44                          text44       000000
__Ltext45                          text45       000000
__Ltext46                          text46       000000
__Ltext47                          text47       000000
__Ltext48                          text48       000000
__Ltext49                          text49       000000
__Ltext5                           text5        000000
__Ltext50                          text50       000000
__Ltext51                          text51       000000
__Ltext52                          text52       000000
__Ltext53                          text53       000000
__Ltext54                          text54       000000
__Ltext55                          text55       000000
__Ltext56                          text56       000000
__Ltext57                          text57       000000
__Ltext58                          text58       000000
__Ltext59                          text59       000000
__Ltext6                           text6        000000
__Ltext60                          text60       000000
__Ltext61                          text61       000000
__Ltext62                          text62       000000
__Ltext63                          text63       000000
__Ltext64                          text64       000000
__Ltext65                          text65       000000
__Ltext66                          text66       000000
__Ltext67                          text67       000000
__Ltext68                          text68       000000
__Ltext69                          text69       000000
__Ltext7                           text7        000000
__Ltext70                          text70       000000
__Ltext71                          text71       000000
__Ltext72                          text72       000000
__Ltext73                          text73       000000
__Ltext74                          text74       000000
__Ltext75                          text75       000000
__Ltext76                          text76       000000
__Ltext77                          text77       000000
__Ltext78                          text78       000000
__Ltext79                          text79       000000
__Ltext8                           text8        000000
__Ltext80                          text80       000000
__Ltext81                          text81       000000
__Ltext82                          text82       000000
__Ltext83                          text83       000000
__Ltext84                          text84       000000
__Ltext85                          text85       000000
__Ltext86                          text86       000000
__Ltext87                          text87       000000
__Ltext88                          text88       000000
__Ltext89                          text89       000000
__Ltext9                           text9        000000
__Ltext90                          text90       000000
__Ltext91                          text91       000000
__Ltext92                          text92       000000
__Ltext93                          text93       000000
__Ltext94                          text94       000000
__Ltext95                          text95       000000
__Ltext96                          text96       000000
__Ltext97                          text97       000000
__Ltext98                          text98       000000
__Ltext99                          text99       000000
__S0                               (abs)        30000E
__S1                               (abs)        00016E
__S2                               (abs)        000000
___altoft                          text102      003394
___altoft@c                        cstackBANK0  00009A
___altoft@exp                      cstackBANK0  0000A2
___altoft@sign                     cstackBANK0  0000A3
___awmod                           text46       0030EA
___awmod@counter                   cstackBANK0  000074
___awmod@dividend                  cstackBANK0  000070
___awmod@divisor                   cstackBANK0  000072
___awmod@sign                      cstackBANK0  000075
___awtoft                          text110      003C2C
___awtoft@c                        cstackBANK0  000078
___awtoft@sign                     cstackBANK0  00007B
___extmem_base                     (abs)        020000
___ftadd                           text107      001792
___ftadd@exp1                      cstackBANK0  000096
___ftadd@exp2                      cstackBANK0  000095
___ftadd@f1                        cstackBANK0  00008B
___ftadd@f2                        cstackBANK0  00008E
___ftadd@sign                      cstackBANK0  000094
___ftdiv                           text109      0021F6
___ftdiv@cntr                      cstackBANK0  000081
___ftdiv@exp                       cstackBANK0  000085
___ftdiv@f1                        cstackBANK0  000078
___ftdiv@f2                        cstackBANK0  00007B
___ftdiv@f3                        cstackBANK0  000082
___ftdiv@sign                      cstackBANK0  000086
___ftge                            text101      002EAE
___ftge@ff1                        cstackBANK0  000070
___ftge@ff2                        cstackBANK0  000073
___ftmul                           text105      001F58
___ftmul@cntr                      cstackBANK0  000089
___ftmul@exp                       cstackBANK0  000085
___ftmul@f1                        cstackBANK0  00007C
___ftmul@f2                        cstackBANK0  00007F
___ftmul@f3_as_product             cstackBANK0  000086
___ftmul@sign                      cstackBANK0  00008A
___ftneg                           text108      0040CA
___ftneg@f1                        cstackBANK0  000070
___ftpack                          text113      0026CA
___ftpack@arg                      cstackBANK0  000070
___ftpack@exp                      cstackBANK0  000073
___ftpack@sign                     cstackBANK0  000074
___ftsub                           text106      003BDC
___ftsub@f1                        cstackBANK0  000097
___ftsub@f2                        cstackBANK0  00009A
___fttol                           text100      002478
___fttol@exp1                      cstackBANK0  000099
___fttol@f1                        cstackBANK0  00008B
___fttol@lval                      cstackBANK0  000095
___fttol@sign1                     cstackBANK0  000094
___inthi_sp                        stack        000000
___intlo_sp                        stack        000000
___lbtoft                          text112      0040FA
___lbtoft@c                        cstackBANK0  00007B
___lltoft                          text111      00353E
___lltoft@c                        cstackBANK0  000078
___lltoft@exp                      cstackBANK0  000080
___param_bank                      (abs)        000010
___rparam_used                     (abs)        000001
___sp                              stack        000000
___wmul                            text104      003F26
___wmul@multiplicand               cstackBANK0  000072
___wmul@multiplier                 cstackBANK0  000070
___wmul@product                    cstackBANK0  000074
__accesstop                        (abs)        000060
__activetblptr                     (abs)        000003
__end_of_BusyADC                   text61       00458C
__end_of_BusyDistanceAcq           text115      004544
__end_of_BusySensorAcq             text67       004524
__end_of_BusyTx                    text47       004514
__end_of_CalculateSensorError      text114      003034
__end_of_CalculateSensorStatuses   text60       002CD6
__end_of_CalculateSensorSums       text93       0032F2
__end_of_CalibrateOffsets          text62       0037A6
__end_of_CalibrateThreshold        text56       003B8C
__end_of_CommandAvailable          text53       00457E
__end_of_ConfigureADC              text91       004488
__end_of_ConfigureBuggyIO          text90       0043C2
__end_of_ConfigureInterrupts       text89       004250
__end_of_ConfigurePWM              text86       00459A
__end_of_ConfigureTimer0           text83       004420
__end_of_ConfigureTimer1           text80       0043F4
__end_of_ConfigureTimer2           text78       0045F8
__end_of_ConfigureUltrasound       text77       004228
__end_of_ConfigureWireless         text73       0043A8
__end_of_ConvertADC                text66       004616
__end_of_Delay10KTCYx              text55       00436C
__end_of_Delay1TCYx                text69       004534
__end_of_DisableMotors             text72       00461E
__end_of_DisplaySensorStatuses     text59       003BDC
__end_of_EnableMotors              text71       00461A
__end_of_EnableSensorLEDS          text70       00460A
__end_of_FlashLEDS                 text54       004200
__end_of_FlushRxBuf                text76       004002
__end_of_FlushTxBuf                text75       003FCC
__end_of_GenerateCalibration       text37       0026CA
__end_of_GetCharRxBuf              text31       003CBA
__end_of_GetCharTxBuf              text123      003F96
__end_of_GetCommand                text51       0045F0
__end_of_GetDistance               text68       004474
__end_of_GetSensorReadings         text63       00440A
__end_of_LoadCalibration           text33       001F58
__end_of_LoadPIDValues             text28       002AF2
__end_of_MillisecondTimerISR       text129      0043DC
[...]
Total ram usage:        0 bytes
 Hardware stack levels used:    1
 Hardware stack levels required when called:    1
 This function calls:
		_ReadTimer1
		i2_WriteTimer1
 This function is called by:
		_isrHP
 This function uses a non-reentrant model


 *************** function i2_WriteTimer1 *****************
 Defined at:
		line 14 in file "C:\Program Files (x86)\Microchip\xc8\v1.34\sources\pic18\plib\Timers\t1write.c"
 Parameters:    Size  Location     Type
  timer1          2   25[COMRAM] unsigned int 
 Auto vars:     Size  Location     Type
  WriteTimer1     2    0[BANK0 ] struct Timers
 Return value:  Size  Location     Type
		None               void
 Registers used:
		None
 Tracked objects:
		On entry : 
		On exit  : 
		Unchanged: 
 Data sizes:     COMRAM   BANK0   BANK1   BANK2   BANK3   BANK4   BANK5   BANK6   BANK7   BANK8   BANK9  BANK10  BANK11  BANK12  BANK13  BANK14  BANK15
      Params:         2       0       0       0       0       0       0       0       0       0       0       0       0       0       0       0       0
      Locals:         0       2       0       0       0       0       0       0       0       0       0       0       0       0       0       0       0
      Temps:          0       0       0       0       0       0       0       0       0       0       0       0       0       0       0       0       0
      Totals:         2       2       0       0       0       0       0       0       0       0       0       0       0       0       0       0       0
Total ram usage:        4 bytes
 Hardware stack levels used:    1
 This function calls:
		Nothing
 This function is called by:
		_UltrasoundISR
 This function uses a non-reentrant model


 *************** function _ReadTimer1 *****************
 Defined at:
		line 15 in file "C:\Program Files (x86)\Microchip\xc8\v1.34\sources\pic18\plib\Timers\t1read.c"
 Parameters:    Size  Location     Type
		None
 Auto vars:     Size  Location     Type
  timer           2    0[BANK0 ] struct Timers
 Return value:  Size  Location     Type
                  2   25[COMRAM] unsigned int 
 Registers used:
		None
 Tracked objects:
		On entry : 
		On exit  : 
		Unchanged: 
 Data sizes:     COMRAM   BANK0   BANK1   BANK2   BANK3   BANK4   BANK5   BANK6   BANK7   BANK8   BANK9  BANK10  BANK11  BANK12  BANK13  BANK14  BANK15
      Params:         2       0       0       0       0       0       0       0       0       0       0       0       0       0       0       0       0
      Locals:         0       2       0       0       0       0       0       0       0       0       0       0       0       0       0       0       0
      Temps:          0       0       0       0       0       0       0       0       0       0       0       0       0       0       0       0       0
      Totals:         2       2       0       0       0       0       0       0       0       0       0       0       0       0       0       0       0
Total ram usage:        4 bytes
 Hardware stack levels used:    1
 This function calls:
		Nothing
 This function is called by:
		_UltrasoundISR
 This function uses a non-reentrant model


 *************** function _MillisecondTimerISR *****************
 Defined at:
		line 44 in file "MillisecondTimer.c"
 Parameters:    Size  Location     Type
		None
 Auto vars:     Size  Location     Type
		None
 Return value:  Size  Location     Type
		None               void
 Registers used:
		wreg, status,2, status,0, cstack
 Tracked objects:
		On entry : 
		On exit  : 
		Unchanged: 
 Data sizes:     COMRAM   BANK0   BANK1   BANK2   BANK3   BANK4   BANK5   BANK6   BANK7   BANK8   BANK9  BANK10  BANK11  BANK12  BANK13  BANK14  BANK15
      Params:         0       0       0       0       0       0       0       0       0       0       0       0       0       0       0       0       0
      Locals:         0       0       0       0       0       0       0       0       0       0       0       0       0       0       0       0       0
      Temps:          0       0       0       0       0       0       0       0       0       0       0       0       0       0       0       0       0
      Totals:         0       0       0       0       0       0       0       0       0       0       0       0       0       0       0       0       0
Total ram usage:        0 bytes
 Hardware stack levels used:    1
 Hardware stack levels required when called:    1
 This function calls:
		i2_WriteTimer0
 This function is called by:
		_isrHP
 This function uses a non-reentrant model


 *************** function i2_WriteTimer0 *****************
 Defined at:
		line 16 in file "C:\Program Files (x86)\Microchip\xc8\v1.34\sources\pic18\plib\Timers\t0write.c"
 Parameters:    Size  Location     Type
  timer0          2   25[COMRAM] unsigned int 
 Auto vars:     Size  Location     Type
  WriteTimer0     2    0[BANK0 ] struct Timers
 Return value:  Size  Location     Type
		None               void
 Registers used:
		None
 Tracked objects:
		On entry : 
		On exit  : 
		Unchanged: 
 Data sizes:     COMRAM   BANK0   BANK1   BANK2   BANK3   BANK4   BANK5   BANK6   BANK7   BANK8   BANK9  BANK10  BANK11  BANK12  BANK13  BANK14  BANK15
      Params:         2       0       0       0       0       0       0       0       0       0       0       0       0       0       0       0       0
      Locals:         0       2       0       0       0       0       0       0       0       0       0       0       0       0       0       0       0
      Temps:          0       0       0       0       0       0       0       0       0       0       0       0       0       0       0       0       0
      Totals:         2       2       0       0       0       0       0       0       0       0       0       0       0       0       0       0       0
Total ram usage:        4 bytes
 Hardware stack levels used:    1
 This function calls:
		Nothing
 This function is called by:
		_MillisecondTimerISR
 This function uses a non-reentrant model



MODULE INFORMATION

Module		Function		Class		Link	Load	Size
C:\Program Files (x86)\Microchip\xc8\v1.34\sources\pic18\plib\PWM\pw4open.c
		_OpenPWM4      		CODE           	42C2	0000	39

C:\Program Files (x86)\Microchip\xc8\v1.34\sources\pic18\plib\PWM\pw4open.c estimated size: 39

C:\Program Files (x86)\Microchip\xc8\v1.34\sources\common\ftge.c
		___ftge        		CODE           	2EAE	0000	207

C:\Program Files (x86)\Microchip\xc8\v1.34\sources\common\ftge.c estimated size: 207

BatteryLib/ds2781.c
		_ReadVoltage   		CODE           	3950	0000	107
		_ResetAccumulat		CODE           	412A	0000	45

BatteryLib/ds2781.c estimated size: 152

C:\Program Files (x86)\Microchip\xc8\v1.34\sources\pic18\plib\ADC\adcsetch.c
		_SetChanADC    		CODE           	436C	0000	31

C:\Program Files (x86)\Microchip\xc8\v1.34\sources\pic18\plib\ADC\adcsetch.c estimated size: 31

C:\Program Files (x86)\Microchip\xc8\v1.34\sources\pic18\plib\PWM\pw4setdc.c
		_SetDCPWM4     		CODE           	3CBA	0000	69

C:\Program Files (x86)\Microchip\xc8\v1.34\sources\pic18\plib\PWM\pw4setdc.c estimated size: 69

C:\Program Files (x86)\Microchip\xc8\v1.34\sources\pic18\plib\Timers\t1open.c
		_OpenTimer1    		CODE           	4002	0000	53

C:\Program Files (x86)\Microchip\xc8\v1.34\sources\pic18\plib\Timers\t1open.c estimated size: 53

C:\Program Files (x86)\Microchip\xc8\v1.34\sources\pic18\d10ktcyx.c
		_Delay10KTCYx  		CODE           	434E	0000	31

C:\Program Files (x86)\Microchip\xc8\v1.34\sources\pic18\d10ktcyx.c estimated size: 31

C:\Program Files (x86)\Microchip\xc8\v1.34\sources\pic18\plib\ADC\adcbusy.c
		_BusyADC       		CODE           	457E	0000	15

C:\Program Files (x86)\Microchip\xc8\v1.34\sources\pic18\plib\ADC\adcbusy.c estimated size: 15

C:\Program Files (x86)\Microchip\xc8\v1.34\sources\common\ftneg.c
		___ftneg       		CODE           	40CA	0000	49

C:\Program Files (x86)\Microchip\xc8\v1.34\sources\common\ftneg.c estimated size: 49

C:\Program Files (x86)\Microchip\xc8\v1.34\sources\pic18\plib\ADC\adcopen.c
		_OpenADC       		CODE           	363E	0000	125

C:\Program Files (x86)\Microchip\xc8\v1.34\sources\pic18\plib\ADC\adcopen.c estimated size: 125

MillisecondTimer.c
		_MillisecondTim		CODE           	43C2	0000	27
		_ResetMillis0  		CODE           	45A4	0000	11
		_ResetMillis1  		CODE           	459A	0000	11
		_ResetMillis2  		CODE           	45CC	0000	11
		_ReadMillis0   		CODE           	45B8	0000	11
		_ReadMillis1   		CODE           	45AE	0000	11
		_ReadMillis2   		CODE           	45D6	0000	11

MillisecondTimer.c estimated size: 93

C:\Program Files (x86)\Microchip\xc8\v1.34\sources\common\ftsub.c
		___ftsub       		CODE           	3BDC	0000	81

C:\Program Files (x86)\Microchip\xc8\v1.34\sources\common\ftsub.c estimated size: 81

C:\Program Files (x86)\Microchip\xc8\v1.34\sources\common\float.c
		___ftpack      		CODE           	26CA	0000	289

C:\Program Files (x86)\Microchip\xc8\v1.34\sources\common\float.c estimated size: 289

Motors.c
		_StopMotors    		CODE           	4330	0000	31
		_EnableMotors  		CODE           	4616	0000	5
		_SetDCMotorL   		CODE           	4562	0000	15
		_SetDCMotorR   		CODE           	4554	0000	15
		_SetForwardsMot		CODE           	460E	0000	5
		_SetDCMotorPID 		CODE           	3034	0000	183
		_SetUnipolar   		CODE           	45F8	0000	7
		_SetReverseMoto		CODE           	460A	0000	5
		_SetDirectionFo		CODE           	45FE	0000	7
		_DisableMotors 		CODE           	461A	0000	5

Motors.c estimated size: 278

Ultrasound.c
		_BusyDistanceAc		CODE           	4534	0000	17
		_GetDistance   		CODE           	4460	0000	21
		_ReadEchoLength		CODE           	45C2	0000	11
		_ConfigureUltra		CODE           	4200	0000	41
		_UltrasoundISR 		CODE           	4068	0000	51

Ultrasound.c estimated size: 141

C:\Program Files (x86)\Microchip\xc8\v1.34\sources\pic18\plib\Timers\t0open.c
		_OpenTimer0    		CODE           	4276	0000	39

C:\Program Files (x86)\Microchip\xc8\v1.34\sources\pic18\plib\Timers\t0open.c estimated size: 39

C:\Program Files (x86)\Microchip\xc8\v1.34\sources\common\evalpoly.c
		_eval_poly     		CODE           	2AF2	0000	247

C:\Program Files (x86)\Microchip\xc8\v1.34\sources\common\evalpoly.c estimated size: 247

C:\Program Files (x86)\Microchip\xc8\v1.34\sources\common\awmod.c
		___awmod       		CODE           	30EA	0000	181

C:\Program Files (x86)\Microchip\xc8\v1.34\sources\common\awmod.c estimated size: 181

BatteryLib/OneWire.c
		_OWReset       		CODE           	3EB6	0000	57
		_OWReadBit     		CODE           	409A	0000	49
		_OWReadByte    		CODE           	3EEE	0000	57
		_OWWriteBit    		CODE           	3E42	0000	59
		_OWWriteByte   		CODE           	4156	0000	45

BatteryLib/OneWire.c estimated size: 267

C:\Program Files (x86)\Microchip\xc8\v1.34\sources\common\exp.c
		_exp           		CODE           	1A10	0000	553

C:\Program Files (x86)\Microchip\xc8\v1.34\sources\common\exp.c estimated size: 553

C:\Program Files (x86)\Microchip\xc8\v1.34\sources\pic18\d1tcyx.c
		_Delay1TCYx    		CODE           	4524	0000	17

C:\Program Files (x86)\Microchip\xc8\v1.34\sources\pic18\d1tcyx.c estimated size: 17

C:\Program Files (x86)\Microchip\xc8\v1.34\sources\pic18\plib\Timers\t1write.c
		_WriteTimer1   		CODE           	449A	0000	19

C:\Program Files (x86)\Microchip\xc8\v1.34\sources\pic18\plib\Timers\t1write.c estimated size: 19

C:\Program Files (x86)\Microchip\xc8\v1.34\sources\pic18\plib\Timers\t1read.c
		_ReadTimer1    		CODE           	44D0	0000	19

C:\Program Files (x86)\Microchip\xc8\v1.34\sources\pic18\plib\Timers\t1read.c estimated size: 19

C:\Program Files (x86)\Microchip\xc8\v1.34\sources\common\awtoft.c
		___awtoft      		CODE           	3C2C	0000	73

C:\Program Files (x86)\Microchip\xc8\v1.34\sources\common\awtoft.c estimated size: 73

C:\Program Files (x86)\Microchip\xc8\v1.34\sources\common\lbtoft.c
		___lbtoft      		CODE           	40FA	0000	49

C:\Program Files (x86)\Microchip\xc8\v1.34\sources\common\lbtoft.c estimated size: 49

eeprom.c
		_ReadCharEEPROM		CODE           	44F4	0000	17
		_ReadIntEEPROM 		CODE           	3A80	0000	95
		_WriteIntEEPROM		CODE           	4036	0000	51
		_WriteCharEEPRO		CODE           	4488	0000	19
		_ReadEEPROM    		CODE           	4182	0000	45
		_WriteEEPROM   		CODE           	3DC6	0000	65

eeprom.c estimated size: 292

C:\Program Files (x86)\Microchip\xc8\v1.34\sources\common\frexp.c
		_ldexp         		CODE           	27EA	0000	279
		_frexp         		CODE           	319E	0000	175

C:\Program Files (x86)\Microchip\xc8\v1.34\sources\common\frexp.c estimated size: 454

C:\Program Files (x86)\Microchip\xc8\v1.34\sources\pic18\plib\ADC\adcread.c
		_ReadADC       		CODE           	444C	0000	21

C:\Program Files (x86)\Microchip\xc8\v1.34\sources\pic18\plib\ADC\adcread.c estimated size: 21

C:\Program Files (x86)\Microchip\xc8\v1.34\sources\pic18\plib\USART\u1open.c
		_Open1USART    		CODE           	3436	0000	135

C:\Program Files (x86)\Microchip\xc8\v1.34\sources\pic18\plib\USART\u1open.c estimated size: 135

C:\Program Files (x86)\Microchip\xc8\v1.34\sources\common\floor.c
		_floor         		CODE           	2900	0000	253

C:\Program Files (x86)\Microchip\xc8\v1.34\sources\common\floor.c estimated size: 253

C:\Program Files (x86)\Microchip\xc8\v1.34\sources\common\ftmul.c
		___ftmul       		CODE           	1F58	0000	349

C:\Program Files (x86)\Microchip\xc8\v1.34\sources\common\ftmul.c estimated size: 349

C:\Program Files (x86)\Microchip\xc8\v1.34\sources\common\ftdiv.c
		___ftdiv       		CODE           	21F6	0000	323

C:\Program Files (x86)\Microchip\xc8\v1.34\sources\common\ftdiv.c estimated size: 323

C:\Program Files (x86)\Microchip\xc8\v1.34\sources\common\lltoft.c
		___lltoft      		CODE           	353E	0000	129

C:\Program Files (x86)\Microchip\xc8\v1.34\sources\common\lltoft.c estimated size: 129

shared
		exp@coeff      		SMALLCONST     	1001	0000	31
		i1_ConvertADC  		CODE           	461E	0000	5
		__initializatio		CODE           	41AE	0000	37
		i1_SetChanADC  		CODE           	4420	0000	23
		i1___awmod     		CODE           	34BC	0000	131
		i1_SetADCChanne		CODE           	2DC4	0000	235
		i1_ReadADC     		CODE           	4544	0000	17
		i2_WriteTimer0 		CODE           	44E2	0000	19
		i2_WriteTimer1 		CODE           	44BE	0000	19
		log@coeff      		SMALLCONST     	101F	0000	28

shared estimated size: 545

C:\Program Files (x86)\Microchip\xc8\v1.34\sources\common\log.c
		_log           		CODE           	2338	0000	321

C:\Program Files (x86)\Microchip\xc8\v1.34\sources\common\log.c estimated size: 321

C:\Program Files (x86)\Microchip\xc8\v1.34\sources\common\altoft.c
		___altoft      		CODE           	3394	0000	163

C:\Program Files (x86)\Microchip\xc8\v1.34\sources\common\altoft.c estimated size: 163

C:\Program Files (x86)\Microchip\xc8\v1.34\sources\pic18\plib\ADC\adcconv.c
		_ConvertADC    		CODE           	4612	0000	5

C:\Program Files (x86)\Microchip\xc8\v1.34\sources\pic18\plib\ADC\adcconv.c estimated size: 5

C:\Program Files (x86)\Microchip\xc8\v1.34\sources\pic18\plib\Timers\t0write.c
		_WriteTimer0   		CODE           	44AC	0000	19

C:\Program Files (x86)\Microchip\xc8\v1.34\sources\pic18\plib\Timers\t0write.c estimated size: 19

C:\Program Files (x86)\Microchip\xc8\v1.34\sources\pic18\plib\PWM\pw5open.c
		_OpenPWM5      		CODE           	429C	0000	39

C:\Program Files (x86)\Microchip\xc8\v1.34\sources\pic18\plib\PWM\pw5open.c estimated size: 39

C:\Program Files (x86)\Microchip\xc8\v1.34\sources\common\pow.c
		_pow           		CODE           	1C38	0000	411

C:\Program Files (x86)\Microchip\xc8\v1.34\sources\common\pow.c estimated size: 411

C:\Program Files (x86)\Microchip\xc8\v1.34\sources\pic18\plib\PWM\pw5setdc.c
		_SetDCPWM5     		CODE           	3CFE	0000	69

C:\Program Files (x86)\Microchip\xc8\v1.34\sources\pic18\plib\PWM\pw5setdc.c estimated size: 69

C:\Program Files (x86)\Microchip\xc8\v1.34\sources\pic18\plib\USART\u1read.c
		_Read1USART    		CODE           	4250	0000	39

C:\Program Files (x86)\Microchip\xc8\v1.34\sources\pic18\plib\USART\u1read.c estimated size: 39

FastBuggy17_Main_Code_TUNING.c
		_EnableSensorLE		CODE           	4604	0000	7
		_ConfigureTimer		CODE           	440A	0000	23
		_ConfigureTimer		CODE           	43DC	0000	25
		_ConfigureTimer		CODE           	45F0	0000	9
		_DisplaySensorS		CODE           	3B8C	0000	81
		_CalculateSenso		CODE           	2BE8	0000	239
		_SetPIDValues  		CODE           	20B4	0000	323
		_CalculateSenso		CODE           	2F7C	0000	185
		_main          		CODE           	103C	0000	1879
		_BusySensorAcq 		CODE           	4514	0000	17
		_isrHP         		CODE           	0008	0000	145
		_ConfigureInter		CODE           	4228	0000	41
		_CalibrateOffse		CODE           	3730	0000	119
		_PB1pressed    		CODE           	3ADE	0000	95
		_ConfigureBuggy		CODE           	43A8	0000	27
		_PB2pressed    		CODE           	3A22	0000	95
		_GenerateCalibr		CODE           	25AA	0000	289
		_CalculateSenso		CODE           	324C	0000	167
		_NormaliseSenso		CODE           	36BA	0000	119
		_SetADCChannel 		CODE           	2CD6	0000	239
		_ConfigureADC  		CODE           	4474	0000	21
		_FlashLEDS     		CODE           	41D8	0000	41
		_ConfigurePWM  		CODE           	458C	0000	15
		_GetSensorReadi		CODE           	43F4	0000	23
		_LoadCalibratio		CODE           	1DD2	0000	391
		_CalibrateThres		CODE           	3B3C	0000	81
		_LoadPIDValues 		CODE           	29FC	0000	247
		_isrLP         		CODE           	0018	0000	213

FastBuggy17_Main_Code_TUNING.c estimated size: 5156

Wireless.c
		_ConfigureWirel		CODE           	438A	0000	31
		_SendBattVoltag		CODE           	39BA	0000	105
		_SendThreshold 		CODE           	37A6	0000	109
		_GetCommand    		CODE           	45E8	0000	9
		_SendOffsets   		CODE           	32F2	0000	163
		_BusyTx        		CODE           	4504	0000	17
		_SendStatus    		CODE           	3E7C	0000	59
		_SendLineMode  		CODE           	3E06	0000	61
		_FlushTxBuf    		CODE           	3F96	0000	55
		_SendStoredPIDV		CODE           	3812	0000	107
		_GetCharRxBuf  		CODE           	3C74	0000	71
		_GetCharTxBuf  		CODE           	3F5E	0000	57
		_WirelessTx_ISR		CODE           	42E8	0000	39
		_SendCurrentPID		CODE           	38E6	0000	107
		_CommandAvailab		CODE           	4570	0000	15
		_FlushRxBuf    		CODE           	3FCC	0000	55
		_StartTx       		CODE           	45E0	0000	9
		_SendDefaultPID		CODE           	387C	0000	107
		_PutCharRxBuf  		CODE           	3D42	0000	67
		_PutCharTxBuf  		CODE           	3D84	0000	67

Wireless.c estimated size: 1310

C:\Program Files (x86)\Microchip\xc8\v1.34\sources\common\fttol.c
		___fttol       		CODE           	2478	0000	307

C:\Program Files (x86)\Microchip\xc8\v1.34\sources\common\fttol.c estimated size: 307

C:\Program Files (x86)\Microchip\xc8\v1.34\sources\pic18\plib\Timers\t2open.c
		_OpenTimer2    		CODE           	430E	0000	35

C:\Program Files (x86)\Microchip\xc8\v1.34\sources\pic18\plib\Timers\t2open.c estimated size: 35

C:\Program Files (x86)\Microchip\xc8\v1.34\sources\pic18\plib\USART\u1write.c
		_Write1USART   		CODE           	4436	0000	23

C:\Program Files (x86)\Microchip\xc8\v1.34\sources\pic18\plib\USART\u1write.c estimated size: 23

C:\Program Files (x86)\Microchip\xc8\v1.34\sources\common\Umul16.c
		___wmul        		CODE           	3F26	0000	57

C:\Program Files (x86)\Microchip\xc8\v1.34\sources\common\Umul16.c estimated size: 57

C:\Program Files (x86)\Microchip\xc8\v1.34\sources\common\ftadd.c
		___ftadd       		CODE           	1792	0000	639

C:\Program Files (x86)\Microchip\xc8\v1.34\sources\common\ftadd.c estimated size: 639

