Microchip MPLAB XC8 Compiler V1.34 ()

Linker command line:

-W-3 --edf=C:\Program Files (x86)\Microchip\xc8\v1.34\dat\en_msgs.txt -cs \
  -h+dist/default/production\fast-buggy17.production.sym \
  --cmf=dist/default/production\fast-buggy17.production.cmf -z -Q18F8722 \
  -oC:\Users\Jack\AppData\Local\Temp\s9q8.6 \
  -Mdist/default/production/fast-buggy17.production.map -E1 -ver=XC8 \
  -ASTACK=0E1h-0f5fh -pstack=STACK -ACODE=00h-01FFFFh -ACONST=00h-01FFFFh \
  -ASMALLCONST=01000h-010FFhx496 \
  -AMEDIUMCONST=01000h-0FFFFh,011000h-01FFFFh -ACOMRAM=01h-05Fh \
  -AABS1=00h-0F5Fh -ABIGRAM=01h-0F5Fh \
  -ARAM=060h-0FFh,0100h-01FFhx14,0F00h-0F5Fh -ABANK0=060h-0FFh \
  -ABANK1=0100h-01FFh -ABANK2=0200h-02FFh -ABANK3=0300h-03FFh \
  -ABANK4=0400h-04FFh -ABANK5=0500h-05FFh -ABANK6=0600h-06FFh \
  -ABANK7=0700h-07FFh -ABANK8=0800h-08FFh -ABANK9=0900h-09FFh \
  -ABANK10=0A00h-0AFFh -ABANK11=0B00h-0BFFh -ABANK12=0C00h-0CFFh \
  -ABANK13=0D00h-0DFFh -ABANK14=0E00h-0EFFh -ABANK15=0F00h-0F5Fh \
  -ASFR=0F60h-0FFFh \
  -preset_vec=00h,intcode=08h,intcodelo=018h,powerup,init,end_init \
  -pramtop=01000h -psmallconst=SMALLCONST -pmediumconst=MEDIUMCONST \
  -pconst=CONST -AFARRAM=00h-00h -ACONFIG=0300000h-030000Dh -pconfig=CONFIG \
  -AIDLOC=0200000h-0200007h -pidloc=IDLOC -AEEDATA=0F00000h-0F003FFh \
  -peeprom_data=EEDATA \
  -prdata=COMRAM,nvrram=COMRAM,nvbit=COMRAM,rbss=COMRAM,rbit=COMRAM \
  -pfarbss=FARRAM,fardata=FARRAM,nvFARRAM=FARRAM \
  -pintsave_regs=BIGRAM,bigbss=BIGRAM,bigdata=BIGRAM -pbss=RAM \
  -pidata=CODE,irdata=CODE,ibigdata=CODE,ifardata=CODE -prparam=COMRAM \
  C:\Users\Jack\AppData\Local\Temp\s9q8.obj \
  dist/default/production\fast-buggy17.production.obj 

Object code version is 3.11

Machine type is 18F8722

Call graph: (short form)




                Name                               Link     Load   Length Selector   Space Scale
C:\Users\Jack\AppData\Local\Temp\s9q8.obj
                end_init                             E0       E0        4        C       0
                reset_vec                             0        0        4        0       0
                idloc                            200000   200000        8   200000       0
                config                           300000   300000        E   300000       0
dist/default/production\fast-buggy17.production.obj
                intcodelo                            18       18       C8        C       0
                intcode                               8        8       10        4       0
                smallconst                         1000     1000       3C      800       0
                text66                             2DF8     2DF8       12      81E       0
                text65                             2DE6     2DE6       12      81E       0
                intcode_body                       2896     2896       74      81E       0
                text63                             2E8E     2E8E        4      81E       0
                text62                             2E1A     2E1A       10      81E       0
                text61                             2D82     2D82       16      81E       0
                text60                             2224     2224       EA      81E       0
                text58                             23DC     23DC       B2      81E       0
                text57                             297C     297C       70      81E       0
                text56                             1D0E     1D0E      120      81E       0
                text55                             2BDE     2BDE       30      81E       0
                text54                             2724     2724       80      81E       0
                text53                             2AA6     2AA6       48      81E       0
                text52                             195A     195A      142      81E       0
                text51                             2BAE     2BAE       30      81E       0
                text50                             103C     103C      27E      81E       0
                text49                             2A56     2A56       50      81E       0
                text48                             17FE     17FE      15C      81E       0
                text47                             2B76     2B76       38      81E       0
                text46                             2040     2040       F6      81E       0
                text45                             25E2     25E2       A2      81E       0
                text44                             230E     230E       CE      81E       0
                text43                             1BDC     1BDC      132      81E       0
                text42                             248E     248E       AE      81E       0
                text41                             1F44     1F44       FC      81E       0
                text40                             1E2E     1E2E      116      81E       0
                text39                             12BA     12BA      228      81E       0
                text38                             1A9C     1A9C      140      81E       0
                text37                             14E2     14E2      19A      81E       0
                text36                             253C     253C       A6      81E       0
                text35                             2E54     2E54        E      81E       0
                text34                             2E0A     2E0A       10      81E       0
                text33                             2E8A     2E8A        4      81E       0
                text32                             2D06     2D06       1E      81E       0
                text31                             2136     2136       EE      81E       0
                text30                             2D6C     2D6C       16      81E       0
                text29                             2820     2820       76      81E       0
                text28                             2DC0     2DC0       14      81E       0
                text27                             2684     2684       A0      81E       0
                text26                             290A     290A       72      81E       0
                text25                             2CE8     2CE8       1E      81E       0
                text24                             2C0E     2C0E       28      81E       0
                text23                             27A4     27A4       7C      81E       0
                text22                             2DAC     2DAC       14      81E       0
                text21                             2D24     2D24       1A      81E       0
                text20                             2D98     2D98       14      81E       0
                text19                             2C82     2C82       26      81E       0
                text18                             2C5C     2C5C       26      81E       0
                text17                             2E46     2E46        E      81E       0
                text16                             2C36     2C36       26      81E       0
                text15                             2DD4     2DD4       12      81E       0
                text14                             2D56     2D56       16      81E       0
                text13                             2CA8     2CA8       22      81E       0
                text12                             2E6C     2E6C        8      81E       0
                text11                             2E86     2E86        4      81E       0
                text10                             2E80     2E80        6      81E       0
                text9                              2E62     2E62        A      81E       0
                text8                              2D3E     2D3E       18      81E       0
                text7                              2B32     2B32       44      81E       0
                text6                              2E38     2E38        E      81E       0
                text5                              2AEE     2AEE       44      81E       0
                text4                              2E2A     2E2A        E      81E       0
                text3                              29EC     29EC       6A      81E       0
                text2                              2E7A     2E7A        6      81E       0
                text1                              2E74     2E74        6      81E       0
                text0                              167C     167C      182      81E       0
                cstackCOMRAM                          1        1       27        1       1
                cstackBANK0                          60       60       61       60       1
                bssBANK0                             C1       C1       20       60       1
                bssCOMRAM                            28       28       1E        1       1
                cinit                              2CCA     2CCA       1E      81E       0
                nvCOMRAM                             46       46        2        1       1

TOTAL           Name                               Link     Load   Length     Space
        CLASS   STACK          

        CLASS   CODE           
                end_init                             E0       E0        4         0
                intcodelo                            18       18       C8         0
                intcode                               8        8       10         0
                reset_vec                             0        0        4         0
                text66                             2DF8     2DF8       12         0
                text65                             2DE6     2DE6       12         0
                intcode_body                       2896     2896       74         0
                text63                             2E8E     2E8E        4         0
                text62                             2E1A     2E1A       10         0
                text61                             2D82     2D82       16         0
                text60                             2224     2224       EA         0
                text58                             23DC     23DC       B2         0
                text57                             297C     297C       70         0
                text56                             1D0E     1D0E      120         0
                text55                             2BDE     2BDE       30         0
                text54                             2724     2724       80         0
                text53                             2AA6     2AA6       48         0
                text52                             195A     195A      142         0
                text51                             2BAE     2BAE       30         0
                text50                             103C     103C      27E         0
                text49                             2A56     2A56       50         0
                text48                             17FE     17FE      15C         0
                text47                             2B76     2B76       38         0
                text46                             2040     2040       F6         0
                text45                             25E2     25E2       A2         0
                text44                             230E     230E       CE         0
                text43                             1BDC     1BDC      132         0
                text42                             248E     248E       AE         0
                text41                             1F44     1F44       FC         0
                text40                             1E2E     1E2E      116         0
                text39                             12BA     12BA      228         0
                text38                             1A9C     1A9C      140         0
                text37                             14E2     14E2      19A         0
                text36                             253C     253C       A6         0
                text35                             2E54     2E54        E         0
                text34                             2E0A     2E0A       10         0
                text33                             2E8A     2E8A        4         0
                text32                             2D06     2D06       1E         0
                text31                             2136     2136       EE         0
                text30                             2D6C     2D6C       16         0
                text29                             2820     2820       76         0
                text28                             2DC0     2DC0       14         0
                text27                             2684     2684       A0         0
                text26                             290A     290A       72         0
                text25                             2CE8     2CE8       1E         0
                text24                             2C0E     2C0E       28         0
                text23                             27A4     27A4       7C         0
                text22                             2DAC     2DAC       14         0
                text21                             2D24     2D24       1A         0
                text20                             2D98     2D98       14         0
                text19                             2C82     2C82       26         0
                text18                             2C5C     2C5C       26         0
                text17                             2E46     2E46        E         0
                text16                             2C36     2C36       26         0
                text15                             2DD4     2DD4       12         0
                text14                             2D56     2D56       16         0
                text13                             2CA8     2CA8       22         0
                text12                             2E6C     2E6C        8         0
                text11                             2E86     2E86        4         0
                text10                             2E80     2E80        6         0
                text9                              2E62     2E62        A         0
                text8                              2D3E     2D3E       18         0
                text7                              2B32     2B32       44         0
                text6                              2E38     2E38        E         0
                text5                              2AEE     2AEE       44         0
                text4                              2E2A     2E2A        E         0
                text3                              29EC     29EC       6A         0
                text2                              2E7A     2E7A        6         0
                text1                              2E74     2E74        6         0
                text0                              167C     167C      182         0
                cinit                              2CCA     2CCA       1E         0

        CLASS   CONST          

        CLASS   SMALLCONST     
                smallconst                         1000     1000       3C         0

        CLASS   MEDIUMCONST    

        CLASS   COMRAM         
                cstackCOMRAM                          1        1       27         1
                bssCOMRAM                            28       28       1E         1
                nvCOMRAM                             46       46        2         1

        CLASS   ABS1           

        CLASS   BIGRAM         

        CLASS   RAM            

        CLASS   BANK0          
                cstackBANK0                          60       60       61         1
                bssBANK0                             C1       C1       20         1

        CLASS   BANK1          

        CLASS   BANK2          

        CLASS   BANK3          

        CLASS   BANK4          

        CLASS   BANK5          

        CLASS   BANK6          

        CLASS   BANK7          

        CLASS   BANK8          

        CLASS   BANK9          

        CLASS   BANK10         

        CLASS   BANK11         

        CLASS   BANK12         

        CLASS   BANK13         

        CLASS   BANK14         

        CLASS   BANK15         

        CLASS   SFR            

        CLASS   FARRAM         

        CLASS   CONFIG         
                config                           300000   300000        E         0

        CLASS   IDLOC          
                idloc                            200000   200000        8         0

        CLASS   EEDATA         



SEGMENTS        Name                           Load    Length   Top    Selector   Space  Class

                reset_vec                      000000  000004  000004         0       0  CODE    
                cstackCOMRAM                   000001  000047  000048         1       1  COMRAM  
                intcode                        000008  000010  000018         4       0  CODE    
                intcodelo                      000018  0000CC  0000E4         C       0  CODE    
                cstackBANK0                    000060  000081  0000E1        60       1  BANK0   
                smallconst                     001000  00003C  00103C       800       0  SMALLCON
                text50                         00103C  001E56  002E92       81E       0  CODE    
                idloc                          200000  000008  200008    200000       0  IDLOC   
                config                         300000  00000E  30000E    300000       0  CONFIG  


UNUSED ADDRESS RANGES

        Name                Unused          Largest block    Delta
        BANK0            0000E1-0000FF               1F
        BANK1            000100-0001FF              100
        BANK10           000A00-000AFF              100
        BANK11           000B00-000BFF              100
        BANK12           000C00-000CFF              100
        BANK13           000D00-000DFF              100
        BANK14           000E00-000EFF              100
        BANK15           000F00-000F5F               60
        BANK2            000200-0002FF              100
        BANK3            000300-0003FF              100
        BANK4            000400-0004FF              100
        BANK5            000500-0005FF              100
        BANK6            000600-0006FF              100
        BANK7            000700-0007FF              100
        BANK8            000800-0008FF              100
        BANK9            000900-0009FF              100
        BIGRAM           000048-00005F               18
                         0000E1-000F5F              E7F
        CODE             000004-000007                4
                         0000E4-000FFF              F1C
                         002E92-01FFFF            1D16E
        COMRAM           000048-00005F               18
        CONST            000004-000007                4
                         0000E4-000FFF              F1C
                         002E92-01FFFF            1D16E
        EEDATA           F00000-F003FF              400
        MEDIUMCONST      002E92-00FFFF             D16E
                         011000-01FFFF             F000
        RAM              0000E1-000F5F              100
        SFR              000F60-000FFF               A0
        SMALLCONST       002E92-01FFFF              100
        STACK            0000E1-000F5F              E7F

                                  Symbol Table

?_CalculateSensorError            cstackBANK0  000060
?_ReadADC                         cstackBANK0  000060
?_ReadMillis                      cstackBANK0  000060
?___altoft                        cstackBANK0  00008A
?___awtoft                        cstackBANK0  000068
?___ftadd                         cstackBANK0  00007B
?___ftdiv                         cstackBANK0  000068
?___ftmul                         cstackBANK0  00006C
?___ftneg                         cstackBANK0  000060
?___ftpack                        cstackBANK0  000060
?___ftsub                         cstackBANK0  000087
?___fttol                         cstackBANK0  00007B
?___lbtoft                        cstackBANK0  000068
?___lltoft                        cstackBANK0  000068
?___wmul                          cstackBANK0  000060
?_eval_poly                       cstackBANK0  000087
?_exp                             cstackBANK0  00009C
?_floor                           cstackBANK0  000094
?_frexp                           cstackBANK0  000060
?_ldexp                           cstackBANK0  000093
?_log                             cstackBANK0  000093
?_pow                             cstackBANK0  0000A5
?i1_ReadADC                       cstackCOMRAM 000001
CalculateSensorError@sum          cstackBANK0  000062
CalculateSensorStatuses@index     cstackBANK0  000063
CalculateSensorSums@index         cstackBANK0  0000BA
CalculateSensorSums@sum           cstackBANK0  0000B9
CalibrateLine@index               cstackBANK0  000068
CalibrateSensors@index            cstackBANK0  000065
Delay10KTCYx@unit                 cstackBANK0  000061
NormaliseSensorReadings@index     cstackBANK0  000064
OpenADC@config                    cstackBANK0  000064
OpenADC@config2                   cstackBANK0  000060
OpenADC@portconfig                cstackBANK0  000061
OpenPWM4@period                   cstackBANK0  000060
OpenPWM5@period                   cstackBANK0  000060
OpenTimer0@config                 cstackBANK0  000060
OpenTimer2@config                 cstackBANK0  000060
SetADCChannel@channel             cstackBANK0  000062
SetChanADC@channel                cstackBANK0  000061
SetDCMotorL@duty_cycle            cstackBANK0  000066
SetDCMotorPID@PIDoutput           cstackBANK0  000068
SetDCMotorR@duty_cycle            cstackBANK0  000066
SetDCPWM4@DCycle                  cstackBANK0  000064
SetDCPWM4@dutycycle               cstackBANK0  000060
SetDCPWM5@DCycle                  cstackBANK0  000064
SetDCPWM5@dutycycle               cstackBANK0  000060
WriteTimer0@timer                 cstackBANK0  000062
WriteTimer0@timer0                cstackBANK0  000060
_ADCON0                           (abs)        000FC2
_ADCON0bits                       (abs)        000FC2
_ADCON1                           (abs)        000FC1
_ADCON2                           (abs)        000FC0
_ADRESH                           (abs)        000FC4
_ADRESL                           (abs)        000FC3
_BusyADC                          text35       002E54
_BusySensorAcq                    text34       002E0A
_CCP4CON                          (abs)        000F73
_CCP5CON                          (abs)        000F70
_CCPR4L                           (abs)        000F74
_CCPR5L                           (abs)        000F71
_CalculateSensorError             text58       0023DC
_CalculateSensorStatuses          text57       00297C
_CalculateSensorSums              text36       00253C
_CalculateSensorSums$2805         cstackBANK0  0000B6
_CalibrateLine                    text27       002684
_CalibrateSensors                 text26       00290A
_ChangeMode                       text24       002C0E
_ConfigureADC                     text22       002DAC
_ConfigureBuggyIO                 text21       002D24
_ConfigureInterrupts              text20       002D98
_ConfigurePWM                     text17       002E46
_ConfigureTimer0                  text14       002D56
_ConfigureTimer2                  text12       002E6C
_ConvertADC                       text33       002E8A
_Delay10KTCYx                     text25       002CE8
_EnableMotors                     text11       002E86
_EnableSensorLEDS                 text10       002E80
_GetSensorReadings                text30       002D6C
_INTCON2bits                      (abs)        000FF1
_INTCONbits                       (abs)        000FF2
_IPR1bits                         (abs)        000F9F
_LATDbits                         (abs)        000F8C
_LATE                             (abs)        000F8D
_LATEbits                         (abs)        000F8D
_LATJ                             (abs)        000F91
_MillisecondTimerISR              text65       002DE6
_NormaliseSensorReadings          text29       002820
_OpenADC                          text23       0027A4
_OpenPWM4                         text19       002C82
_OpenPWM5                         text18       002C5C
_OpenTimer0                       text16       002C36
_OpenTimer2                       text13       002CA8
_PID_error                        bssBANK0     0000DF
_PID_output                       bssBANK0     0000DB
_PIE1bits                         (abs)        000F9D
_PIR1bits                         (abs)        000F9E
_PORTBbits                        (abs)        000F81
_PR2                              (abs)        000FCB
_PR4                              (abs)        000F77
_RCONbits                         (abs)        000FD0
_ReadADC                          text28       002DC0
_ReadMillis                       text9        002E62
_ResetMillis                      text8        002D3E
_SetADCChannel                    text31       002136
_SetChanADC                       text32       002D06
_SetDCMotorL                      text6        002E38
_SetDCMotorPID                    text3        0029EC
_SetDCMotorR                      text4        002E2A
_SetDCPWM4                        text5        002AEE
_SetDCPWM5                        text7        002B32
_SetDirectionForward              text2        002E7A
_SetUnipolar                      text1        002E74
_SystemClock                      bssCOMRAM    000028
_T0CON                            (abs)        000FD5
_T0CONbits                        (abs)        000FD5
_T1CONbits                        (abs)        000FCD
_T2CON                            (abs)        000FCA
_T2CONbits                        (abs)        000FCA
_T3CONbits                        (abs)        000FB1
_T4CONbits                        (abs)        000F76
_TMR0H                            (abs)        000FD7
_TMR0L                            (abs)        000FD6
_TMR2                             (abs)        000FCC
_TRISA                            (abs)        000F92
_TRISB                            (abs)        000F93
_TRISC                            (abs)        000F94
_TRISD                            (abs)        000F95
_TRISE                            (abs)        000F96
_TRISG                            (abs)        000F98
_TRISGbits                        (abs)        000F98
_TRISJ                            (abs)        000F9A
_WriteTimer0                      text15       002DD4
__CFG_ADDRBW$ADDR20BIT            (abs)        000000
__CFG_BBSIZ$BB2K                  (abs)        000000
__CFG_BOREN$OFF                   (abs)        000000
__CFG_BORV$0                      (abs)        000000
__CFG_CCP2MX$PORTC                (abs)        000000
__CFG_CP0$OFF                     (abs)        000000
__CFG_CP1$OFF                     (abs)        000000
__CFG_CP2$OFF                     (abs)        000000
__CFG_CP3$OFF                     (abs)        000000
__CFG_CP4$OFF                     (abs)        000000
__CFG_CP5$OFF                     (abs)        000000
__CFG_CP6$OFF                     (abs)        000000
__CFG_CP7$OFF                     (abs)        000000
__CFG_CPB$OFF                     (abs)        000000
__CFG_CPD$OFF                     (abs)        000000
__CFG_DATABW$DATA16BIT            (abs)        000000
__CFG_EBTR0$OFF                   (abs)        000000
__CFG_EBTR1$OFF                   (abs)        000000
__CFG_EBTR2$OFF                   (abs)        000000
__CFG_EBTR3$OFF                   (abs)        000000
__CFG_EBTR4$OFF                   (abs)        000000
__CFG_EBTR5$OFF                   (abs)        000000
__CFG_EBTR6$OFF                   (abs)        000000
__CFG_EBTR7$OFF                   (abs)        000000
__CFG_EBTRB$OFF                   (abs)        000000
__CFG_ECCPMX$PORTH                (abs)        000000
__CFG_FCMEN$OFF                   (abs)        000000
__CFG_IESO$OFF                    (abs)        000000
__CFG_LPT1OSC$OFF                 (abs)        000000
__CFG_LVP$OFF                     (abs)        000000
__CFG_MCLRE$ON                    (abs)        000000
__CFG_MODE$MC                     (abs)        000000
__CFG_OSC$HS                      (abs)        000000
__CFG_PWRT$OFF                    (abs)        000000
__CFG_STVREN$OFF                  (abs)        000000
__CFG_WAIT$OFF                    (abs)        000000
__CFG_WDT$OFF                     (abs)        000000
__CFG_WDTPS$32768                 (abs)        000000
__CFG_WRT0$OFF                    (abs)        000000
__CFG_WRT1$OFF                    (abs)        000000
__CFG_WRT2$OFF                    (abs)        000000
__CFG_WRT3$OFF                    (abs)        000000
__CFG_WRT4$OFF                    (abs)        000000
__CFG_WRT5$OFF                    (abs)        000000
__CFG_WRT6$OFF                    (abs)        000000
__CFG_WRT7$OFF                    (abs)        000000
__CFG_WRTB$OFF                    (abs)        000000
__CFG_WRTC$OFF                    (abs)        000000
__CFG_WRTD$OFF                    (abs)        000000
__CFG_XINST$OFF                   (abs)        000000
__HRAM                            (abs)        000000
__Habs1                           abs1         000000
__Hbank0                          bank0        000000
__Hbank1                          bank1        000000
__Hbank10                         bank10       000000
__Hbank11                         bank11       000000
__Hbank12                         bank12       000000
__Hbank13                         bank13       000000
__Hbank14                         bank14       000000
__Hbank15                         bank15       000000
__Hbank2                          bank2        000000
__Hbank3                          bank3        000000
__Hbank4                          bank4        000000
__Hbank5                          bank5        000000
__Hbank6                          bank6        000000
__Hbank7                          bank7        000000
__Hbank8                          bank8        000000
__Hbank9                          bank9        000000
__Hbigbss                         bigbss       000000
__Hbigdata                        bigdata      000000
__Hbigram                         bigram       000000
__Hbss                            bss          000000
__HbssBANK0                       bssBANK0     000000
__HbssCOMRAM                      bssCOMRAM    000000
__Hcinit                          cinit        000000
__Hclrtext                        clrtext      000000
__Hcomram                         comram       000000
__Hconfig                         config       30000E
__Hconst                          const        000000
__HcstackBANK0                    cstackBANK0  000000
__HcstackCOMRAM                   cstackCOMRAM 000000
__Hdata                           data         000000
__Heeprom_data                    eeprom_data  000000
__Hend_init                       end_init     0000E4
__Hfarbss                         farbss       000000
__Hfardata                        fardata      000000
__Hibigdata                       ibigdata     000000
__Hidata                          idata        000000
__Hidloc                          idloc        200008
__Hifardata                       ifardata     000000
__Hinit                           init         0000E0
__Hintcode                        intcode      000018
__Hintcode_body                   intcode_body 000000
__Hintcodelo                      intcodelo    0000E0
__Hintentry                       intentry     000000
__Hintret                         intret       000000
__Hintsave_regs                   intsave_regs 000000
__Hirdata                         irdata       000000
__Hmediumconst                    mediumconst  000000
__HnvCOMRAM                       nvCOMRAM     000000
__HnvFARRAM                       nvFARRAM     000000
__Hnvbit                          nvbit        000000
__Hnvrram                         nvrram       000000
__Hparam                          rparam       000000
__Hpowerup                        powerup      0000E0
__Hram                            ram          000000
__Hramtop                         ramtop       001000
__Hrbit                           rbit         000000
__Hrbss                           rbss         000000
__Hrdata                          rdata        000000
__Hreset_vec                      reset_vec    000004
__Hrparam                         rparam       000000
__Hsfr                            sfr          000000
__Hsmallconst                     smallconst   00103C
__Hspace_0                        (abs)        30000E
__Hspace_1                        (abs)        0000E1
__Hspace_2                        (abs)        000000
__Hstack                          stack        000000
__Hstruct                         struct       000000
__Htemp                           temp         000000
__Htext                           text         000000
__Htext0                          text0        000000
__Htext1                          text1        000000
__Htext10                         text10       000000
__Htext11                         text11       000000
__Htext12                         text12       000000
__Htext13                         text13       000000
__Htext14                         text14       000000
__Htext15                         text15       000000
__Htext16                         text16       000000
__Htext17                         text17       000000
__Htext18                         text18       000000
__Htext19                         text19       000000
__Htext2                          text2        000000
__Htext20                         text20       000000
__Htext21                         text21       000000
__Htext22                         text22       000000
__Htext23                         text23       000000
__Htext24                         text24       000000
__Htext25                         text25       000000
__Htext26                         text26       000000
__Htext27                         text27       000000
__Htext28                         text28       000000
__Htext29                         text29       000000
__Htext3                          text3        000000
__Htext30                         text30       000000
__Htext31                         text31       000000
__Htext32                         text32       000000
__Htext33                         text33       000000
__Htext34                         text34       000000
__Htext35                         text35       000000
__Htext36                         text36       000000
__Htext37                         text37       000000
__Htext38                         text38       000000
__Htext39                         text39       000000
__Htext4                          text4        000000
__Htext40                         text40       000000
__Htext41                         text41       000000
__Htext42                         text42       000000
__Htext43                         text43       000000
__Htext44                         text44       000000
__Htext45                         text45       000000
__Htext46                         text46       000000
__Htext47                         text47       000000
__Htext48                         text48       000000
__Htext49                         text49       000000
__Htext5                          text5        000000
__Htext50                         text50       000000
__Htext51                         text51       000000
__Htext52                         text52       000000
__Htext53                         text53       000000
__Htext54                         text54       000000
__Htext55                         text55       000000
__Htext56                         text56       000000
__Htext57                         text57       000000
__Htext58                         text58       000000
__Htext6                          text6        000000
__Htext60                         text60       000000
__Htext61                         text61       000000
__Htext62                         text62       000000
__Htext63                         text63       000000
__Htext65                         text65       000000
__Htext66                         text66       000000
__Htext7                          text7        000000
__Htext8                          text8        000000
__Htext9                          text9        000000
__LRAM                            (abs)        000001
__Labs1                           abs1         000000
__Lbank0                          bank0        000000
__Lbank1                          bank1        000000
__Lbank10                         bank10       000000
__Lbank11                         bank11       000000
__Lbank12                         bank12       000000
__Lbank13                         bank13       000000
__Lbank14                         bank14       000000
__Lbank15                         bank15       000000
__Lbank2                          bank2        000000
__Lbank3                          bank3        000000
__Lbank4                          bank4        000000
__Lbank5                          bank5        000000
__Lbank6                          bank6        000000
__Lbank7                          bank7        000000
__Lbank8                          bank8        000000
__Lbank9                          bank9        000000
__Lbigbss                         bigbss       000000
__Lbigdata                        bigdata      000000
__Lbigram                         bigram       000000
__Lbss                            bss          000000
__LbssBANK0                       bssBANK0     000000
__LbssCOMRAM                      bssCOMRAM    000000
__Lcinit                          cinit        000000
__Lclrtext                        clrtext      000000
__Lcomram                         comram       000000
__Lconfig                         config       300000
__Lconst                          const        000000
__LcstackBANK0                    cstackBANK0  000000
__LcstackCOMRAM                   cstackCOMRAM 000000
__Ldata                           data         000000
__Leeprom_data                    eeprom_data  000000
__Lend_init                       end_init     0000E0
__Lfarbss                         farbss       000000
__Lfardata                        fardata      000000
__Libigdata                       ibigdata     000000
__Lidata                          idata        000000
__Lidloc                          idloc        200000
__Lifardata                       ifardata     000000
__Linit                           init         0000E0
__Lintcode                        intcode      000008
__Lintcode_body                   intcode_body 000000
__Lintcodelo                      intcodelo    000018
__Lintentry                       intentry     000000
__Lintret                         intret       000000
__Lintsave_regs                   intsave_regs 000000
__Lirdata                         irdata       000000
__Lmediumconst                    mediumconst  000000
__LnvCOMRAM                       nvCOMRAM     000000
__LnvFARRAM                       nvFARRAM     000000
__Lnvbit                          nvbit        000000
__Lnvrram                         nvrram       000000
__Lparam                          rparam       000000
__Lpowerup                        powerup      0000E0
__Lram                            ram          000000
__Lramtop                         ramtop       001000
__Lrbit                           rbit         000000
__Lrbss                           rbss         000000
__Lrdata                          rdata        000000
__Lreset_vec                      reset_vec    000000
__Lrparam                         rparam       000000
__Lsfr                            sfr          000000
__Lsmallconst                     smallconst   001000
__Lspace_0                        (abs)        000000
__Lspace_1                        (abs)        000000
__Lspace_2                        (abs)        000000
__Lstack                          stack        000000
__Lstruct                         struct       000000
__Ltemp                           temp         000000
__Ltext                           text         000000
__Ltext0                          text0        000000
__Ltext1                          text1        000000
__Ltext10                         text10       000000
__Ltext11                         text11       000000
__Ltext12                         text12       000000
__Ltext13                         text13       000000
__Ltext14                         text14       000000
__Ltext15                         text15       000000
__Ltext16                         text16       000000
__Ltext17                         text17       000000
__Ltext18                         text18       000000
__Ltext19                         text19       000000
__Ltext2                          text2        000000
__Ltext20                         text20       000000
__Ltext21                         text21       000000
__Ltext22                         text22       000000
__Ltext23                         text23       000000
__Ltext24                         text24       000000
__Ltext25                         text25       000000
__Ltext26                         text26       000000
__Ltext27                         text27       000000
__Ltext28                         text28       000000
__Ltext29                         text29       000000
__Ltext3                          text3        000000
__Ltext30                         text30       000000
__Ltext31                         text31       000000
__Ltext32                         text32       000000
__Ltext33                         text33       000000
__Ltext34                         text34       000000
__Ltext35                         text35       000000
__Ltext36                         text36       000000
__Ltext37                         text37       000000
__Ltext38                         text38       000000
__Ltext39                         text39       000000
__Ltext4                          text4        000000
__Ltext40                         text40       000000
__Ltext41                         text41       000000
__Ltext42                         text42       000000
__Ltext43                         text43       000000
__Ltext44                         text44       000000
__Ltext45                         text45       000000
__Ltext46                         text46       000000
__Ltext47                         text47       000000
__Ltext48                         text48       000000
__Ltext49                         text49       000000
__Ltext5                          text5        000000
__Ltext50                         text50       000000
__Ltext51                         text51       000000
__Ltext52                         text52       000000
__Ltext53                         text53       000000
__Ltext54                         text54       000000
__Ltext55                         text55       000000
__Ltext56                         text56       000000
__Ltext57                         text57       000000
__Ltext58                         text58       000000
__Ltext6                          text6        000000
__Ltext60                         text60       000000
__Ltext61                         text61       000000
__Ltext62                         text62       000000
__Ltext63                         text63       000000
__Ltext65                         text65       000000
__Ltext66                         text66       000000
__Ltext7                          text7        000000
__Ltext8                          text8        000000
__Ltext9                          text9        000000
__S0                              (abs)        30000E
__S1                              (abs)        0000E1
__S2                              (abs)        000000
___altoft                         text45       0025E2
___altoft@c                       cstackBANK0  00008A
___altoft@exp                     cstackBANK0  000092
___altoft@sign                    cstackBANK0  000093
___awtoft                         text53       002AA6
___awtoft@c                       cstackBANK0  000068
___awtoft@sign                    cstackBANK0  00006B
___extmem_base                    (abs)        020000
___ftadd                          text50       00103C
___ftadd@exp1                     cstackBANK0  000086
___ftadd@exp2                     cstackBANK0  000085
___ftadd@f1                       cstackBANK0  00007B
___ftadd@f2                       cstackBANK0  00007E
___ftadd@sign                     cstackBANK0  000084
___ftdiv                          text52       00195A
___ftdiv@cntr                     cstackBANK0  000071
___ftdiv@exp                      cstackBANK0  000075
___ftdiv@f1                       cstackBANK0  000068
___ftdiv@f2                       cstackBANK0  00006B
___ftdiv@f3                       cstackBANK0  000072
___ftdiv@sign                     cstackBANK0  000076
___ftge                           text44       00230E
___ftge@ff1                       cstackBANK0  000060
___ftge@ff2                       cstackBANK0  000063
___ftmul                          text48       0017FE
___ftmul@cntr                     cstackBANK0  000079
___ftmul@exp                      cstackBANK0  000075
___ftmul@f1                       cstackBANK0  00006C
___ftmul@f2                       cstackBANK0  00006F
___ftmul@f3_as_product            cstackBANK0  000076
___ftmul@sign                     cstackBANK0  00007A
___ftneg                          text51       002BAE
___ftneg@f1                       cstackBANK0  000060
___ftpack                         text56       001D0E
___ftpack@arg                     cstackBANK0  000060
___ftpack@exp                     cstackBANK0  000063
___ftpack@sign                    cstackBANK0  000064
___ftsub                          text49       002A56
___ftsub@f1                       cstackBANK0  000087
___ftsub@f2                       cstackBANK0  00008A
___fttol                          text43       001BDC
___fttol@exp1                     cstackBANK0  000089
___fttol@f1                       cstackBANK0  00007B
___fttol@lval                     cstackBANK0  000085
___fttol@sign1                    cstackBANK0  000084
___inthi_sp                       stack        000000
___intlo_sp                       stack        000000
___lbtoft                         text55       002BDE
___lbtoft@c                       cstackBANK0  00006B
___lltoft                         text54       002724
___lltoft@c                       cstackBANK0  000068
___lltoft@exp                     cstackBANK0  000070
___param_bank                     (abs)        000010
___rparam_used                    (abs)        000001
___sp                             stack        000000
___wmul                           text47       002B76
___wmul@multiplicand              cstackBANK0  000062
___wmul@multiplier                cstackBANK0  000060
___wmul@product                   cstackBANK0  000064
__accesstop                       (abs)        000060
__activetblptr                    (abs)        000003
__end_of_BusyADC                  text35       002E62
__end_of_BusySensorAcq            text34       002E1A
__end_of_CalculateSensorError     text58       00248E
__end_of_CalculateSensorStatuses  text57       0029EC
__end_of_CalculateSensorSums      text36       0025E2
__end_of_CalibrateLine            text27       002724
__end_of_CalibrateSensors         text26       00297C
__end_of_ChangeMode               text24       002C36
__end_of_ConfigureADC             text22       002DC0
__end_of_ConfigureBuggyIO         text21       002D3E
__end_of_ConfigureInterrupts      text20       002DAC
__end_of_ConfigurePWM             text17       002E54
__end_of_ConfigureTimer0          text14       002D6C
__end_of_ConfigureTimer2          text12       002E74
__end_of_ConvertADC               text33       002E8E
__end_of_Delay10KTCYx             text25       002D06
__end_of_EnableMotors             text11       002E8A
__end_of_EnableSensorLEDS         text10       002E86
__end_of_GetSensorReadings        text30       002D82
__end_of_MillisecondTimerISR      text65       002DF8
__end_of_NormaliseSensorReadings  text29       002896
__end_of_OpenADC                  text23       002820
__end_of_OpenPWM4                 text19       002CA8
__end_of_OpenPWM5                 text18       002C82
__end_of_OpenTimer0               text16       002C5C
__end_of_OpenTimer2               text13       002CCA
__end_of_ReadADC                  text28       002DD4
__end_of_ReadMillis               text9        002E6C
__end_of_ResetMillis              text8        002D56
__end_of_SetADCChannel            text31       002224
__end_of_SetChanADC               text32       002D24
__end_of_SetDCMotorL              text6        002E46
__end_of_SetDCMotorPID            text3        002A56
__end_of_SetDCMotorR              text4        002E38
__end_of_SetDCPWM4                text5        002B32
__end_of_SetDCPWM5                text7        002B76
__end_of_SetDirectionForward      text2        002E80
__end_of_SetUnipolar              text1        002E7A
__end_of_WriteTimer0              text15       002DE6
__end_of___altoft                 text45       002684
__end_of___awtoft                 text53       002AEE
__end_of___ftadd                  text50       0012BA
__end_of___ftdiv                  text52       001A9C
__end_of___ftge                   text44       0023DC
__end_of___ftmul                  text48       00195A
__end_of___ftneg                  text51       002BDE
__end_of___ftpack                 text56       001E2E
__end_of___ftsub                  text49       002AA6
__end_of___fttol                  text43       001D0E
__end_of___lbtoft                 text55       002C0E
__end_of___lltoft                 text54       0027A4
__end_of___wmul                   text47       002BAE
__end_of__initialization          cinit        002CE2
__end_of_eval_poly                text46       002136
__end_of_exp                      text39       0014E2
__end_of_floor                    text41       002040
__end_of_frexp                    text42       00253C
__end_of_isrHP                    intcode_body 00290A
__end_of_isrLP                    intcodelo    0000E0
__end_of_ldexp                    text40       001F44
__end_of_log                      text38       001BDC
__end_of_main                     text0        0017FE
__end_of_pow                      text37       00167C
__end_ofexp@coeff                 smallconst   00101F
__end_ofi1_ConvertADC             text63       002E92
__end_ofi1_ReadADC                text62       002E2A
__end_ofi1_SetADCChannel          text60       00230E
__end_ofi1_SetChanADC             text61       002D98
__end_ofi2_WriteTimer0            text66       002E0A
__end_oflog@coeff                 smallconst   00103A
__initialization                  cinit        002CCA
__mediumconst                     mediumconst  000000
__pbssBANK0                       bssBANK0     0000C1
__pbssCOMRAM                      bssCOMRAM    000028
__pcinit                          cinit        002CCA
__pcstackBANK0                    cstackBANK0  000060
__pcstackCOMRAM                   cstackCOMRAM 000001
__pintcode                        intcode      000008
__pintcode_body                   intcode_body 002896
__pintcodelo                      intcodelo    000018
__pnvCOMRAM                       nvCOMRAM     000046
__psmallconst                     smallconst   001000
__ptext0                          text0        00167C
__ptext1                          text1        002E74
__ptext10                         text10       002E80
__ptext11                         text11       002E86
__ptext12                         text12       002E6C
__ptext13                         text13       002CA8
__ptext14                         text14       002D56
__ptext15                         text15       002DD4
__ptext16                         text16       002C36
__ptext17                         text17       002E46
__ptext18                         text18       002C5C
__ptext19                         text19       002C82
__ptext2                          text2        002E7A
__ptext20                         text20       002D98
__ptext21                         text21       002D24
__ptext22                         text22       002DAC
__ptext23                         text23       0027A4
__ptext24                         text24       002C0E
__ptext25                         text25       002CE8
__ptext26                         text26       00290A
__ptext27                         text27       002684
__ptext28                         text28       002DC0
__ptext29                         text29       002820
__ptext3                          text3        0029EC
__ptext30                         text30       002D6C
__ptext31                         text31       002136
__ptext32                         text32       002D06
__ptext33                         text33       002E8A
__ptext34                         text34       002E0A
__ptext35                         text35       002E54
__ptext36                         text36       00253C
__ptext37                         text37       0014E2
__ptext38                         text38       001A9C
__ptext39                         text39       0012BA
__ptext4                          text4        002E2A
__ptext40                         text40       001E2E
__ptext41                         text41       001F44
__ptext42                         text42       00248E
__ptext43                         text43       001BDC
__ptext44                         text44       00230E
__ptext45                         text45       0025E2
__ptext46                         text46       002040
__ptext47                         text47       002B76
__ptext48                         text48       0017FE
__ptext49                         text49       002A56
__ptext5                          text5        002AEE
__ptext50                         text50       00103C
__ptext51                         text51       002BAE
__ptext52                         text52       00195A
__ptext53                         text53       002AA6
__ptext54                         text54       002724
__ptext55                         text55       002BDE
__ptext56                         text56       001D0E
__ptext57                         text57       00297C
__ptext58                         text58       0023DC
__ptext6                          text6        002E38
__ptext60                         text60       002224
__ptext61                         text61       002D82
__ptext62                         text62       002E1A
__ptext63                         text63       002E8E
__ptext65                         text65       002DE6
__ptext66                         text66       002DF8
__ptext7                          text7        002B32
__ptext8                          text8        002D3E
__ptext9                          text9        002E62
__ramtop                          ramtop       001000
__size_of_BusyADC                 (abs)        000000
__size_of_BusySensorAcq           (abs)        000000
__size_of_CalculateSensorError    (abs)        000000
__size_of_CalculateSensorStatuses (abs)        000000
__size_of_CalculateSensorSums     (abs)        000000
__size_of_CalibrateLine           (abs)        000000
__size_of_CalibrateSensors        (abs)        000000
__size_of_ChangeMode              (abs)        000000
__size_of_ConfigureADC            (abs)        000000
__size_of_ConfigureBuggyIO        (abs)        000000
__size_of_ConfigureInterrupts     (abs)        000000
__size_of_ConfigurePWM            (abs)        000000
__size_of_ConfigureTimer0         (abs)        000000
__size_of_ConfigureTimer2         (abs)        000000
__size_of_ConvertADC              (abs)        000000
__size_of_Delay10KTCYx            (abs)        000000
__size_of_EnableMotors            (abs)        000000
__size_of_EnableSensorLEDS        (abs)        000000
__size_of_GetSensorReadings       (abs)        000000
__size_of_MillisecondTimerISR     (abs)        000000
__size_of_NormaliseSensorReadings (abs)        000000
__size_of_OpenADC                 (abs)        000000
__size_of_OpenPWM4                (abs)        000000
__size_of_OpenPWM5                (abs)        000000
__size_of_OpenTimer0              (abs)        000000
__size_of_OpenTimer2              (abs)        000000
__size_of_ReadADC                 (abs)        000000
__size_of_ReadMillis              (abs)        000000
__size_of_ResetMillis             (abs)        000000
__size_of_SetADCChannel           (abs)        000000
__size_of_SetChanADC              (abs)        000000
__size_of_SetDCMotorL             (abs)        000000
__size_of_SetDCMotorPID           (abs)        000000
__size_of_SetDCMotorR             (abs)        000000
__size_of_SetDCPWM4               (abs)        000000
__size_of_SetDCPWM5               (abs)        000000
__size_of_SetDirectionForward     (abs)        000000
__size_of_SetUnipolar             (abs)        000000
__size_of_WriteTimer0             (abs)        000000
__size_of___altoft                (abs)        000000
__size_of___awtoft                (abs)        000000
__size_of___ftadd                 (abs)        000000
__size_of___ftdiv                 (abs)        000000
__size_of___ftge                  (abs)        000000
__size_of___ftmul                 (abs)        000000
__size_of___ftneg                 (abs)        000000
__size_of___ftpack                (abs)        000000
__size_of___ftsub                 (abs)        000000
__size_of___fttol                 (abs)        000000
__size_of___lbtoft                (abs)        000000
__size_of___lltoft                (abs)        000000
__size_of___wmul                  (abs)        000000
__size_of_eval_poly               (abs)        000000
__size_of_exp                     (abs)        000000
__size_of_floor                   (abs)        000000
__size_of_frexp                   (abs)        000000
__size_of_isrHP                   (abs)        000000
__size_of_isrLP                   (abs)        000000
__size_of_ldexp                   (abs)        000000
__size_of_log                     (abs)        000000
__size_of_main                    (abs)        000000
__size_of_pow                     (abs)        000000
__size_ofi1_ConvertADC            (abs)        000000
__size_ofi1_ReadADC               (abs)        000000
__size_ofi1_SetADCChannel         (abs)        000000
__size_ofi1_SetChanADC            (abs)        000000
__size_ofi2_WriteTimer0           (abs)        000000
__smallconst                      smallconst   001000
_convert_cm                       bssBANK0     0000D5
_convert_in                       bssBANK0     0000D8
_echo_acq_done                    bssCOMRAM    000037
_errno                            bssBANK0     0000DD
_eval_poly                        text46       002040
_exp                              text39       0012BA
_exp$2808                         cstackBANK0  00009F
_floor                            text41       001F44
_frexp                            text42       00248E
_isrHP                            intcode      000008
_isrLP                            intcodelo    000018
_ldexp                            text40       001E2E
_log                              text38       001A9C
_main                             text0        00167C
_millisecond_COUNT                bssCOMRAM    000033
_pow                              text37       0014E2
_pow$2806                         cstackBANK0  0000AB
_pow$2807                         cstackBANK0  0000AE
_second_rollover_flag             bssCOMRAM    000038
_sensor_acq_done                  bssCOMRAM    000039
_sensor_acq_index                 bssCOMRAM    00003A
_sensor_offsets                   bssBANK0     0000C1
_sensor_readings_normalised       bssBANK0     0000CB
_sensor_readings_ptr              nvCOMRAM     000046
_sensor_readings_raw              bssCOMRAM    00003C
_sensor_status                    bssCOMRAM    00002E
_sensor_threshold                 bssCOMRAM    000035
_system_clock_enable              bssCOMRAM    00003B
end_of_initialization             cinit        002CE2
eval_poly@d                       cstackBANK0  00008A
eval_poly@n                       cstackBANK0  00008C
eval_poly@res                     cstackBANK0  000090
eval_poly@x                       cstackBANK0  000087
exp@coeff                         smallconst   001001
exp@exponent                      cstackBANK0  0000A2
exp@sign                          cstackBANK0  0000A4
exp@x                             cstackBANK0  00009C
floor@expon                       cstackBANK0  00009A
floor@i                           cstackBANK0  000097
floor@x                           cstackBANK0  000094
frexp@eptr                        cstackBANK0  000063
frexp@value                       cstackBANK0  000060
i1SetADCChannel@channel           cstackCOMRAM 000003
i1SetChanADC@channel              cstackCOMRAM 000002
i1_ConvertADC                     text63       002E8E
i1_ReadADC                        text62       002E1A
i1_SetADCChannel                  text60       002224
i1_SetChanADC                     text61       002D82
i2WriteTimer0@timer               cstackCOMRAM 000018
i2WriteTimer0@timer0              cstackCOMRAM 000016
i2_WriteTimer0                    text66       002DF8
int_func                          intcode_body 002896
intlevel0                         text         000000
intlevel1                         text         000000
intlevel2                         text         000000
intlevel3                         text         000000
ldexp@newexp                      cstackBANK0  000096
ldexp@value                       cstackBANK0  000093
log@coeff                         smallconst   00101F
log@exponent                      cstackBANK0  000096
log@x                             cstackBANK0  000093
main@index                        cstackBANK0  0000C0
main@sensor_sum                   cstackBANK0  0000BE
pow@sign                          cstackBANK0  0000B1
pow@x                             cstackBANK0  0000A5
pow@y                             cstackBANK0  0000A8
pow@yi                            cstackBANK0  0000B2
stackhi                           (abs)        000F5F
stacklo                           (abs)        0000E1
start                             init         0000E0
start_initialization              cinit        002CCA


FUNCTION INFORMATION:

 *************** function _main *****************
 Defined at:
		line 553 in file "FastBuggy17_Main_Code.c"
 Parameters:    Size  Location     Type
		None
 Auto vars:     Size  Location     Type
  sensor_sum      2   94[BANK0 ] int 
  index           1   96[BANK0 ] unsigned char 
 Return value:  Size  Location     Type
		None               void
 Registers used:
		wreg, fsr2l, fsr2h, status,2, status,0, tblptrl, tblptrh, tblptru, prodl, prodh, cstack
 Tracked objects:
		On entry : 
		On exit  : 
		Unchanged: 
 Data sizes:     COMRAM   BANK0   BANK1   BANK2   BANK3   BANK4   BANK5   BANK6   BANK7   BANK8   BANK9  BANK10  BANK11  BANK12  BANK13  BANK14  BANK15
      Params:         0       0       0       0       0       0       0       0       0       0       0       0       0       0       0       0       0
      Locals:         0       3       0       0       0       0       0       0       0       0       0       0       0       0       0       0       0
      Temps:          0       3       0       0       0       0       0       0       0       0       0       0       0       0       0       0       0
      Totals:         0       6       0       0       0       0       0       0       0       0       0       0       0       0       0       0       0
Total ram usage:        6 bytes
 Hardware stack levels required when called:   12
 This function calls:
		_BusySensorAcq
		_CalculateSensorError
		_CalculateSensorStatuses
		_CalculateSensorSums
		_CalibrateLine
		_CalibrateSensors
		_ChangeMode
		_ConfigureADC
		_ConfigureBuggyIO
		_ConfigureInterrupts
		_ConfigurePWM
		_ConfigureTimer0
		_ConfigureTimer2
		_Delay10KTCYx
		_EnableMotors
		_EnableSensorLEDS
		_GetSensorReadings
		_NormaliseSensorReadings
		_ReadMillis
		_ResetMillis
		_SetDCMotorL
		_SetDCMotorPID
		_SetDCMotorR
		_SetDirectionForward
		_SetUnipolar
		___wmul
 This function is called by:
		Startup code after reset
 This function uses a non-reentrant model


 *************** function _SetUnipolar *****************
 Defined at:
		line 86 in file "Motors.c"
 Parameters:    Size  Location     Type
		None
 Auto vars:     Size  Location     Type
		None
 Return value:  Size  Location     Type
		None               void
 Registers used:
		None
 Tracked objects:
		On entry : 
		On exit  : 
		Unchanged: 
 Data sizes:     COMRAM   BANK0   BANK1   BANK2   BANK3   BANK4   BANK5   BANK6   BANK7   BANK8   BANK9  BANK10  BANK11  BANK12  BANK13  BANK14  BANK15
      Params:         0       0       0       0       0       0       0       0       0       0       0       0       0       0       0       0       0
      Locals:         0       0       0       0       0       0       0       0       0       0       0       0       0       0       0       0       0
      Temps:          0       0       0       0       0       0       0       0       0       0       0       0       0       0       0       0       0
      Totals:         0       0       0       0       0       0       0       0       0       0       0       0       0       0       0       0       0
Total ram usage:        0 bytes
 Hardware stack levels used:    1
 Hardware stack levels required when called:    6
 This function calls:
		Nothing
 This function is called by:
		_main
 This function uses a non-reentrant model


 *************** function _SetDirectionForward *****************
 Defined at:
		line 29 in file "Motors.c"
 Parameters:    Size  Location     Type
		None
 Auto vars:     Size  Location     Type
		None
 Return value:  Size  Location     Type
		None               void
 Registers used:
		None
 Tracked objects:
		On entry : 
		On exit  : 
		Unchanged: 
 Data sizes:     COMRAM   BANK0   BANK1   BANK2   BANK3   BANK4   BANK5   BANK6   BANK7   BANK8   BANK9  BANK10  BANK11  BANK12  BANK13  BANK14  BANK15
      Params:         0       0       0       0       0       0       0       0       0       0       0       0       0       0       0       0       0
      Locals:         0       0       0       0       0       0       0       0       0       0       0       0       0       0       0       0       0
      Temps:          0       0       0       0       0       0       0       0       0       0       0       0       0       0       0       0       0
      Totals:         0       0       0       0       0       0       0       0       0       0       0       0       0       0       0       0       0
Total ram usage:        0 bytes
 Hardware stack levels used:    1
 Hardware stack levels required when called:    6
 This function calls:
		Nothing
 This function is called by:
		_main
 This function uses a non-reentrant model


 *************** function _SetDCMotorPID *****************
 Defined at:
		line 16 in file "Motors.c"
 Parameters:    Size  Location     Type
  PIDoutput       2    8[BANK0 ] int 
 Auto vars:     Size  Location     Type
		None
 Return value:  Size  Location     Type
		None               void
 Registers used:
		wreg, status,2, status,0, cstack
 Tracked objects:
		On entry : 
		On exit  : 
		Unchanged: 
 Data sizes:     COMRAM   BANK0   BANK1   BANK2   BANK3   BANK4   BANK5   BANK6   BANK7   BANK8   BANK9  BANK10  BANK11  BANK12  BANK13  BANK14  BANK15
      Params:         0       2       0       0       0       0       0       0       0       0       0       0       0       0       0       0       0
      Locals:         0       0       0       0       0       0       0       0       0       0       0       0       0       0       0       0       0
      Temps:          0       2       0       0       0       0       0       0       0       0       0       0       0       0       0       0       0
      Totals:         0       4       0       0       0       0       0       0       0       0       0       0       0       0       0       0       0
Total ram usage:        4 bytes
 Hardware stack levels used:    1
 Hardware stack levels required when called:    8
 This function calls:
		_SetDCMotorL
		_SetDCMotorR
 This function is called by:
		_main
 This function uses a non-reentrant model


 *************** function _SetDCMotorR *****************
 Defined at:
		line 10 in file "Motors.c"
 Parameters:    Size  Location     Type
  duty_cycle      2    6[BANK0 ] unsigned int 
 Auto vars:     Size  Location     Type
		None
 Return value:  Size  Location     Type
		None               void
 Registers used:
		wreg, status,2, status,0, cstack
 Tracked objects:
		On entry : 
		On exit  : 
		Unchanged: 
 Data sizes:     COMRAM   BANK0   BANK1   BANK2   BANK3   BANK4   BANK5   BANK6   BANK7   BANK8   BANK9  BANK10  BANK11  BANK12  BANK13  BANK14  BANK15
      Params:         0       2       0       0       0       0       0       0       0       0       0       0       0       0       0       0       0
      Locals:         0       0       0       0       0       0       0       0       0       0       0       0       0       0       0       0       0
      Temps:          0       0       0       0       0       0       0       0       0       0       0       0       0       0       0       0       0
      Totals:         0       2       0       0       0       0       0       0       0       0       0       0       0       0       0       0       0
Total ram usage:        2 bytes
 Hardware stack levels used:    1
 Hardware stack levels required when called:    7
 This function calls:
		_SetDCPWM4
 This function is called by:
		_main
		_SetDCMotorPID
		_StopMotors
 This function uses a non-reentrant model


 *************** function _SetDCPWM4 *****************
 Defined at:
		line 17 in file "C:\Program Files (x86)\Microchip\xc8\v1.34\sources\pic18\plib\PWM\pw4setdc.c"
 Parameters:    Size  Location     Type
  dutycycle       2    0[BANK0 ] unsigned int 
 Auto vars:     Size  Location     Type
  DCycle          2    4[BANK0 ] struct PWMDC
 Return value:  Size  Location     Type
		None               void
 Registers used:
		wreg, status,2, status,0
 Tracked objects:
		On entry : 
		On exit  : 
		Unchanged: 
 Data sizes:     COMRAM   BANK0   BANK1   BANK2   BANK3   BANK4   BANK5   BANK6   BANK7   BANK8   BANK9  BANK10  BANK11  BANK12  BANK13  BANK14  BANK15
      Params:         0       2       0       0       0       0       0       0       0       0       0       0       0       0       0       0       0
      Locals:         0       2       0       0       0       0       0       0       0       0       0       0       0       0       0       0       0
      Temps:          0       2       0       0       0       0       0       0       0       0       0       0       0       0       0       0       0
      Totals:         0       6       0       0       0       0       0       0       0       0       0       0       0       0       0       0       0
Total ram usage:        6 bytes
 Hardware stack levels used:    1
 Hardware stack levels required when called:    6
 This function calls:
		Nothing
 This function is called by:
		_SetDCMotorR
 This function uses a non-reentrant model


 *************** function _SetDCMotorL *****************
 Defined at:
		line 4 in file "Motors.c"
 Parameters:    Size  Location     Type
  duty_cycle      2    6[BANK0 ] unsigned int 
 Auto vars:     Size  Location     Type
		None
 Return value:  Size  Location     Type
		None               void
 Registers used:
		wreg, status,2, status,0, cstack
 Tracked objects:
		On entry : 
		On exit  : 
		Unchanged: 
 Data sizes:     COMRAM   BANK0   BANK1   BANK2   BANK3   BANK4   BANK5   BANK6   BANK7   BANK8   BANK9  BANK10  BANK11  BANK12  BANK13  BANK14  BANK15
      Params:         0       2       0       0       0       0       0       0       0       0       0       0       0       0       0       0       0
      Locals:         0       0       0       0       0       0       0       0       0       0       0       0       0       0       0       0       0
      Temps:          0       0       0       0       0       0       0       0       0       0       0       0       0       0       0       0       0
      Totals:         0       2       0       0       0       0       0       0       0       0       0       0       0       0       0       0       0
Total ram usage:        2 bytes
 Hardware stack levels used:    1
 Hardware stack levels required when called:    7
 This function calls:
		_SetDCPWM5
 This function is called by:
		_main
		_SetDCMotorPID
		_StopMotors
 This function uses a non-reentrant model


 *************** function _SetDCPWM5 *****************
 Defined at:
		line 15 in file "C:\Program Files (x86)\Microchip\xc8\v1.34\sources\pic18\plib\PWM\pw5setdc.c"
 Parameters:    Size  Location     Type
  dutycycle       2    0[BANK0 ] unsigned int 
 Auto vars:     Size  Location     Type
  DCycle          2    4[BANK0 ] struct PWMDC
 Return value:  Size  Location     Type
		None               void
 Registers used:
		wreg, status,2, status,0
 Tracked objects:
		On entry : 
		On exit  : 
		Unchanged: 
 Data sizes:     COMRAM   BANK0   BANK1   BANK2   BANK3   BANK4   BANK5   BANK6   BANK7   BANK8   BANK9  BANK10  BANK11  BANK12  BANK13  BANK14  BANK15
      Params:         0       2       0       0       0       0       0       0       0       0       0       0       0       0       0       0       0
      Locals:         0       2       0       0       0       0       0       0       0       0       0       0       0       0       0       0       0
      Temps:          0       2       0       0       0       0       0       0       0       0       0       0       0       0       0       0       0
      Totals:         0       6       0       0       0       0       0       0       0       0       0       0       0       0       0       0       0
Total ram usage:        6 bytes
 Hardware stack levels used:    1
 Hardware stack levels required when called:    6
 This function calls:
		Nothing
 This function is called by:
		_SetDCMotorL
 This function uses a non-reentrant model


 *************** function _ResetMillis *****************
 Defined at:
		line 15 in file "MillisecondTimer.c"
 Parameters:    Size  Location     Type
		None
 Auto vars:     Size  Location     Type
		None
 Return value:  Size  Location     Type
		None               void
 Registers used:
		wreg, status,2, cstack
 Tracked objects:
		On entry : 
		On exit  : 
		Unchanged: 
 Data sizes:     COMRAM   BANK0   BANK1   BANK2   BANK3   BANK4   BANK5   BANK6   BANK7   BANK8   BANK9  BANK10  BANK11  BANK12  BANK13  BANK14  BANK15
      Params:         0       0       0       0       0       0       0       0       0       0       0       0       0       0       0       0       0
      Locals:         0       0       0       0       0       0       0       0       0       0       0       0       0       0       0       0       0
      Temps:          0       0       0       0       0       0       0       0       0       0       0       0       0       0       0       0       0
      Totals:         0       0       0       0       0       0       0       0       0       0       0       0       0       0       0       0       0
Total ram usage:        0 bytes
 Hardware stack levels used:    1
 Hardware stack levels required when called:    7
 This function calls:
		_WriteTimer0
 This function is called by:
		_main
 This function uses a non-reentrant model


 *************** function _ReadMillis *****************
 Defined at:
		line 7 in file "MillisecondTimer.c"
 Parameters:    Size  Location     Type
		None
 Auto vars:     Size  Location     Type
		None
 Return value:  Size  Location     Type
                  2    0[BANK0 ] unsigned int 
 Registers used:
		None
 Tracked objects:
		On entry : 
		On exit  : 
		Unchanged: 
 Data sizes:     COMRAM   BANK0   BANK1   BANK2   BANK3   BANK4   BANK5   BANK6   BANK7   BANK8   BANK9  BANK10  BANK11  BANK12  BANK13  BANK14  BANK15
      Params:         0       2       0       0       0       0       0       0       0       0       0       0       0       0       0       0       0
      Locals:         0       0       0       0       0       0       0       0       0       0       0       0       0       0       0       0       0
      Temps:          0       0       0       0       0       0       0       0       0       0       0       0       0       0       0       0       0
      Totals:         0       2       0       0       0       0       0       0       0       0       0       0       0       0       0       0       0
Total ram usage:        2 bytes
 Hardware stack levels used:    1
 Hardware stack levels required when called:    6
 This function calls:
		Nothing
 This function is called by:
		_main
 This function uses a non-reentrant model


 *************** function _EnableSensorLEDS *****************
 Defined at:
		line 474 in file "FastBuggy17_Main_Code.c"
 Parameters:    Size  Location     Type
		None
 Auto vars:     Size  Location     Type
		None
 Return value:  Size  Location     Type
		None               void
 Registers used:
		wreg, status,2
 Tracked objects:
		On entry : 
		On exit  : 
		Unchanged: 
 Data sizes:     COMRAM   BANK0   BANK1   BANK2   BANK3   BANK4   BANK5   BANK6   BANK7   BANK8   BANK9  BANK10  BANK11  BANK12  BANK13  BANK14  BANK15
[...]
      Temps:         17       0       0       0       0       0       0       0       0       0       0       0       0       0       0       0       0
      Totals:        17       0       0       0       0       0       0       0       0       0       0       0       0       0       0       0       0
Total ram usage:       17 bytes
 Hardware stack levels used:    1
 Hardware stack levels required when called:    5
 This function calls:
		i1_ConvertADC
		i1_ReadADC
		i1_SetADCChannel
 This function is called by:
		Interrupt level 1
 This function uses a non-reentrant model


 *************** function i1_SetADCChannel *****************
 Defined at:
		line 258 in file "FastBuggy17_Main_Code.c"
 Parameters:    Size  Location     Type
  channel         1    wreg     unsigned char 
 Auto vars:     Size  Location     Type
  channel         1    2[COMRAM] unsigned char 
 Return value:  Size  Location     Type
		None               void
 Registers used:
		wreg, status,2, status,0, cstack
 Tracked objects:
		On entry : 
		On exit  : 
		Unchanged: 
 Data sizes:     COMRAM   BANK0   BANK1   BANK2   BANK3   BANK4   BANK5   BANK6   BANK7   BANK8   BANK9  BANK10  BANK11  BANK12  BANK13  BANK14  BANK15
      Params:         0       0       0       0       0       0       0       0       0       0       0       0       0       0       0       0       0
      Locals:         1       0       0       0       0       0       0       0       0       0       0       0       0       0       0       0       0
      Temps:          0       0       0       0       0       0       0       0       0       0       0       0       0       0       0       0       0
      Totals:         1       0       0       0       0       0       0       0       0       0       0       0       0       0       0       0       0
Total ram usage:        1 bytes
 Hardware stack levels used:    1
 Hardware stack levels required when called:    4
 This function calls:
		i1_SetChanADC
 This function is called by:
		_isrLP
 This function uses a non-reentrant model


 *************** function i1_SetChanADC *****************
 Defined at:
		line 30 in file "C:\Program Files (x86)\Microchip\xc8\v1.34\sources\pic18\plib\ADC\adcsetch.c"
 Parameters:    Size  Location     Type
  channel         1    wreg     unsigned char 
 Auto vars:     Size  Location     Type
  channel         1    1[COMRAM] unsigned char 
 Return value:  Size  Location     Type
		None               void
 Registers used:
		wreg, status,2, status,0
 Tracked objects:
		On entry : 
		On exit  : 
		Unchanged: 
 Data sizes:     COMRAM   BANK0   BANK1   BANK2   BANK3   BANK4   BANK5   BANK6   BANK7   BANK8   BANK9  BANK10  BANK11  BANK12  BANK13  BANK14  BANK15
      Params:         0       0       0       0       0       0       0       0       0       0       0       0       0       0       0       0       0
      Locals:         1       0       0       0       0       0       0       0       0       0       0       0       0       0       0       0       0
      Temps:          1       0       0       0       0       0       0       0       0       0       0       0       0       0       0       0       0
      Totals:         2       0       0       0       0       0       0       0       0       0       0       0       0       0       0       0       0
Total ram usage:        2 bytes
 Hardware stack levels used:    1
 Hardware stack levels required when called:    3
 This function calls:
		Nothing
 This function is called by:
		i1_SetADCChannel
 This function uses a non-reentrant model


 *************** function i1_ReadADC *****************
 Defined at:
		line 24 in file "C:\Program Files (x86)\Microchip\xc8\v1.34\sources\pic18\plib\ADC\adcread.c"
 Parameters:    Size  Location     Type
		None
 Auto vars:     Size  Location     Type
		None
 Return value:  Size  Location     Type
                  2    0[COMRAM] int 
 Registers used:
		wreg, status,2
 Tracked objects:
		On entry : 
		On exit  : 
		Unchanged: 
 Data sizes:     COMRAM   BANK0   BANK1   BANK2   BANK3   BANK4   BANK5   BANK6   BANK7   BANK8   BANK9  BANK10  BANK11  BANK12  BANK13  BANK14  BANK15
      Params:         2       0       0       0       0       0       0       0       0       0       0       0       0       0       0       0       0
      Locals:         0       0       0       0       0       0       0       0       0       0       0       0       0       0       0       0       0
      Temps:          2       0       0       0       0       0       0       0       0       0       0       0       0       0       0       0       0
      Totals:         4       0       0       0       0       0       0       0       0       0       0       0       0       0       0       0       0
Total ram usage:        4 bytes
 Hardware stack levels used:    1
 Hardware stack levels required when called:    3
 This function calls:
		Nothing
 This function is called by:
		_isrLP
 This function uses a non-reentrant model


 *************** function i1_ConvertADC *****************
 Defined at:
		line 22 in file "C:\Program Files (x86)\Microchip\xc8\v1.34\sources\pic18\plib\ADC\adcconv.c"
 Parameters:    Size  Location     Type
		None
 Auto vars:     Size  Location     Type
		None
 Return value:  Size  Location     Type
		None               void
 Registers used:
		None
 Tracked objects:
		On entry : 
		On exit  : 
		Unchanged: 
 Data sizes:     COMRAM   BANK0   BANK1   BANK2   BANK3   BANK4   BANK5   BANK6   BANK7   BANK8   BANK9  BANK10  BANK11  BANK12  BANK13  BANK14  BANK15
      Params:         0       0       0       0       0       0       0       0       0       0       0       0       0       0       0       0       0
      Locals:         0       0       0       0       0       0       0       0       0       0       0       0       0       0       0       0       0
      Temps:          0       0       0       0       0       0       0       0       0       0       0       0       0       0       0       0       0
      Totals:         0       0       0       0       0       0       0       0       0       0       0       0       0       0       0       0       0
Total ram usage:        0 bytes
 Hardware stack levels used:    1
 Hardware stack levels required when called:    3
 This function calls:
		Nothing
 This function is called by:
		_isrLP
 This function uses a non-reentrant model


 *************** function _isrHP *****************
 Defined at:
		line 500 in file "FastBuggy17_Main_Code.c"
 Parameters:    Size  Location     Type
		None
 Auto vars:     Size  Location     Type
		None
 Return value:  Size  Location     Type
		None               void
 Registers used:
		wreg, status,2, status,0, cstack
 Tracked objects:
		On entry : 
		On exit  : 
		Unchanged: 
 Data sizes:     COMRAM   BANK0   BANK1   BANK2   BANK3   BANK4   BANK5   BANK6   BANK7   BANK8   BANK9  BANK10  BANK11  BANK12  BANK13  BANK14  BANK15
      Params:         0       0       0       0       0       0       0       0       0       0       0       0       0       0       0       0       0
      Locals:         0       0       0       0       0       0       0       0       0       0       0       0       0       0       0       0       0
      Temps:         14       0       0       0       0       0       0       0       0       0       0       0       0       0       0       0       0
      Totals:        14       0       0       0       0       0       0       0       0       0       0       0       0       0       0       0       0
Total ram usage:       14 bytes
 Hardware stack levels used:    1
 Hardware stack levels required when called:    2
 This function calls:
		_MillisecondTimerISR
 This function is called by:
		Interrupt level 2
 This function uses a non-reentrant model


 *************** function _MillisecondTimerISR *****************
 Defined at:
		line 22 in file "MillisecondTimer.c"
 Parameters:    Size  Location     Type
		None
 Auto vars:     Size  Location     Type
		None
 Return value:  Size  Location     Type
		None               void
 Registers used:
		wreg, status,2, status,0, cstack
 Tracked objects:
		On entry : 
		On exit  : 
		Unchanged: 
 Data sizes:     COMRAM   BANK0   BANK1   BANK2   BANK3   BANK4   BANK5   BANK6   BANK7   BANK8   BANK9  BANK10  BANK11  BANK12  BANK13  BANK14  BANK15
      Params:         0       0       0       0       0       0       0       0       0       0       0       0       0       0       0       0       0
      Locals:         0       0       0       0       0       0       0       0       0       0       0       0       0       0       0       0       0
      Temps:          0       0       0       0       0       0       0       0       0       0       0       0       0       0       0       0       0
      Totals:         0       0       0       0       0       0       0       0       0       0       0       0       0       0       0       0       0
Total ram usage:        0 bytes
 Hardware stack levels used:    1
 Hardware stack levels required when called:    1
 This function calls:
		i2_WriteTimer0
 This function is called by:
		_isrHP
 This function uses a non-reentrant model


 *************** function i2_WriteTimer0 *****************
 Defined at:
		line 16 in file "C:\Program Files (x86)\Microchip\xc8\v1.34\sources\pic18\plib\Timers\t0write.c"
 Parameters:    Size  Location     Type
  timer0          2   21[COMRAM] unsigned int 
 Auto vars:     Size  Location     Type
  WriteTimer0     2   23[COMRAM] struct Timers
 Return value:  Size  Location     Type
		None               void
 Registers used:
		None
 Tracked objects:
		On entry : 
		On exit  : 
		Unchanged: 
 Data sizes:     COMRAM   BANK0   BANK1   BANK2   BANK3   BANK4   BANK5   BANK6   BANK7   BANK8   BANK9  BANK10  BANK11  BANK12  BANK13  BANK14  BANK15
      Params:         2       0       0       0       0       0       0       0       0       0       0       0       0       0       0       0       0
      Locals:         2       0       0       0       0       0       0       0       0       0       0       0       0       0       0       0       0
      Temps:          0       0       0       0       0       0       0       0       0       0       0       0       0       0       0       0       0
      Totals:         4       0       0       0       0       0       0       0       0       0       0       0       0       0       0       0       0
Total ram usage:        4 bytes
 Hardware stack levels used:    1
 This function calls:
		Nothing
 This function is called by:
		_MillisecondTimerISR
 This function uses a non-reentrant model



MODULE INFORMATION

Module		Function		Class		Link	Load	Size
C:\Program Files (x86)\Microchip\xc8\v1.34\sources\pic18\plib\PWM\pw4open.c
		_OpenPWM4      		CODE           	2C82	0000	39

C:\Program Files (x86)\Microchip\xc8\v1.34\sources\pic18\plib\PWM\pw4open.c estimated size: 39

C:\Program Files (x86)\Microchip\xc8\v1.34\sources\common\ftge.c
		___ftge        		CODE           	230E	0000	207

C:\Program Files (x86)\Microchip\xc8\v1.34\sources\common\ftge.c estimated size: 207

C:\Program Files (x86)\Microchip\xc8\v1.34\sources\pic18\plib\ADC\adcsetch.c
		_SetChanADC    		CODE           	2D06	0000	31

C:\Program Files (x86)\Microchip\xc8\v1.34\sources\pic18\plib\ADC\adcsetch.c estimated size: 31

C:\Program Files (x86)\Microchip\xc8\v1.34\sources\pic18\plib\PWM\pw4setdc.c
		_SetDCPWM4     		CODE           	2AEE	0000	69

C:\Program Files (x86)\Microchip\xc8\v1.34\sources\pic18\plib\PWM\pw4setdc.c estimated size: 69

C:\Program Files (x86)\Microchip\xc8\v1.34\sources\pic18\d10ktcyx.c
		_Delay10KTCYx  		CODE           	2CE8	0000	31

C:\Program Files (x86)\Microchip\xc8\v1.34\sources\pic18\d10ktcyx.c estimated size: 31

C:\Program Files (x86)\Microchip\xc8\v1.34\sources\pic18\plib\ADC\adcbusy.c
		_BusyADC       		CODE           	2E54	0000	15

C:\Program Files (x86)\Microchip\xc8\v1.34\sources\pic18\plib\ADC\adcbusy.c estimated size: 15

FastBuggy17_Main_Code.c
		_EnableSensorLE		CODE           	2E80	0000	7
		_ConfigureTimer		CODE           	2D56	0000	23
		_ConfigureTimer		CODE           	2E6C	0000	9
		_ChangeMode    		CODE           	2C0E	0000	41
		_CalculateSenso		CODE           	297C	0000	113
		_CalculateSenso		CODE           	23DC	0000	179
		_main          		CODE           	167C	0000	387
		_BusySensorAcq 		CODE           	2E0A	0000	17
		_CalibrateLine 		CODE           	2684	0000	161
		_isrHP         		CODE           	0008	0000	133
		_ConfigureInter		CODE           	2D98	0000	21
		_CalibrateSenso		CODE           	290A	0000	115
		_ConfigureBuggy		CODE           	2D24	0000	27
		_CalculateSenso		CODE           	253C	0000	167
		_NormaliseSenso		CODE           	2820	0000	119
		_SetADCChannel 		CODE           	2136	0000	239
		_ConfigureADC  		CODE           	2DAC	0000	21
		_ConfigurePWM  		CODE           	2E46	0000	15
		_GetSensorReadi		CODE           	2D6C	0000	23
		_isrLP         		CODE           	0018	0000	201

FastBuggy17_Main_Code.c estimated size: 2018

C:\Program Files (x86)\Microchip\xc8\v1.34\sources\common\ftneg.c
		___ftneg       		CODE           	2BAE	0000	49

C:\Program Files (x86)\Microchip\xc8\v1.34\sources\common\ftneg.c estimated size: 49

C:\Program Files (x86)\Microchip\xc8\v1.34\sources\pic18\plib\ADC\adcopen.c
		_OpenADC       		CODE           	27A4	0000	125

C:\Program Files (x86)\Microchip\xc8\v1.34\sources\pic18\plib\ADC\adcopen.c estimated size: 125

MillisecondTimer.c
		_MillisecondTim		CODE           	2DE6	0000	19
		_ResetMillis   		CODE           	2D3E	0000	25
		_ReadMillis    		CODE           	2E62	0000	11

MillisecondTimer.c estimated size: 55

C:\Program Files (x86)\Microchip\xc8\v1.34\sources\common\ftsub.c
		___ftsub       		CODE           	2A56	0000	81

C:\Program Files (x86)\Microchip\xc8\v1.34\sources\common\ftsub.c estimated size: 81

C:\Program Files (x86)\Microchip\xc8\v1.34\sources\common\float.c
		___ftpack      		CODE           	1D0E	0000	289

C:\Program Files (x86)\Microchip\xc8\v1.34\sources\common\float.c estimated size: 289

Motors.c
		_EnableMotors  		CODE           	2E86	0000	5
		_SetDCMotorL   		CODE           	2E38	0000	15
		_SetDCMotorR   		CODE           	2E2A	0000	15
		_SetDCMotorPID 		CODE           	29EC	0000	107
		_SetUnipolar   		CODE           	2E74	0000	7
		_SetDirectionFo		CODE           	2E7A	0000	7

Motors.c estimated size: 156

C:\Program Files (x86)\Microchip\xc8\v1.34\sources\pic18\plib\Timers\t0open.c
		_OpenTimer0    		CODE           	2C36	0000	39

C:\Program Files (x86)\Microchip\xc8\v1.34\sources\pic18\plib\Timers\t0open.c estimated size: 39

C:\Program Files (x86)\Microchip\xc8\v1.34\sources\common\evalpoly.c
		_eval_poly     		CODE           	2040	0000	247

C:\Program Files (x86)\Microchip\xc8\v1.34\sources\common\evalpoly.c estimated size: 247

C:\Program Files (x86)\Microchip\xc8\v1.34\sources\common\exp.c
		_exp           		CODE           	12BA	0000	553

C:\Program Files (x86)\Microchip\xc8\v1.34\sources\common\exp.c estimated size: 553

C:\Program Files (x86)\Microchip\xc8\v1.34\sources\common\awtoft.c
		___awtoft      		CODE           	2AA6	0000	73

C:\Program Files (x86)\Microchip\xc8\v1.34\sources\common\awtoft.c estimated size: 73

C:\Program Files (x86)\Microchip\xc8\v1.34\sources\common\lbtoft.c
		___lbtoft      		CODE           	2BDE	0000	49

C:\Program Files (x86)\Microchip\xc8\v1.34\sources\common\lbtoft.c estimated size: 49

C:\Program Files (x86)\Microchip\xc8\v1.34\sources\common\frexp.c
		_ldexp         		CODE           	1E2E	0000	279
		_frexp         		CODE           	248E	0000	175

C:\Program Files (x86)\Microchip\xc8\v1.34\sources\common\frexp.c estimated size: 454

C:\Program Files (x86)\Microchip\xc8\v1.34\sources\pic18\plib\ADC\adcread.c
		_ReadADC       		CODE           	2DC0	0000	21

C:\Program Files (x86)\Microchip\xc8\v1.34\sources\pic18\plib\ADC\adcread.c estimated size: 21

C:\Program Files (x86)\Microchip\xc8\v1.34\sources\common\floor.c
		_floor         		CODE           	1F44	0000	253

C:\Program Files (x86)\Microchip\xc8\v1.34\sources\common\floor.c estimated size: 253

C:\Program Files (x86)\Microchip\xc8\v1.34\sources\common\ftmul.c
		___ftmul       		CODE           	17FE	0000	349

C:\Program Files (x86)\Microchip\xc8\v1.34\sources\common\ftmul.c estimated size: 349

C:\Program Files (x86)\Microchip\xc8\v1.34\sources\common\ftdiv.c
		___ftdiv       		CODE           	195A	0000	323

C:\Program Files (x86)\Microchip\xc8\v1.34\sources\common\ftdiv.c estimated size: 323

C:\Program Files (x86)\Microchip\xc8\v1.34\sources\common\lltoft.c
		___lltoft      		CODE           	2724	0000	129

C:\Program Files (x86)\Microchip\xc8\v1.34\sources\common\lltoft.c estimated size: 129

shared
		exp@coeff      		SMALLCONST     	1001	0000	31
		i1_ConvertADC  		CODE           	2E8E	0000	5
		__initializatio		CODE           	2CCA	0000	25
		i1_SetChanADC  		CODE           	2D82	0000	23
		i1_SetADCChanne		CODE           	2224	0000	235
		i1_ReadADC     		CODE           	2E1A	0000	17
		i2_WriteTimer0 		CODE           	2DF8	0000	19
		log@coeff      		SMALLCONST     	101F	0000	28

shared estimated size: 383

C:\Program Files (x86)\Microchip\xc8\v1.34\sources\common\log.c
		_log           		CODE           	1A9C	0000	321

C:\Program Files (x86)\Microchip\xc8\v1.34\sources\common\log.c estimated size: 321

C:\Program Files (x86)\Microchip\xc8\v1.34\sources\common\altoft.c
		___altoft      		CODE           	25E2	0000	163

C:\Program Files (x86)\Microchip\xc8\v1.34\sources\common\altoft.c estimated size: 163

C:\Program Files (x86)\Microchip\xc8\v1.34\sources\pic18\plib\Timers\t0write.c
		_WriteTimer0   		CODE           	2DD4	0000	19

C:\Program Files (x86)\Microchip\xc8\v1.34\sources\pic18\plib\Timers\t0write.c estimated size: 19

C:\Program Files (x86)\Microchip\xc8\v1.34\sources\pic18\plib\ADC\adcconv.c
		_ConvertADC    		CODE           	2E8A	0000	5

C:\Program Files (x86)\Microchip\xc8\v1.34\sources\pic18\plib\ADC\adcconv.c estimated size: 5

C:\Program Files (x86)\Microchip\xc8\v1.34\sources\pic18\plib\PWM\pw5open.c
		_OpenPWM5      		CODE           	2C5C	0000	39

C:\Program Files (x86)\Microchip\xc8\v1.34\sources\pic18\plib\PWM\pw5open.c estimated size: 39

C:\Program Files (x86)\Microchip\xc8\v1.34\sources\common\pow.c
		_pow           		CODE           	14E2	0000	411

C:\Program Files (x86)\Microchip\xc8\v1.34\sources\common\pow.c estimated size: 411

C:\Program Files (x86)\Microchip\xc8\v1.34\sources\pic18\plib\PWM\pw5setdc.c
		_SetDCPWM5     		CODE           	2B32	0000	69

C:\Program Files (x86)\Microchip\xc8\v1.34\sources\pic18\plib\PWM\pw5setdc.c estimated size: 69

C:\Program Files (x86)\Microchip\xc8\v1.34\sources\common\fttol.c
		___fttol       		CODE           	1BDC	0000	307

C:\Program Files (x86)\Microchip\xc8\v1.34\sources\common\fttol.c estimated size: 307

C:\Program Files (x86)\Microchip\xc8\v1.34\sources\pic18\plib\Timers\t2open.c
		_OpenTimer2    		CODE           	2CA8	0000	35

C:\Program Files (x86)\Microchip\xc8\v1.34\sources\pic18\plib\Timers\t2open.c estimated size: 35

C:\Program Files (x86)\Microchip\xc8\v1.34\sources\common\Umul16.c
		___wmul        		CODE           	2B76	0000	57

C:\Program Files (x86)\Microchip\xc8\v1.34\sources\common\Umul16.c estimated size: 57

C:\Program Files (x86)\Microchip\xc8\v1.34\sources\common\ftadd.c
		___ftadd       		CODE           	103C	0000	639

C:\Program Files (x86)\Microchip\xc8\v1.34\sources\common\ftadd.c estimated size: 639

